Removed Pin From Net: NetName=VCC Pin=C1A-1
Removed Pin From Net: NetName=GND Pin=C1A-2
Removed Pin From Net: NetName=VCC Pin=C1B-1
Removed Pin From Net: NetName=GND Pin=C1B-2
Removed Pin From Net: NetName=VCC Pin=C1C-1
Removed Pin From Net: NetName=GND Pin=C1C-2
Removed Pin From Net: NetName=VCC Pin=C1D-1
Removed Pin From Net: NetName=GND Pin=C1D-2
Removed Pin From Net: NetName=VCC Pin=C1E-1
Removed Pin From Net: NetName=GND Pin=C1E-2
Removed Pin From Net: NetName=VCC Pin=C1F-1
Removed Pin From Net: NetName=GND Pin=C1F-2
Removed Pin From Net: NetName=VCC Pin=C1G-1
Removed Pin From Net: NetName=GND Pin=C1G-2
Removed Pin From Net: NetName=VCC Pin=C1H-1
Removed Pin From Net: NetName=GND Pin=C1H-2
Removed Pin From Net: NetName=VCC Pin=C2A-1
Removed Pin From Net: NetName=GND Pin=C2A-2
Removed Pin From Net: NetName=VCC Pin=C2B-1
Removed Pin From Net: NetName=GND Pin=C2B-2
Removed Pin From Net: NetName=VCC Pin=C2C-1
Removed Pin From Net: NetName=GND Pin=C2C-2
Removed Pin From Net: NetName=VCC Pin=C2D-1
Removed Pin From Net: NetName=GND Pin=C2D-2
Removed Pin From Net: NetName=VCC Pin=C2E-1
Removed Pin From Net: NetName=GND Pin=C2E-2
Removed Pin From Net: NetName=VCC Pin=C2F-1
Removed Pin From Net: NetName=GND Pin=C2F-2
Removed Pin From Net: NetName=VCC Pin=C2G-1
Removed Pin From Net: NetName=GND Pin=C2G-2
Removed Pin From Net: NetName=VCC Pin=C2H-1
Removed Pin From Net: NetName=GND Pin=C2H-2
Removed Pin From Net: NetName=VCC Pin=C9A-1
Removed Pin From Net: NetName=GND Pin=C9A-2
Removed Pin From Net: NetName=VCC Pin=C9B-1
Removed Pin From Net: NetName=GND Pin=C9B-2
Removed Pin From Net: NetName=VCC Pin=C9C-1
Removed Pin From Net: NetName=GND Pin=C9C-2
Removed Pin From Net: NetName=VCC Pin=R1A-1
Removed Pin From Net: NetName=VCC Pin=R1B-1
Removed Pin From Net: NetName=VCC Pin=R1C-1
Removed Pin From Net: NetName=VCC Pin=R1D-1
Removed Pin From Net: NetName=VCC Pin=R1E-1
Removed Pin From Net: NetName=VCC Pin=R1F-1
Removed Pin From Net: NetName=VCC Pin=R1G-1
Removed Pin From Net: NetName=VCC Pin=R1H-1
Removed Pin From Net: NetName=VCC Pin=R2A-2
Removed Pin From Net: NetName=VCC Pin=R2B-2
Removed Pin From Net: NetName=VCC Pin=R2C-2
Removed Pin From Net: NetName=VCC Pin=R2D-2
Removed Pin From Net: NetName=VCC Pin=R2E-2
Removed Pin From Net: NetName=VCC Pin=R2F-2
Removed Pin From Net: NetName=VCC Pin=R2G-2
Removed Pin From Net: NetName=VCC Pin=R2H-2
Removed Pin From Net: NetName=VCC Pin=R3A-1
Removed Pin From Net: NetName=VCC Pin=R3B-1
Removed Pin From Net: NetName=VCC Pin=R3C-1
Removed Pin From Net: NetName=VCC Pin=R3D-1
Removed Pin From Net: NetName=VCC Pin=R3E-1
Removed Pin From Net: NetName=VCC Pin=R3F-1
Removed Pin From Net: NetName=VCC Pin=R3G-1
Removed Pin From Net: NetName=VCC Pin=R3H-1
Removed Pin From Net: NetName=VCC Pin=R4A-2
Removed Pin From Net: NetName=VCC Pin=R4B-2
Removed Pin From Net: NetName=VCC Pin=R4C-2
Removed Pin From Net: NetName=VCC Pin=R4D-2
Removed Pin From Net: NetName=VCC Pin=R4E-2
Removed Pin From Net: NetName=VCC Pin=R4F-2
Removed Pin From Net: NetName=VCC Pin=R4G-2
Removed Pin From Net: NetName=VCC Pin=R4H-2
Removed Pin From Net: NetName=ERROR1 Pin=R14A-2
Removed Pin From Net: NetName=ERROR2 Pin=R14B-2
Removed Pin From Net: NetName=ERROR3 Pin=R14C-2
Removed Pin From Net: NetName=GND Pin=R19A-1
Removed Pin From Net: NetName=ERROR1 Pin=R19A-2
Removed Pin From Net: NetName=GND Pin=R19B-1
Removed Pin From Net: NetName=ERROR2 Pin=R19B-2
Removed Pin From Net: NetName=GND Pin=R19C-1
Removed Pin From Net: NetName=ERROR3 Pin=R19C-2
Removed Pin From Net: NetName=ENABLE Pin=U1A-1
Removed Pin From Net: NetName=GND Pin=U1A-4
Removed Pin From Net: NetName=ENABLE Pin=U1A-7
Removed Pin From Net: NetName=VCC Pin=U1A-8
Removed Pin From Net: NetName=ENABLE Pin=U1B-1
Removed Pin From Net: NetName=GND Pin=U1B-4
Removed Pin From Net: NetName=ENABLE Pin=U1B-7
Removed Pin From Net: NetName=VCC Pin=U1B-8
Removed Pin From Net: NetName=ENABLE Pin=U1C-1
Removed Pin From Net: NetName=GND Pin=U1C-4
Removed Pin From Net: NetName=ENABLE Pin=U1C-7
Removed Pin From Net: NetName=VCC Pin=U1C-8
Removed Pin From Net: NetName=ENABLE Pin=U1D-1
Removed Pin From Net: NetName=GND Pin=U1D-4
Removed Pin From Net: NetName=ENABLE Pin=U1D-7
Removed Pin From Net: NetName=VCC Pin=U1D-8
Removed Pin From Net: NetName=ENABLE Pin=U1E-1
Removed Pin From Net: NetName=GND Pin=U1E-4
Removed Pin From Net: NetName=ENABLE Pin=U1E-7
Removed Pin From Net: NetName=VCC Pin=U1E-8
Removed Pin From Net: NetName=ENABLE Pin=U1F-1
Removed Pin From Net: NetName=GND Pin=U1F-4
Removed Pin From Net: NetName=ENABLE Pin=U1F-7
Removed Pin From Net: NetName=VCC Pin=U1F-8
Removed Pin From Net: NetName=ENABLE Pin=U1G-1
Removed Pin From Net: NetName=GND Pin=U1G-4
Removed Pin From Net: NetName=ENABLE Pin=U1G-7
Removed Pin From Net: NetName=VCC Pin=U1G-8
Removed Pin From Net: NetName=ENABLE Pin=U1H-1
Removed Pin From Net: NetName=GND Pin=U1H-4
Removed Pin From Net: NetName=ENABLE Pin=U1H-7
Removed Pin From Net: NetName=VCC Pin=U1H-8
Change Component Description : Designator=L1 Old Description=WE-CBF SMD EMI Suppression Ferrite Bead, 0805, 600O New Description=WE-CBF SMD EMI Suppression Ferrite Bead, 0805, 600O
Change component parameters: Designator = "L1"; Footprint = "WE-CBF_0805_High Current"; UniqueID = "\KVJEQOFT\SYPGKSDT"
Change component parameters. Clean all parameters for all variants
Change component parameters (AddParameter): Name = "ComponentLink1Description"; Value = "Manufacturer"; VariantName = "[No Variations]"
Change component parameters (AddParameter): Name = "ComponentLink1URL"; Value = "http://www.we-online.de"; VariantName = "[No Variations]"
Change component parameters (AddParameter): Name = "ComponentLink2Description"; Value = "Datasheet"; VariantName = "[No Variations]"
Change component parameters (AddParameter): Name = "ComponentLink2URL"; Value = "http://katalog.we-online.de/pbs/datasheet/742792040.pdf"; VariantName = "[No Variations]"
Change component parameters (AddParameter): Name = "MF"; Value = "Wurth Elektronik"; VariantName = "[No Variations]"
Change component parameters (AddParameter): Name = "MPN"; Value = "742792040"; VariantName = "[No Variations]"
Change component parameters (AddParameter): Name = "PublishedDate"; Value = "Aug 2016"; VariantName = "[No Variations]"
Change component parameters (AddParameter): Name = "Size"; Value = "0805"; VariantName = "[No Variations]"
Change component parameters (AddParameter): Name = "Supplier 1"; Value = "Farnell"; VariantName = "[No Variations]"
Change component parameters (AddParameter): Name = "Supplier 2"; Value = "Mouser"; VariantName = "[No Variations]"
Change component parameters (AddParameter): Name = "Supplier 3"; Value = "Digi-Key"; VariantName = "[No Variations]"
Change component parameters (AddParameter): Name = "Supplier Part Number 1"; Value = "2761567"; VariantName = "[No Variations]"
Change component parameters (AddParameter): Name = "Supplier Part Number 2"; Value = "710-742792040"; VariantName = "[No Variations]"
Change component parameters (AddParameter): Name = "Supplier Part Number 3"; Value = "732-1620-1-ND"; VariantName = "[No Variations]"
Change component parameters (AddParameter): Name = "Type"; Value = "High Current"; VariantName = "[No Variations]"
Change component parameters (AddParameter): Name = "Value"; Value = "600O"; VariantName = "[No Variations]"
Change component parameters: Designator = "C10"; Footprint = "C_0603(1608)100_L"; UniqueID = "\KVJEQOFT\SJEBXQGV"
Change component parameters. Clean all parameters for all variants
Change component parameters (AddParameter): Name = "Case-EIA"; Value = "0603"; VariantName = "[No Variations]"
Change component parameters (AddParameter): Name = "Case-Metric"; Value = "1608"; VariantName = "[No Variations]"
Change component parameters (AddParameter): Name = "Created"; Value = "2018_09_06_AGeiger"; VariantName = "[No Variations]"
Change component parameters (AddParameter): Name = "Dielectric"; Value = "X5R"; VariantName = "[No Variations]"
Change component parameters (AddParameter): Name = "Max Thickness"; Value = "1 mm"; VariantName = "[No Variations]"
Change component parameters (AddParameter): Name = "MF"; Value = "Walsin"; VariantName = "[No Variations]"
Change component parameters (AddParameter): Name = "MPN"; Value = "0603X684K250CT"; VariantName = "[No Variations]"
Change component parameters (AddParameter): Name = "Package"; Value = "0603"; VariantName = "[No Variations]"
Change component parameters (AddParameter): Name = "Supplier 1"; Value = "Mouser"; VariantName = "[No Variations]"
Change component parameters (AddParameter): Name = "Supplier Part Number 1"; Value = "791-0603X684K250CT"; VariantName = "[No Variations]"
Change component parameters (AddParameter): Name = "Technology"; Value = "SMT"; VariantName = "[No Variations]"
Change component parameters (AddParameter): Name = "Tolerance"; Value = "±10%"; VariantName = "[No Variations]"
Change component parameters (AddParameter): Name = "Value"; Value = "680nF"; VariantName = "[No Variations]"
Change component parameters (AddParameter): Name = "Voltage"; Value = "25 V"; VariantName = "[No Variations]"
Change component parameters: Designator = "C11"; Footprint = "C_0603(1608)100_L"; UniqueID = "\KVJEQOFT\QHLUBEQN"
Change component parameters. Clean all parameters for all variants
Change component parameters (AddParameter): Name = "Case-EIA"; Value = "0603"; VariantName = "[No Variations]"
Change component parameters (AddParameter): Name = "Case-Metric"; Value = "1608"; VariantName = "[No Variations]"
Change component parameters (AddParameter): Name = "Created"; Value = "2018_09_06_AGeiger"; VariantName = "[No Variations]"
Change component parameters (AddParameter): Name = "Dielectric"; Value = "C0G"; VariantName = "[No Variations]"
Change component parameters (AddParameter): Name = "Max Thickness"; Value = "1 mm"; VariantName = "[No Variations]"
Change component parameters (AddParameter): Name = "MF"; Value = "Yageo"; VariantName = "[No Variations]"
Change component parameters (AddParameter): Name = "MPN"; Value = "CC0603JRNPO9BN110"; VariantName = "[No Variations]"
Change component parameters (AddParameter): Name = "Package"; Value = "0603"; VariantName = "[No Variations]"
Change component parameters (AddParameter): Name = "Supplier 1"; Value = "Mouser"; VariantName = "[No Variations]"
Change component parameters (AddParameter): Name = "Supplier Part Number 1"; Value = "603-CC603JRNPO9BN110"; VariantName = "[No Variations]"
Change component parameters (AddParameter): Name = "Technology"; Value = "SMT"; VariantName = "[No Variations]"
Change component parameters (AddParameter): Name = "Tolerance"; Value = "±5%"; VariantName = "[No Variations]"
Change component parameters (AddParameter): Name = "Value"; Value = "11pF"; VariantName = "[No Variations]"
Change component parameters (AddParameter): Name = "Voltage"; Value = "50 V"; VariantName = "[No Variations]"
Change component parameters: Designator = "C14"; Footprint = "C_0603(1608)100_L"; UniqueID = "\KVJEQOFT\VTWTKYPO"
Change component parameters. Clean all parameters for all variants
Change component parameters (AddParameter): Name = "Case-EIA"; Value = "0603"; VariantName = "[No Variations]"
Change component parameters (AddParameter): Name = "Case-Metric"; Value = "1608"; VariantName = "[No Variations]"
Change component parameters (AddParameter): Name = "Created"; Value = "2018_09_06_AGeiger"; VariantName = "[No Variations]"
Change component parameters (AddParameter): Name = "Dielectric"; Value = "X5V"; VariantName = "[No Variations]"
Change component parameters (AddParameter): Name = "Max Thickness"; Value = "0.8 mm"; VariantName = "[No Variations]"
Change component parameters (AddParameter): Name = "MF"; Value = "Yageo"; VariantName = "[No Variations]"
Change component parameters (AddParameter): Name = "MPN"; Value = "CC0603MRY5V9BB104"; VariantName = "[No Variations]"
Change component parameters (AddParameter): Name = "Package"; Value = "0603"; VariantName = "[No Variations]"
Change component parameters (AddParameter): Name = "Supplier 1"; Value = "Mouser"; VariantName = "[No Variations]"
Change component parameters (AddParameter): Name = "Supplier Part Number 1"; Value = "603-C0603MRY5V9BB104"; VariantName = "[No Variations]"
Change component parameters (AddParameter): Name = "Technology"; Value = "SMT"; VariantName = "[No Variations]"
Change component parameters (AddParameter): Name = "Tolerance"; Value = "±20%"; VariantName = "[No Variations]"
Change component parameters (AddParameter): Name = "Value"; Value = "100nF"; VariantName = "[No Variations]"
Change component parameters (AddParameter): Name = "Voltage"; Value = "50 V"; VariantName = "[No Variations]"
Change component parameters: Designator = "C15"; Footprint = "C_0603(1608)100_L"; UniqueID = "\KVJEQOFT\CACCSLEP"
Change component parameters. Clean all parameters for all variants
Change component parameters (AddParameter): Name = "Case-EIA"; Value = "0603"; VariantName = "[No Variations]"
Change component parameters (AddParameter): Name = "Case-Metric"; Value = "1608"; VariantName = "[No Variations]"
Change component parameters (AddParameter): Name = "Created"; Value = "2018_09_06_AGeiger"; VariantName = "[No Variations]"
Change component parameters (AddParameter): Name = "Dielectric"; Value = "X5V"; VariantName = "[No Variations]"
Change component parameters (AddParameter): Name = "Max Thickness"; Value = "0.8 mm"; VariantName = "[No Variations]"
Change component parameters (AddParameter): Name = "MF"; Value = "Yageo"; VariantName = "[No Variations]"
Change component parameters (AddParameter): Name = "MPN"; Value = "CC0603MRY5V9BB104"; VariantName = "[No Variations]"
Change component parameters (AddParameter): Name = "Package"; Value = "0603"; VariantName = "[No Variations]"
Change component parameters (AddParameter): Name = "Supplier 1"; Value = "Mouser"; VariantName = "[No Variations]"
Change component parameters (AddParameter): Name = "Supplier Part Number 1"; Value = "603-C0603MRY5V9BB104"; VariantName = "[No Variations]"
Change component parameters (AddParameter): Name = "Technology"; Value = "SMT"; VariantName = "[No Variations]"
Change component parameters (AddParameter): Name = "Tolerance"; Value = "±20%"; VariantName = "[No Variations]"
Change component parameters (AddParameter): Name = "Value"; Value = "100nF"; VariantName = "[No Variations]"
Change component parameters (AddParameter): Name = "Voltage"; Value = "50 V"; VariantName = "[No Variations]"
Change component parameters: Designator = "C18"; Footprint = "C_0603(1608)100_L"; UniqueID = "\KVJEQOFT\EESNQQND"
Change component parameters. Clean all parameters for all variants
Change component parameters (AddParameter): Name = "Case-EIA"; Value = "0603"; VariantName = "[No Variations]"
Change component parameters (AddParameter): Name = "Case-Metric"; Value = "1608"; VariantName = "[No Variations]"
Change component parameters (AddParameter): Name = "Created"; Value = "2018_09_06_AGeiger"; VariantName = "[No Variations]"
Change component parameters (AddParameter): Name = "Dielectric"; Value = "X5R"; VariantName = "[No Variations]"
Change component parameters (AddParameter): Name = "Max Thickness"; Value = "1 mm"; VariantName = "[No Variations]"
Change component parameters (AddParameter): Name = "MF"; Value = "Taiyo Yuden"; VariantName = "[No Variations]"
Change component parameters (AddParameter): Name = "MPN"; Value = "EMK107BJ225KA-T"; VariantName = "[No Variations]"
Change component parameters (AddParameter): Name = "Package"; Value = "0603"; VariantName = "[No Variations]"
Change component parameters (AddParameter): Name = "Supplier 1"; Value = "Mouser"; VariantName = "[No Variations]"
Change component parameters (AddParameter): Name = "Supplier Part Number 1"; Value = "963-EMK107BJ225KA-T"; VariantName = "[No Variations]"
Change component parameters (AddParameter): Name = "Technology"; Value = "SMT"; VariantName = "[No Variations]"
Change component parameters (AddParameter): Name = "Tolerance"; Value = "±10%"; VariantName = "[No Variations]"
Change component parameters (AddParameter): Name = "Value"; Value = "2.2µF"; VariantName = "[No Variations]"
Change component parameters (AddParameter): Name = "Voltage"; Value = "16 V"; VariantName = "[No Variations]"
Added Pin To Net: NetName=DIG_IO_01 Pin=P1-1
Added Pin To Net: NetName=DIG_IO_01 Pin=X1-17
Added Net: Name=DIG_IO_01
Added Pin To Net: NetName=DIG_IO_02 Pin=P1-2
Added Pin To Net: NetName=DIG_IO_02 Pin=X1-18
Added Net: Name=DIG_IO_02
Added Pin To Net: NetName=DIG_IO_03 Pin=P1-3
Added Pin To Net: NetName=DIG_IO_03 Pin=X1-21
Added Net: Name=DIG_IO_03
Added Pin To Net: NetName=DIG_IO_04 Pin=P1-4
Added Pin To Net: NetName=DIG_IO_04 Pin=X1-22
Added Net: Name=DIG_IO_04
Added Pin To Net: NetName=DIG_IO_05 Pin=P1-5
Added Pin To Net: NetName=DIG_IO_05 Pin=X1-25
Added Net: Name=DIG_IO_05
Added Pin To Net: NetName=DIG_IO_06 Pin=P1-6
Added Pin To Net: NetName=DIG_IO_06 Pin=X1-26
Added Net: Name=DIG_IO_06
Added Pin To Net: NetName=DIG_IO_07 Pin=P1-7
Added Pin To Net: NetName=DIG_IO_07 Pin=X1-29
Added Net: Name=DIG_IO_07
Added Pin To Net: NetName=DIG_IO_08 Pin=P1-8
Added Pin To Net: NetName=DIG_IO_08 Pin=X1-30
Added Net: Name=DIG_IO_08
Added Pin To Net: NetName=DIG_IO_09 Pin=P1-9
Added Pin To Net: NetName=DIG_IO_09 Pin=X1-33
Added Net: Name=DIG_IO_09
Added Pin To Net: NetName=DIG_IO_10 Pin=P1-10
Added Pin To Net: NetName=DIG_IO_10 Pin=X1-34
Added Net: Name=DIG_IO_10
Added Pin To Net: NetName=DIG_IO_11 Pin=P1-11
Added Pin To Net: NetName=DIG_IO_11 Pin=X1-37
Added Net: Name=DIG_IO_11
Added Pin To Net: NetName=DIG_IO_12 Pin=P1-12
Added Pin To Net: NetName=DIG_IO_12 Pin=X1-38
Added Net: Name=DIG_IO_12
Added Pin To Net: NetName=DIG_IO_13 Pin=P1-13
Added Pin To Net: NetName=DIG_IO_13 Pin=X1-41
Added Net: Name=DIG_IO_13
Added Pin To Net: NetName=DIG_IO_14 Pin=P1-14
Added Pin To Net: NetName=DIG_IO_14 Pin=X1-42
Added Net: Name=DIG_IO_14
Added Pin To Net: NetName=DIG_IO_15 Pin=P1-15
Added Pin To Net: NetName=DIG_IO_15 Pin=X1-45
Added Net: Name=DIG_IO_15
Added Pin To Net: NetName=DIG_IO_16 Pin=P1-16
Added Pin To Net: NetName=DIG_IO_16 Pin=X1-46
Added Net: Name=DIG_IO_16
Change Room Name: Old Name=U_Board2Board New Name=TopSheet
Change Room Scope: Old Scope=InComponentClass('U_Board2Board') New Scope=InComponentClass('TopSheet')
Added Room: Name=Connector
Added Room: Name=Power
