Replace Part C1 C_X7R_MEDIUM in D:\altium\ultrazohm_digital_voltage_3U_1vxx\PowerPinsBlockingLED.SchDoc with C_X7R_MEDIUM from standard_rlc.IntLib
Replace Part C2 C_X7R_MEDIUM in D:\altium\ultrazohm_digital_voltage_3U_1vxx\PowerPinsBlockingLED.SchDoc with C_X7R_MEDIUM from standard_rlc.IntLib
Replace Part C3 C_X7R_MEDIUM in D:\altium\ultrazohm_digital_voltage_3U_1vxx\PowerPinsBlockingLED.SchDoc with C_X7R_MEDIUM from standard_rlc.IntLib
Replace Part C4 C_X7R_MEDIUM in D:\altium\ultrazohm_digital_voltage_3U_1vxx\PowerPinsBlockingLED.SchDoc with C_X7R_MEDIUM from standard_rlc.IntLib
Replace Part C5 C_X7R_MEDIUM in D:\altium\ultrazohm_digital_voltage_3U_1vxx\PowerPinsBlockingLED.SchDoc with C_X7R_MEDIUM from standard_rlc.IntLib
Replace Part C6 C_X7R_MEDIUM in D:\altium\ultrazohm_digital_voltage_3U_1vxx\PowerPinsBlockingLED.SchDoc with C_X7R_MEDIUM from standard_rlc.IntLib
Replace Part C7 C_X7R_MEDIUM in D:\altium\ultrazohm_digital_voltage_3U_1vxx\PowerPinsBlockingLED.SchDoc with C_X7R_MEDIUM from standard_rlc.IntLib
Replace Part C8 C_X7R_MEDIUM in D:\altium\ultrazohm_digital_voltage_3U_1vxx\PowerPinsBlockingLED.SchDoc with C_X7R_MEDIUM from standard_rlc.IntLib
Replace Part C9 C_X7R_MEDIUM in D:\altium\ultrazohm_digital_voltage_3U_1vxx\PowerPinsBlockingLED.SchDoc with C_X7R_MEDIUM from standard_rlc.IntLib
Replace Part C10 C_X7R_MEDIUM in D:\altium\ultrazohm_digital_voltage_3U_1vxx\PowerPinsBlockingLED.SchDoc with C_X7R_MEDIUM from standard_rlc.IntLib
Replace Part C11 C_X7R_MEDIUM in D:\altium\ultrazohm_digital_voltage_3U_1vxx\PowerPinsBlockingLED.SchDoc with C_X7R_MEDIUM from standard_rlc.IntLib
Replace Part C12 C_X7R_MEDIUM in D:\altium\ultrazohm_digital_voltage_3U_1vxx\PowerPinsBlockingLED.SchDoc with C_X7R_MEDIUM from standard_rlc.IntLib
Replace Part C13 C_X7R_MEDIUM in D:\altium\ultrazohm_digital_voltage_3U_1vxx\PowerPinsBlockingLED.SchDoc with C_X7R_MEDIUM from standard_rlc.IntLib
Replace Part C14 C_X7R_MEDIUM in D:\altium\ultrazohm_digital_voltage_3U_1vxx\PowerPinsBlockingLED.SchDoc with C_X7R_MEDIUM from standard_rlc.IntLib
Replace Part C15 C_X7R_MEDIUM in D:\altium\ultrazohm_digital_voltage_3U_1vxx\PowerPinsBlockingLED.SchDoc with C_X7R_MEDIUM from standard_rlc.IntLib
Replace Part C16 C_X7R_MEDIUM in D:\altium\ultrazohm_digital_voltage_3U_1vxx\PowerPinsBlockingLED.SchDoc with C_X7R_MEDIUM from standard_rlc.IntLib
Replace Part D1 LED_Amber in D:\altium\ultrazohm_digital_voltage_3U_1vxx\PowerPinsBlockingLED.SchDoc with LED_Amber from optoelectronics.IntLib
Replace Part D2 LED_Blue in D:\altium\ultrazohm_digital_voltage_3U_1vxx\PowerPinsBlockingLED.SchDoc with LED_Blue from optoelectronics.IntLib
Replace Part D3 LED_Green in D:\altium\ultrazohm_digital_voltage_3U_1vxx\PowerPinsBlockingLED.SchDoc with LED_Green from optoelectronics.IntLib
Replace Part D4 LED_Red in D:\altium\ultrazohm_digital_voltage_3U_1vxx\PowerPinsBlockingLED.SchDoc with LED_Red from optoelectronics.IntLib
Replace Part D5 LED_Yellow in D:\altium\ultrazohm_digital_voltage_3U_1vxx\PowerPinsBlockingLED.SchDoc with LED_Yellow from optoelectronics.IntLib
Replace Part P1 PinHeader1 in D:\altium\ultrazohm_digital_voltage_3U_1vxx\PowerPinsBlockingLED.SchDoc with PinHeader1 from connectors.IntLib
Replace Part P2 PinHeader1 in D:\altium\ultrazohm_digital_voltage_3U_1vxx\PowerPinsBlockingLED.SchDoc with PinHeader1 from connectors.IntLib
Replace Part P3 PinHeader1 in D:\altium\ultrazohm_digital_voltage_3U_1vxx\PowerPinsBlockingLED.SchDoc with PinHeader1 from connectors.IntLib
Replace Part P4 PinHeader1 in D:\altium\ultrazohm_digital_voltage_3U_1vxx\PowerPinsBlockingLED.SchDoc with PinHeader1 from connectors.IntLib
Replace Part P5 PinHeader1 in D:\altium\ultrazohm_digital_voltage_3U_1vxx\PowerPinsBlockingLED.SchDoc with PinHeader1 from connectors.IntLib
Replace Part P6 PinHeader1 in D:\altium\ultrazohm_digital_voltage_3U_1vxx\PowerPinsBlockingLED.SchDoc with PinHeader1 from connectors.IntLib
Replace Part P7 PinHeader1 in D:\altium\ultrazohm_digital_voltage_3U_1vxx\PowerPinsBlockingLED.SchDoc with PinHeader1 from connectors.IntLib
Replace Part P8 PinHeader1 in D:\altium\ultrazohm_digital_voltage_3U_1vxx\PowerPinsBlockingLED.SchDoc with PinHeader1 from connectors.IntLib
Replace Part P9 PinHeader1 in D:\altium\ultrazohm_digital_voltage_3U_1vxx\PowerPinsBlockingLED.SchDoc with PinHeader1 from connectors.IntLib
Replace Part P10 PinHeader1 in D:\altium\ultrazohm_digital_voltage_3U_1vxx\PowerPinsBlockingLED.SchDoc with PinHeader1 from connectors.IntLib
Replace Part P11 PinHeader1 in D:\altium\ultrazohm_digital_voltage_3U_1vxx\PowerPinsBlockingLED.SchDoc with PinHeader1 from connectors.IntLib
Replace Part P12 PinHeader1 in D:\altium\ultrazohm_digital_voltage_3U_1vxx\PowerPinsBlockingLED.SchDoc with PinHeader1 from connectors.IntLib
Replace Part P13 PinHeader1 in D:\altium\ultrazohm_digital_voltage_3U_1vxx\PowerPinsBlockingLED.SchDoc with PinHeader1 from connectors.IntLib
Replace Part R9 R_0.1W_SMD in D:\altium\ultrazohm_digital_voltage_3U_1vxx\PowerPinsBlockingLED.SchDoc with R_0.1W_SMD from standard_rlc.IntLib
Replace Part R10 R_0.1W_SMD in D:\altium\ultrazohm_digital_voltage_3U_1vxx\PowerPinsBlockingLED.SchDoc with R_0.1W_SMD from standard_rlc.IntLib
Replace Part R11 R_0.1W_SMD in D:\altium\ultrazohm_digital_voltage_3U_1vxx\PowerPinsBlockingLED.SchDoc with R_0.1W_SMD from standard_rlc.IntLib
Replace Part R12 R_0.1W_SMD in D:\altium\ultrazohm_digital_voltage_3U_1vxx\PowerPinsBlockingLED.SchDoc with R_0.1W_SMD from standard_rlc.IntLib
Replace Part R13 R_0.1W_SMD in D:\altium\ultrazohm_digital_voltage_3U_1vxx\PowerPinsBlockingLED.SchDoc with R_0.1W_SMD from standard_rlc.IntLib
Replace Part R40 8xR-Array_1_part in D:\altium\ultrazohm_digital_voltage_3U_1vxx\PowerPinsBlockingLED.SchDoc with 8xR-Array_1_part from standard_rlc.IntLib
