Change Pin Designator/Name:  Old Designator=NT1-1 Old Name=1 New Designator =2 New Name=2
Change Pin Designator/Name:  Old Designator=NT1-2 Old Name=2 New Designator =1 New Name=1
Change Pin Designator/Name:  Old Designator=NT2-1 Old Name=1 New Designator =2 New Name=2
Change Pin Designator/Name:  Old Designator=NT2-2 Old Name=2 New Designator =1 New Name=1
Change Pin Designator/Name:  Old Designator=NT3-1 Old Name=1 New Designator =2 New Name=2
Change Pin Designator/Name:  Old Designator=NT3-2 Old Name=2 New Designator =1 New Name=1
Change Pin Designator/Name:  Old Designator=NT4-1 Old Name=1 New Designator =2 New Name=2
Change Pin Designator/Name:  Old Designator=NT4-2 Old Name=2 New Designator =1 New Name=1
Change Pin Designator/Name:  Old Designator=NT6-1 Old Name=1 New Designator =2 New Name=2
Change Pin Designator/Name:  Old Designator=NT6-2 Old Name=2 New Designator =1 New Name=1
Change Pin Designator/Name:  Old Designator=NT8-1 Old Name=1 New Designator =2 New Name=2
Change Pin Designator/Name:  Old Designator=NT8-2 Old Name=2 New Designator =1 New Name=1
Change Pin Designator/Name:  Old Designator=NT9-1 Old Name=1 New Designator =2 New Name=2
Change Pin Designator/Name:  Old Designator=NT9-2 Old Name=2 New Designator =1 New Name=1
Change Pin Designator/Name:  Old Designator=NT11-1 Old Name=1 New Designator =2 New Name=2
Change Pin Designator/Name:  Old Designator=NT11-2 Old Name=2 New Designator =1 New Name=1
Change Pin Designator/Name:  Old Designator=NT12-1 Old Name=1 New Designator =2 New Name=2
Change Pin Designator/Name:  Old Designator=NT12-2 Old Name=2 New Designator =1 New Name=1
Change Pin Designator/Name:  Old Designator=NT13-1 Old Name=1 New Designator =2 New Name=2
Change Pin Designator/Name:  Old Designator=NT13-2 Old Name=2 New Designator =1 New Name=1
Change Pin Designator/Name:  Old Designator=NT14-1 Old Name=1 New Designator =2 New Name=2
Change Pin Designator/Name:  Old Designator=NT14-2 Old Name=2 New Designator =1 New Name=1
Change Pin Designator/Name:  Old Designator=NT17-1 Old Name=1 New Designator =2 New Name=2
Change Pin Designator/Name:  Old Designator=NT17-2 Old Name=2 New Designator =1 New Name=1
Change Pin Designator/Name:  Old Designator=NT18-1 Old Name=1 New Designator =2 New Name=2
Change Pin Designator/Name:  Old Designator=NT18-2 Old Name=2 New Designator =1 New Name=1
Change Pin Designator/Name:  Old Designator=NT20-1 Old Name=1 New Designator =2 New Name=2
Change Pin Designator/Name:  Old Designator=NT20-2 Old Name=2 New Designator =1 New Name=1
Change Pin Designator/Name:  Old Designator=NT23-1 Old Name=1 New Designator =2 New Name=2
Change Pin Designator/Name:  Old Designator=NT23-2 Old Name=2 New Designator =1 New Name=1
Change Pin Designator/Name:  Old Designator=NT24-1 Old Name=1 New Designator =2 New Name=2
Change Pin Designator/Name:  Old Designator=NT24-2 Old Name=2 New Designator =1 New Name=1
Change Pin Designator/Name:  Old Designator=NT25-1 Old Name=1 New Designator =2 New Name=2
Change Pin Designator/Name:  Old Designator=NT25-2 Old Name=2 New Designator =1 New Name=1
Change Pin Designator/Name:  Old Designator=NT27-1 Old Name=1 New Designator =2 New Name=2
Change Pin Designator/Name:  Old Designator=NT27-2 Old Name=2 New Designator =1 New Name=1
Change Pin Designator/Name:  Old Designator=NT29-1 Old Name=1 New Designator =2 New Name=2
Change Pin Designator/Name:  Old Designator=NT29-2 Old Name=2 New Designator =1 New Name=1
Change Pin Designator/Name:  Old Designator=NT30-1 Old Name=1 New Designator =2 New Name=2
Change Pin Designator/Name:  Old Designator=NT30-2 Old Name=2 New Designator =1 New Name=1
Change Pin Designator/Name:  Old Designator=R14-1 Old Name=1 New Designator =16 New Name=16
Change Pin Designator/Name:  Old Designator=R14-2 Old Name=2 New Designator =15 New Name=15
Change Pin Designator/Name:  Old Designator=R14-3 Old Name=3 New Designator =14 New Name=14
Change Pin Designator/Name:  Old Designator=R14-4 Old Name=4 New Designator =13 New Name=13
Change Pin Designator/Name:  Old Designator=R14-5 Old Name=5 New Designator =12 New Name=12
Change Pin Designator/Name:  Old Designator=R14-6 Old Name=6 New Designator =11 New Name=11
Change Pin Designator/Name:  Old Designator=R14-7 Old Name=7 New Designator =10 New Name=10
Change Pin Designator/Name:  Old Designator=R14-8 Old Name=8 New Designator =9 New Name=9
Change Pin Designator/Name:  Old Designator=R14-9 Old Name=9 New Designator =8 New Name=8
Change Pin Designator/Name:  Old Designator=R14-10 Old Name=10 New Designator =7 New Name=7
Change Pin Designator/Name:  Old Designator=R14-11 Old Name=11 New Designator =6 New Name=6
Change Pin Designator/Name:  Old Designator=R14-12 Old Name=12 New Designator =5 New Name=5
Change Pin Designator/Name:  Old Designator=R14-13 Old Name=13 New Designator =4 New Name=4
Change Pin Designator/Name:  Old Designator=R14-14 Old Name=14 New Designator =3 New Name=3
Change Pin Designator/Name:  Old Designator=R14-15 Old Name=15 New Designator =2 New Name=2
Change Pin Designator/Name:  Old Designator=R14-16 Old Name=16 New Designator =1 New Name=1
Change Pin Designator/Name:  Old Designator=R16-1 Old Name=1 New Designator =16 New Name=16
Change Pin Designator/Name:  Old Designator=R16-2 Old Name=2 New Designator =15 New Name=15
Change Pin Designator/Name:  Old Designator=R16-3 Old Name=3 New Designator =14 New Name=14
Change Pin Designator/Name:  Old Designator=R16-4 Old Name=4 New Designator =13 New Name=13
Change Pin Designator/Name:  Old Designator=R16-5 Old Name=5 New Designator =12 New Name=12
Change Pin Designator/Name:  Old Designator=R16-8 Old Name=8 New Designator =9 New Name=9
Change Pin Designator/Name:  Old Designator=R16-9 Old Name=9 New Designator =8 New Name=8
Change Pin Designator/Name:  Old Designator=R16-12 Old Name=12 New Designator =5 New Name=5
Change Pin Designator/Name:  Old Designator=R16-13 Old Name=13 New Designator =4 New Name=4
Change Pin Designator/Name:  Old Designator=R16-14 Old Name=14 New Designator =3 New Name=3
Change Pin Designator/Name:  Old Designator=R16-15 Old Name=15 New Designator =2 New Name=2
Change Pin Designator/Name:  Old Designator=R16-16 Old Name=16 New Designator =1 New Name=1
Change Pin Designator/Name:  Old Designator=R17-1 Old Name=1 New Designator =16 New Name=16
Change Pin Designator/Name:  Old Designator=R17-2 Old Name=2 New Designator =15 New Name=15
Change Pin Designator/Name:  Old Designator=R17-3 Old Name=3 New Designator =14 New Name=14
Change Pin Designator/Name:  Old Designator=R17-4 Old Name=4 New Designator =13 New Name=13
Change Pin Designator/Name:  Old Designator=R17-5 Old Name=5 New Designator =12 New Name=12
Change Pin Designator/Name:  Old Designator=R17-6 Old Name=6 New Designator =11 New Name=11
Change Pin Designator/Name:  Old Designator=R17-7 Old Name=7 New Designator =10 New Name=10
Change Pin Designator/Name:  Old Designator=R17-8 Old Name=8 New Designator =9 New Name=9
Change Pin Designator/Name:  Old Designator=R17-9 Old Name=9 New Designator =8 New Name=8
Change Pin Designator/Name:  Old Designator=R17-10 Old Name=10 New Designator =7 New Name=7
Change Pin Designator/Name:  Old Designator=R17-11 Old Name=11 New Designator =6 New Name=6
Change Pin Designator/Name:  Old Designator=R17-12 Old Name=12 New Designator =5 New Name=5
Change Pin Designator/Name:  Old Designator=R17-13 Old Name=13 New Designator =4 New Name=4
Change Pin Designator/Name:  Old Designator=R17-14 Old Name=14 New Designator =3 New Name=3
Change Pin Designator/Name:  Old Designator=R17-15 Old Name=15 New Designator =2 New Name=2
Change Pin Designator/Name:  Old Designator=R17-16 Old Name=16 New Designator =1 New Name=1
Change Pin Designator/Name:  Old Designator=R15-1 Old Name=1 New Designator =16 New Name=16
Change Pin Designator/Name:  Old Designator=R15-2 Old Name=2 New Designator =15 New Name=15
Change Pin Designator/Name:  Old Designator=R15-3 Old Name=3 New Designator =14 New Name=14
Change Pin Designator/Name:  Old Designator=R15-4 Old Name=4 New Designator =13 New Name=13
Change Pin Designator/Name:  Old Designator=R15-5 Old Name=5 New Designator =12 New Name=12
Change Pin Designator/Name:  Old Designator=R15-6 Old Name=6 New Designator =11 New Name=11
Change Pin Designator/Name:  Old Designator=R15-7 Old Name=7 New Designator =10 New Name=10
Change Pin Designator/Name:  Old Designator=R15-8 Old Name=8 New Designator =9 New Name=9
Change Pin Designator/Name:  Old Designator=R15-9 Old Name=9 New Designator =8 New Name=8
Change Pin Designator/Name:  Old Designator=R15-10 Old Name=10 New Designator =7 New Name=7
Change Pin Designator/Name:  Old Designator=R15-11 Old Name=11 New Designator =6 New Name=6
Change Pin Designator/Name:  Old Designator=R15-12 Old Name=12 New Designator =5 New Name=5
Change Pin Designator/Name:  Old Designator=R15-13 Old Name=13 New Designator =4 New Name=4
Change Pin Designator/Name:  Old Designator=R15-14 Old Name=14 New Designator =3 New Name=3
Change Pin Designator/Name:  Old Designator=R15-15 Old Name=15 New Designator =2 New Name=2
Change Pin Designator/Name:  Old Designator=R15-16 Old Name=16 New Designator =1 New Name=1
Change Pin Designator/Name:  Old Designator=R18A-1 Old Name=1 New Designator =3 New Name=3
Change Pin Designator/Name:  Old Designator=R18B-2 Old Name=2 New Designator =4 New Name=4
Change Pin Designator/Name:  Old Designator=R18C-3 Old Name=3 New Designator =5 New Name=5
Change Pin Designator/Name:  Old Designator=R18D-4 Old Name=4 New Designator =6 New Name=6
Change Pin Designator/Name:  Old Designator=R18E-5 Old Name=5 New Designator =7 New Name=7
Change Pin Designator/Name:  Old Designator=R18F-6 Old Name=6 New Designator =8 New Name=8
Change Pin Designator/Name:  Old Designator=R18G-7 Old Name=7 New Designator =1 New Name=1
Change Pin Designator/Name:  Old Designator=R18H-8 Old Name=8 New Designator =2 New Name=2
Change Pin Designator/Name:  Old Designator=R18H-9 Old Name=9 New Designator =15 New Name=15
Change Pin Designator/Name:  Old Designator=R18G-10 Old Name=10 New Designator =16 New Name=16
Change Pin Designator/Name:  Old Designator=R18F-11 Old Name=11 New Designator =9 New Name=9
Change Pin Designator/Name:  Old Designator=R18E-12 Old Name=12 New Designator =10 New Name=10
Change Pin Designator/Name:  Old Designator=R18D-13 Old Name=13 New Designator =11 New Name=11
Change Pin Designator/Name:  Old Designator=R18C-14 Old Name=14 New Designator =12 New Name=12
Change Pin Designator/Name:  Old Designator=R18B-15 Old Name=15 New Designator =13 New Name=13
Change Pin Designator/Name:  Old Designator=R18A-16 Old Name=16 New Designator =14 New Name=14
Change Pin Designator/Name:  Old Designator=R19A-1 Old Name=1 New Designator =3 New Name=3
Change Pin Designator/Name:  Old Designator=R19B-2 Old Name=2 New Designator =4 New Name=4
Change Pin Designator/Name:  Old Designator=R19C-3 Old Name=3 New Designator =5 New Name=5
Change Pin Designator/Name:  Old Designator=R19D-4 Old Name=4 New Designator =6 New Name=6
Change Pin Designator/Name:  Old Designator=R19E-5 Old Name=5 New Designator =7 New Name=7
Change Pin Designator/Name:  Old Designator=R19F-6 Old Name=6 New Designator =8 New Name=8
Change Pin Designator/Name:  Old Designator=R19G-7 Old Name=7 New Designator =1 New Name=1
Change Pin Designator/Name:  Old Designator=R19H-8 Old Name=8 New Designator =2 New Name=2
Change Pin Designator/Name:  Old Designator=R19H-9 Old Name=9 New Designator =15 New Name=15
Change Pin Designator/Name:  Old Designator=R19G-10 Old Name=10 New Designator =16 New Name=16
Change Pin Designator/Name:  Old Designator=R19F-11 Old Name=11 New Designator =9 New Name=9
Change Pin Designator/Name:  Old Designator=R19E-12 Old Name=12 New Designator =10 New Name=10
Change Pin Designator/Name:  Old Designator=R19D-13 Old Name=13 New Designator =11 New Name=11
Change Pin Designator/Name:  Old Designator=R19C-14 Old Name=14 New Designator =12 New Name=12
Change Pin Designator/Name:  Old Designator=R19B-15 Old Name=15 New Designator =13 New Name=13
Change Pin Designator/Name:  Old Designator=R19A-16 Old Name=16 New Designator =14 New Name=14
Change Pin Designator/Name:  Old Designator=R20A-1 Old Name=1 New Designator =3 New Name=3
Change Pin Designator/Name:  Old Designator=R20B-2 Old Name=2 New Designator =4 New Name=4
Change Pin Designator/Name:  Old Designator=R20C-3 Old Name=3 New Designator =5 New Name=5
Change Pin Designator/Name:  Old Designator=R20D-4 Old Name=4 New Designator =6 New Name=6
Change Pin Designator/Name:  Old Designator=R20E-5 Old Name=5 New Designator =7 New Name=7
Change Pin Designator/Name:  Old Designator=R20F-6 Old Name=6 New Designator =8 New Name=8
Change Pin Designator/Name:  Old Designator=R20G-7 Old Name=7 New Designator =1 New Name=1
Change Pin Designator/Name:  Old Designator=R20H-8 Old Name=8 New Designator =2 New Name=2
Change Pin Designator/Name:  Old Designator=R20H-9 Old Name=9 New Designator =15 New Name=15
Change Pin Designator/Name:  Old Designator=R20G-10 Old Name=10 New Designator =16 New Name=16
Change Pin Designator/Name:  Old Designator=R20F-11 Old Name=11 New Designator =9 New Name=9
Change Pin Designator/Name:  Old Designator=R20E-12 Old Name=12 New Designator =10 New Name=10
Change Pin Designator/Name:  Old Designator=R20D-13 Old Name=13 New Designator =11 New Name=11
Change Pin Designator/Name:  Old Designator=R20C-14 Old Name=14 New Designator =12 New Name=12
Change Pin Designator/Name:  Old Designator=R20B-15 Old Name=15 New Designator =13 New Name=13
Change Pin Designator/Name:  Old Designator=R20A-16 Old Name=16 New Designator =14 New Name=14
Change Pin Designator/Name:  Old Designator=R29B-2 Old Name=2 New Designator =4 New Name=4
Change Pin Designator/Name:  Old Designator=R29D-4 Old Name=4 New Designator =2 New Name=2
Change Pin Designator/Name:  Old Designator=R29D-13 Old Name=13 New Designator =15 New Name=15
Change Pin Designator/Name:  Old Designator=R29B-15 Old Name=15 New Designator =13 New Name=13
