Change Pin Designator/Name:  Old Designator=R7A-1 Old Name=1 New Designator =3 New Name=3
Change Pin Designator/Name:  Old Designator=R7B-2 Old Name=2 New Designator =4 New Name=4
Change Pin Designator/Name:  Old Designator=R7C-3 Old Name=3 New Designator =5 New Name=5
Change Pin Designator/Name:  Old Designator=R7D-4 Old Name=4 New Designator =6 New Name=6
Change Pin Designator/Name:  Old Designator=R7E-5 Old Name=5 New Designator =7 New Name=7
Change Pin Designator/Name:  Old Designator=R7F-6 Old Name=6 New Designator =8 New Name=8
Change Pin Designator/Name:  Old Designator=R7G-7 Old Name=7 New Designator =1 New Name=1
Change Pin Designator/Name:  Old Designator=R7H-8 Old Name=8 New Designator =2 New Name=2
Change Pin Designator/Name:  Old Designator=R7H-9 Old Name=9 New Designator =15 New Name=15
Change Pin Designator/Name:  Old Designator=R7G-10 Old Name=10 New Designator =16 New Name=16
Change Pin Designator/Name:  Old Designator=R7F-11 Old Name=11 New Designator =9 New Name=9
Change Pin Designator/Name:  Old Designator=R7E-12 Old Name=12 New Designator =10 New Name=10
Change Pin Designator/Name:  Old Designator=R7D-13 Old Name=13 New Designator =11 New Name=11
Change Pin Designator/Name:  Old Designator=R7C-14 Old Name=14 New Designator =12 New Name=12
Change Pin Designator/Name:  Old Designator=R7B-15 Old Name=15 New Designator =13 New Name=13
Change Pin Designator/Name:  Old Designator=R7A-16 Old Name=16 New Designator =14 New Name=14
Change Pin Designator/Name:  Old Designator=R8A-1 Old Name=1 New Designator =3 New Name=3
Change Pin Designator/Name:  Old Designator=R8B-2 Old Name=2 New Designator =4 New Name=4
Change Pin Designator/Name:  Old Designator=R8C-3 Old Name=3 New Designator =5 New Name=5
Change Pin Designator/Name:  Old Designator=R8D-4 Old Name=4 New Designator =6 New Name=6
Change Pin Designator/Name:  Old Designator=R8E-5 Old Name=5 New Designator =7 New Name=7
Change Pin Designator/Name:  Old Designator=R8F-6 Old Name=6 New Designator =8 New Name=8
Change Pin Designator/Name:  Old Designator=R8G-7 Old Name=7 New Designator =1 New Name=1
Change Pin Designator/Name:  Old Designator=R8H-8 Old Name=8 New Designator =2 New Name=2
Change Pin Designator/Name:  Old Designator=R8H-9 Old Name=9 New Designator =15 New Name=15
Change Pin Designator/Name:  Old Designator=R8G-10 Old Name=10 New Designator =16 New Name=16
Change Pin Designator/Name:  Old Designator=R8F-11 Old Name=11 New Designator =9 New Name=9
Change Pin Designator/Name:  Old Designator=R8E-12 Old Name=12 New Designator =10 New Name=10
Change Pin Designator/Name:  Old Designator=R8D-13 Old Name=13 New Designator =11 New Name=11
Change Pin Designator/Name:  Old Designator=R8C-14 Old Name=14 New Designator =12 New Name=12
Change Pin Designator/Name:  Old Designator=R8B-15 Old Name=15 New Designator =13 New Name=13
Change Pin Designator/Name:  Old Designator=R8A-16 Old Name=16 New Designator =14 New Name=14
Change Pin Designator/Name:  Old Designator=R9A-1 Old Name=1 New Designator =3 New Name=3
Change Pin Designator/Name:  Old Designator=R9B-2 Old Name=2 New Designator =4 New Name=4
Change Pin Designator/Name:  Old Designator=R9C-3 Old Name=3 New Designator =5 New Name=5
Change Pin Designator/Name:  Old Designator=R9D-4 Old Name=4 New Designator =6 New Name=6
Change Pin Designator/Name:  Old Designator=R9E-5 Old Name=5 New Designator =7 New Name=7
Change Pin Designator/Name:  Old Designator=R9F-6 Old Name=6 New Designator =8 New Name=8
Change Pin Designator/Name:  Old Designator=R9G-7 Old Name=7 New Designator =1 New Name=1
Change Pin Designator/Name:  Old Designator=R9H-8 Old Name=8 New Designator =2 New Name=2
Change Pin Designator/Name:  Old Designator=R9H-9 Old Name=9 New Designator =15 New Name=15
Change Pin Designator/Name:  Old Designator=R9G-10 Old Name=10 New Designator =16 New Name=16
Change Pin Designator/Name:  Old Designator=R9F-11 Old Name=11 New Designator =9 New Name=9
Change Pin Designator/Name:  Old Designator=R9E-12 Old Name=12 New Designator =10 New Name=10
Change Pin Designator/Name:  Old Designator=R9D-13 Old Name=13 New Designator =11 New Name=11
Change Pin Designator/Name:  Old Designator=R9C-14 Old Name=14 New Designator =12 New Name=12
Change Pin Designator/Name:  Old Designator=R9B-15 Old Name=15 New Designator =13 New Name=13
Change Pin Designator/Name:  Old Designator=R9A-16 Old Name=16 New Designator =14 New Name=14
