Change Component Physical Designator: Old Designator=C1A New Designator=C1_LS5V_A
Change Component Physical Designator: Old Designator=C1A New Designator=C1_LS15VA
Change Component Physical Designator: Old Designator=C1B New Designator=C1_LS5V_B
Change Component Physical Designator: Old Designator=C1B New Designator=C1_LS15VB
Change Component Physical Designator: Old Designator=C1C New Designator=C1_LS15VC
Change Component Physical Designator: Old Designator=C1D New Designator=C1_LS15VD
Change Component Physical Designator: Old Designator=C1E New Designator=C1_LS15VE
Change Component Physical Designator: Old Designator=C2A New Designator=C2_LS5V_A
Change Component Physical Designator: Old Designator=C2A New Designator=C2_LS15VA
Change Component Physical Designator: Old Designator=C2B New Designator=C2_LS5V_B
Change Component Physical Designator: Old Designator=C2B New Designator=C2_LS15VB
Change Component Physical Designator: Old Designator=C2C New Designator=C2_LS15VC
Change Component Physical Designator: Old Designator=C2D New Designator=C2_LS15VD
Change Component Physical Designator: Old Designator=C2E New Designator=C2_LS15VE
Change Component Physical Designator: Old Designator=C3A New Designator=C3_LS5V_A
Change Component Physical Designator: Old Designator=C3A New Designator=C3_RS422A
Change Component Physical Designator: Old Designator=C3B New Designator=C3_LS5V_B
Change Component Physical Designator: Old Designator=C3B New Designator=C3_RS422B
Change Component Physical Designator: Old Designator=C3C New Designator=C3_RS422C
Change Component Physical Designator: Old Designator=C3D New Designator=C3_RS422D
Change Component Physical Designator: Old Designator=C3E New Designator=C3_RS422E
Change Component Physical Designator: Old Designator=C3F New Designator=C3_RS422F
Change Component Physical Designator: Old Designator=C3G New Designator=C3_RS422G
Change Component Physical Designator: Old Designator=C3H New Designator=C3_RS4228
Change Component Physical Designator: Old Designator=C4A New Designator=C4_LS5V_A
Change Component Physical Designator: Old Designator=C4B New Designator=C4_LS5V_B
Change Component Physical Designator: Old Designator=R1A New Designator=R1_LS5V_A
Change Component Physical Designator: Old Designator=R1B New Designator=R1_LS5V_B
Change Component Physical Designator: Old Designator=R2A New Designator=R2_LS5V_A
Change Component Physical Designator: Old Designator=R2B New Designator=R2_LS5V_B
Change Component Physical Designator: Old Designator=R3A New Designator=R3_LS5V_A
Change Component Physical Designator: Old Designator=R3B New Designator=R3_LS5V_B
Change Component Physical Designator: Old Designator=R4A New Designator=R4_LS5V_A
Change Component Physical Designator: Old Designator=R4B New Designator=R4_LS5V_B
Change Component Physical Designator: Old Designator=U1A New Designator=U1_LS5V_A
Change Component Physical Designator: Old Designator=U1A New Designator=U1_LS15VA
Change Component Physical Designator: Old Designator=U1B New Designator=U1_LS5V_B
Change Component Physical Designator: Old Designator=U1B New Designator=U1_LS15VB
Change Component Physical Designator: Old Designator=U1C New Designator=U1_LS15VC
Change Component Physical Designator: Old Designator=U1D New Designator=U1_LS15VD
Change Component Physical Designator: Old Designator=U1E New Designator=U1_LS15VE
