Removed Pin From Net: NetName=UNTERM1 Pin=R15-1
Removed Pin From Net: NetName=UNTERM2 Pin=R15-2
Removed Pin From Net: NetName=UNTERM3 Pin=R15-3
Removed Pin From Net: NetName=UNTERM4 Pin=R15-4
Removed Pin From Net: NetName=UNTERM5 Pin=R15-5
Removed Pin From Net: NetName=UNTERM6 Pin=R15-6
Removed Pin From Net: NetName=UNTERM7 Pin=R15-7
Removed Pin From Net: NetName=UNTERM8 Pin=R15-8
Removed Pin From Net: NetName=DIG_IO_P8 Pin=R15-9
Removed Pin From Net: NetName=DIG_IO_P7 Pin=R15-10
Removed Pin From Net: NetName=DIG_IO_P6 Pin=R15-11
Removed Pin From Net: NetName=DIG_IO_P5 Pin=R15-12
Removed Pin From Net: NetName=DIG_IO_P4 Pin=R15-13
Removed Pin From Net: NetName=DIG_IO_P3 Pin=R15-14
Removed Pin From Net: NetName=DIG_IO_P2 Pin=R15-15
Removed Pin From Net: NetName=DIG_IO_P1 Pin=R15-16
Removed Pin From Net: NetName=DIG_I_DIFF_A_N1 Pin=R19-1
Removed Pin From Net: NetName=DIG_I_DIFF_B_N1 Pin=R19-2
Removed Pin From Net: NetName=DIG_I_DIFF_C_N1 Pin=R19-3
Removed Pin From Net: NetName=DIG_I_DIFF_D_N1 Pin=R19-4
Removed Pin From Net: NetName=DIG_IO_N4 Pin=R19-13
Removed Pin From Net: NetName=DIG_IO_N3 Pin=R19-14
Removed Pin From Net: NetName=DIG_IO_N2 Pin=R19-15
Removed Pin From Net: NetName=DIG_IO_N1 Pin=R19-16
Added Pin To Net: NetName=DIG_I_DIFF_A_N1 Pin=R15-1
Added Pin To Net: NetName=UNTERM1 Pin=R15-2
Added Pin To Net: NetName=DIG_I_DIFF_B_N1 Pin=R15-3
Added Pin To Net: NetName=UNTERM2 Pin=R15-4
Added Pin To Net: NetName=UNTERM3 Pin=R15-5
Added Pin To Net: NetName=DIG_I_DIFF_C_N1 Pin=R15-6
Added Pin To Net: NetName=UNTERM4 Pin=R15-7
Added Pin To Net: NetName=DIG_I_DIFF_D_N1 Pin=R15-8
Added Pin To Net: NetName=DIG_IO_N4 Pin=R15-9
Added Pin To Net: NetName=DIG_IO_P4 Pin=R15-10
Added Pin To Net: NetName=DIG_IO_N3 Pin=R15-11
Added Pin To Net: NetName=DIG_IO_P3 Pin=R15-12
Added Pin To Net: NetName=DIG_IO_P2 Pin=R15-13
Added Pin To Net: NetName=DIG_IO_N2 Pin=R15-14
Added Pin To Net: NetName=DIG_IO_P1 Pin=R15-15
Added Pin To Net: NetName=DIG_IO_N1 Pin=R15-16
