Removed Pin From Net: NetName=DIG_IO_5V_D1 Pin=R32A-1
Removed Pin From Net: NetName=DIG_O_15V_D1 Pin=R32A-2
Removed Pin From Net: NetName=DIG_IO_5V_D2 Pin=R32B-1
Removed Pin From Net: NetName=DIG_O_15V_D2 Pin=R32B-2
Removed Pin From Net: NetName=DIG_IO_5V_D3 Pin=R32C-1
Removed Pin From Net: NetName=DIG_O_15V_D3 Pin=R32C-2
Removed Pin From Net: NetName=DIG_IO_5V_D4 Pin=R32D-1
Removed Pin From Net: NetName=DIG_O_15V_D4 Pin=R32D-2
Removed Pin From Net: NetName=DIG_IO_5V_D5 Pin=R32E-1
Removed Pin From Net: NetName=DIG_O_15V_D5 Pin=R32E-2
Removed Pin From Net: NetName=DIG_IO_5V_E1 Pin=R33A-1
Removed Pin From Net: NetName=DIG_O_15V_E1 Pin=R33A-2
Removed Pin From Net: NetName=DIG_IO_5V_E2 Pin=R33B-1
Removed Pin From Net: NetName=DIG_O_15V_E2 Pin=R33B-2
Removed Pin From Net: NetName=DIG_IO_5V_E3 Pin=R33C-1
Removed Pin From Net: NetName=DIG_O_15V_E3 Pin=R33C-2
Removed Pin From Net: NetName=DIG_IO_5V_E4 Pin=R33D-1
Removed Pin From Net: NetName=DIG_O_15V_E4 Pin=R33D-2
Removed Pin From Net: NetName=DIG_IO_5V_E5 Pin=R33E-1
Removed Pin From Net: NetName=DIG_O_15V_E5 Pin=R33E-2
Removed Pin From Net: NetName=DIG_IO_5V_F1 Pin=R34A-1
Removed Pin From Net: NetName=DIG_O_15V_F1 Pin=R34A-2
Removed Pin From Net: NetName=DIG_IO_5V_F2 Pin=R34B-1
Removed Pin From Net: NetName=DIG_O_15V_F2 Pin=R34B-2
Removed Pin From Net: NetName=DIG_IO_5V_F3 Pin=R34C-1
Removed Pin From Net: NetName=DIG_O_15V_F3 Pin=R34C-2
Removed Pin From Net: NetName=DIG_IO_5V_F4 Pin=R34D-1
Removed Pin From Net: NetName=DIG_O_15V_F4 Pin=R34D-2
Removed Pin From Net: NetName=DIG_IO_5V_F5 Pin=R34E-1
Removed Pin From Net: NetName=DIG_O_15V_F5 Pin=R34E-2
Removed Pin From Net: NetName=DIG_IO_5V_D2 Pin=U2B-9
Removed Pin From Net: NetName=DIG_O_15V_D2 Pin=U2B-10
Removed Pin From Net: NetName=DIG_IO_5V_E2 Pin=U2B-11
Removed Pin From Net: NetName=DIG_O_15V_E2 Pin=U2B-12
Removed Pin From Net: NetName=DIG_IO_5V_F2 Pin=U2B-14
Removed Pin From Net: NetName=DIG_O_15V_F2 Pin=U2B-15
Removed Pin From Net: NetName=DIG_IO_5V_D3 Pin=U2C-9
Removed Pin From Net: NetName=DIG_O_15V_D3 Pin=U2C-10
Removed Pin From Net: NetName=DIG_IO_5V_E3 Pin=U2C-11
Removed Pin From Net: NetName=DIG_O_15V_E3 Pin=U2C-12
Removed Pin From Net: NetName=DIG_IO_5V_F3 Pin=U2C-14
Removed Pin From Net: NetName=DIG_O_15V_F3 Pin=U2C-15
Removed Pin From Net: NetName=DIG_IO_5V_D4 Pin=U2D-9
Removed Pin From Net: NetName=DIG_O_15V_D4 Pin=U2D-10
Removed Pin From Net: NetName=DIG_IO_5V_E4 Pin=U2D-11
Removed Pin From Net: NetName=DIG_O_15V_E4 Pin=U2D-12
Removed Pin From Net: NetName=DIG_IO_5V_F4 Pin=U2D-14
Removed Pin From Net: NetName=DIG_O_15V_F4 Pin=U2D-15
Removed Pin From Net: NetName=DIG_IO_5V_D5 Pin=U2E-9
Removed Pin From Net: NetName=DIG_O_15V_D5 Pin=U2E-10
Removed Pin From Net: NetName=DIG_IO_5V_E5 Pin=U2E-11
Removed Pin From Net: NetName=DIG_O_15V_E5 Pin=U2E-12
Removed Pin From Net: NetName=DIG_IO_5V_F5 Pin=U2E-14
Removed Pin From Net: NetName=DIG_O_15V_F5 Pin=U2E-15
Added Pin To Net: NetName=DIG_IO_5V_E1 Pin=R32A-1
Added Pin To Net: NetName=DIG_O_15V_E1 Pin=R32A-2
Added Pin To Net: NetName=DIG_IO_5V_E2 Pin=R32B-1
Added Pin To Net: NetName=DIG_O_15V_E2 Pin=R32B-2
Added Pin To Net: NetName=DIG_IO_5V_E3 Pin=R32C-1
Added Pin To Net: NetName=DIG_O_15V_E3 Pin=R32C-2
Added Pin To Net: NetName=DIG_IO_5V_E4 Pin=R32D-1
Added Pin To Net: NetName=DIG_O_15V_E4 Pin=R32D-2
Added Pin To Net: NetName=DIG_IO_5V_E5 Pin=R32E-1
Added Pin To Net: NetName=DIG_O_15V_E5 Pin=R32E-2
Added Pin To Net: NetName=DIG_IO_5V_F1 Pin=R33A-1
Added Pin To Net: NetName=DIG_O_15V_F1 Pin=R33A-2
Added Pin To Net: NetName=DIG_IO_5V_F2 Pin=R33B-1
Added Pin To Net: NetName=DIG_O_15V_F2 Pin=R33B-2
Added Pin To Net: NetName=DIG_IO_5V_F3 Pin=R33C-1
Added Pin To Net: NetName=DIG_O_15V_F3 Pin=R33C-2
Added Pin To Net: NetName=DIG_IO_5V_F4 Pin=R33D-1
Added Pin To Net: NetName=DIG_O_15V_F4 Pin=R33D-2
Added Pin To Net: NetName=DIG_IO_5V_F5 Pin=R33E-1
Added Pin To Net: NetName=DIG_O_15V_F5 Pin=R33E-2
Added Pin To Net: NetName=DIG_IO_5V_D1 Pin=R34A-1
Added Pin To Net: NetName=DIG_O_15V_D1 Pin=R34A-2
Added Pin To Net: NetName=DIG_IO_5V_D2 Pin=R34B-1
Added Pin To Net: NetName=DIG_O_15V_D2 Pin=R34B-2
Added Pin To Net: NetName=DIG_IO_5V_D3 Pin=R34C-1
Added Pin To Net: NetName=DIG_O_15V_D3 Pin=R34C-2
Added Pin To Net: NetName=DIG_IO_5V_D4 Pin=R34D-1
Added Pin To Net: NetName=DIG_O_15V_D4 Pin=R34D-2
Added Pin To Net: NetName=DIG_IO_5V_D5 Pin=R34E-1
Added Pin To Net: NetName=DIG_O_15V_D5 Pin=R34E-2
Added Pin To Net: NetName=DIG_IO_5V_E2 Pin=U2B-9
Added Pin To Net: NetName=DIG_O_15V_E2 Pin=U2B-10
Added Pin To Net: NetName=DIG_IO_5V_F2 Pin=U2B-11
Added Pin To Net: NetName=DIG_O_15V_F2 Pin=U2B-12
Added Pin To Net: NetName=DIG_IO_5V_D2 Pin=U2B-14
Added Pin To Net: NetName=DIG_O_15V_D2 Pin=U2B-15
Added Pin To Net: NetName=DIG_IO_5V_E3 Pin=U2C-9
Added Pin To Net: NetName=DIG_O_15V_E3 Pin=U2C-10
Added Pin To Net: NetName=DIG_IO_5V_F3 Pin=U2C-11
Added Pin To Net: NetName=DIG_O_15V_F3 Pin=U2C-12
Added Pin To Net: NetName=DIG_IO_5V_D3 Pin=U2C-14
Added Pin To Net: NetName=DIG_O_15V_D3 Pin=U2C-15
Added Pin To Net: NetName=DIG_IO_5V_E4 Pin=U2D-9
Added Pin To Net: NetName=DIG_O_15V_E4 Pin=U2D-10
Added Pin To Net: NetName=DIG_IO_5V_F4 Pin=U2D-11
Added Pin To Net: NetName=DIG_O_15V_F4 Pin=U2D-12
Added Pin To Net: NetName=DIG_IO_5V_D4 Pin=U2D-14
Added Pin To Net: NetName=DIG_O_15V_D4 Pin=U2D-15
Added Pin To Net: NetName=DIG_IO_5V_E5 Pin=U2E-9
Added Pin To Net: NetName=DIG_O_15V_E5 Pin=U2E-10
Added Pin To Net: NetName=DIG_IO_5V_F5 Pin=U2E-11
Added Pin To Net: NetName=DIG_O_15V_F5 Pin=U2E-12
Added Pin To Net: NetName=DIG_IO_5V_D5 Pin=U2E-14
Added Pin To Net: NetName=DIG_O_15V_D5 Pin=U2E-15
