Added Component: Designator=P1(PinHeader1)
Add component. Clean all parameters for all variants
Add component (AddParameter): Name = "Created"; Value = "2020-01-08_Thilo_Wendt"; VariantName = "[No Variations]"
Add component (AddParameter): Name = "Net"; Value = "GND"; VariantName = "[No Variations]"
Added Component: Designator=P2(PinHeader1)
Add component. Clean all parameters for all variants
Add component (AddParameter): Name = "Created"; Value = "2020-01-08_Thilo_Wendt"; VariantName = "[No Variations]"
Add component (AddParameter): Name = "Net"; Value = "GND"; VariantName = "[No Variations]"
Added Component: Designator=P3(PinHeader1)
Add component. Clean all parameters for all variants
Add component (AddParameter): Name = "Created"; Value = "2020-01-08_Thilo_Wendt"; VariantName = "[No Variations]"
Add component (AddParameter): Name = "Net"; Value = "GND"; VariantName = "[No Variations]"
Added Component: Designator=P4(PinHeader1)
Add component. Clean all parameters for all variants
Add component (AddParameter): Name = "Created"; Value = "2020-01-08_Thilo_Wendt"; VariantName = "[No Variations]"
Add component (AddParameter): Name = "Net"; Value = "GND"; VariantName = "[No Variations]"
Added Component: Designator=P5(PinHeader1)
Add component. Clean all parameters for all variants
Add component (AddParameter): Name = "Created"; Value = "2020-01-08_Thilo_Wendt"; VariantName = "[No Variations]"
Add component (AddParameter): Name = "Net"; Value = "GND"; VariantName = "[No Variations]"
Added Component: Designator=P6(PinHeader1)
Add component. Clean all parameters for all variants
Add component (AddParameter): Name = "Created"; Value = "2020-01-08_Thilo_Wendt"; VariantName = "[No Variations]"
Add component (AddParameter): Name = "Net"; Value = "GND"; VariantName = "[No Variations]"
Added Component: Designator=P7(PinHeader1)
Add component. Clean all parameters for all variants
Add component (AddParameter): Name = "Created"; Value = "2020-01-08_Thilo_Wendt"; VariantName = "[No Variations]"
Add component (AddParameter): Name = "Net"; Value = "GND"; VariantName = "[No Variations]"
Added Component: Designator=P8(PinHeader1)
Add component. Clean all parameters for all variants
Add component (AddParameter): Name = "Created"; Value = "2020-01-08_Thilo_Wendt"; VariantName = "[No Variations]"
Add component (AddParameter): Name = "Net"; Value = "GND"; VariantName = "[No Variations]"
Added Component: Designator=P9(PinHeader1)
Add component. Clean all parameters for all variants
Add component (AddParameter): Name = "Created"; Value = "2020-01-08_Thilo_Wendt"; VariantName = "[No Variations]"
Add component (AddParameter): Name = "Net"; Value = "GND"; VariantName = "[No Variations]"
Added Component: Designator=P10(PinHeader1)
Add component. Clean all parameters for all variants
Add component (AddParameter): Name = "Created"; Value = "2020-01-08_Thilo_Wendt"; VariantName = "[No Variations]"
Add component (AddParameter): Name = "Net"; Value = "GND"; VariantName = "[No Variations]"
Added Component: Designator=P11(PinHeader1)
Add component. Clean all parameters for all variants
Add component (AddParameter): Name = "Created"; Value = "2020-01-08_Thilo_Wendt"; VariantName = "[No Variations]"
Add component (AddParameter): Name = "Net"; Value = "3V3"; VariantName = "[No Variations]"
Added Component: Designator=P12(PinHeader1)
Add component. Clean all parameters for all variants
Add component (AddParameter): Name = "Created"; Value = "2020-01-08_Thilo_Wendt"; VariantName = "[No Variations]"
Add component (AddParameter): Name = "Net"; Value = "5V"; VariantName = "[No Variations]"
Added Component: Designator=P13(PinHeader1)
Add component. Clean all parameters for all variants
Add component (AddParameter): Name = "Created"; Value = "2020-01-08_Thilo_Wendt"; VariantName = "[No Variations]"
Add component (AddParameter): Name = "Net"; Value = "15V"; VariantName = "[No Variations]"
Added Component: Designator=P14(PinHeader1)
Add component. Clean all parameters for all variants
Add component (AddParameter): Name = "Created"; Value = "2020-01-08_Thilo_Wendt"; VariantName = "[No Variations]"
Add component (AddParameter): Name = "Net"; Value = "VIN"; VariantName = "[No Variations]"
Added Pin To Net: NetName=GND Pin=P1-1
Added Pin To Net: NetName=GND Pin=P2-1
Added Pin To Net: NetName=GND Pin=P3-1
Added Pin To Net: NetName=GND Pin=P4-1
Added Pin To Net: NetName=GND Pin=P5-1
Added Pin To Net: NetName=GND Pin=P6-1
Added Pin To Net: NetName=GND Pin=P7-1
Added Pin To Net: NetName=GND Pin=P8-1
Added Pin To Net: NetName=GND Pin=P9-1
Added Pin To Net: NetName=GND Pin=P10-1
Added Pin To Net: NetName=3V3 Pin=P11-1
Added Pin To Net: NetName=5V0 Pin=P12-1
Added Pin To Net: NetName=15V0 Pin=P13-1
Added Pin To Net: NetName=VIN Pin=P14-1
