Removed Pin From Net: NetName=DIG_IO_P30 Pin=R7-1
Removed Pin From Net: NetName=DIG_IO_P29 Pin=R7-2
Removed Pin From Net: NetName=DIG_IO_P28 Pin=R7-3
Removed Pin From Net: NetName=DIG_IO_P27 Pin=R7-4
Removed Pin From Net: NetName=DIG_IO_P26 Pin=R7-5
Removed Pin From Net: NetName=DIG_IO_P25 Pin=R7-6
Removed Pin From Net: NetName=DIG_IO_P24 Pin=R7-7
Removed Pin From Net: NetName=DIG_IO_P23 Pin=R7-8
Removed Pin From Net: NetName=DIG_IO_3V3_B6 Pin=R7-9
Removed Pin From Net: NetName=DIG_IO_3V3_C6 Pin=R7-10
Removed Pin From Net: NetName=DIG_IO_3V3_A7 Pin=R7-11
Removed Pin From Net: NetName=DIG_IO_3V3_D7 Pin=R7-12
Removed Pin From Net: NetName=DIG_IO_3V3_B7 Pin=R7-13
Removed Pin From Net: NetName=DIG_IO_3V3_C7 Pin=R7-14
Removed Pin From Net: NetName=DIG_IO_3V3_A8 Pin=R7-15
Removed Pin From Net: NetName=DIG_IO_3V3_C8 Pin=R7-16
Removed Pin From Net: NetName=DIG_IO_P22 Pin=R8-1
Removed Pin From Net: NetName=DIG_IO_P21 Pin=R8-2
Removed Pin From Net: NetName=DIG_IO_P20 Pin=R8-3
Removed Pin From Net: NetName=DIG_IO_P19 Pin=R8-4
Removed Pin From Net: NetName=DIG_IO_P18 Pin=R8-5
Removed Pin From Net: NetName=DIG_IO_P17 Pin=R8-6
Removed Pin From Net: NetName=DIG_IO_P16 Pin=R8-7
Removed Pin From Net: NetName=DIG_IO_P15 Pin=R8-8
Removed Pin From Net: NetName=DIG_IO_3V3_B4 Pin=R8-9
Removed Pin From Net: NetName=DIG_IO_3V3_C4 Pin=R8-10
Removed Pin From Net: NetName=DIG_IO_3V3_A5 Pin=R8-11
Removed Pin From Net: NetName=DIG_IO_3V3_D5 Pin=R8-12
Removed Pin From Net: NetName=DIG_IO_3V3_B5 Pin=R8-13
Removed Pin From Net: NetName=DIG_IO_3V3_C5 Pin=R8-14
Removed Pin From Net: NetName=DIG_IO_3V3_A6 Pin=R8-15
Removed Pin From Net: NetName=DIG_IO_3V3_D6 Pin=R8-16
Removed Pin From Net: NetName=DIG_IO_P14 Pin=R9-1
Removed Pin From Net: NetName=DIG_IO_P13 Pin=R9-2
Removed Pin From Net: NetName=DIG_IO_P12 Pin=R9-3
Removed Pin From Net: NetName=DIG_IO_P11 Pin=R9-4
Removed Pin From Net: NetName=DIG_IO_P10 Pin=R9-5
Removed Pin From Net: NetName=DIG_IO_P9 Pin=R9-6
Removed Pin From Net: NetName=DIG_IO_P8 Pin=R9-7
Removed Pin From Net: NetName=DIG_IO_P7 Pin=R9-8
Removed Pin From Net: NetName=DIG_IO_3V3_B2 Pin=R9-9
Removed Pin From Net: NetName=DIG_IO_3V3_C2 Pin=R9-10
Removed Pin From Net: NetName=DIG_IO_3V3_A3 Pin=R9-11
Removed Pin From Net: NetName=DIG_IO_3V3_D3 Pin=R9-12
Removed Pin From Net: NetName=DIG_IO_3V3_B3 Pin=R9-13
Removed Pin From Net: NetName=DIG_IO_3V3_C3 Pin=R9-14
Removed Pin From Net: NetName=DIG_IO_3V3_A4 Pin=R9-15
Removed Pin From Net: NetName=DIG_IO_3V3_D4 Pin=R9-16
Removed Pin From Net: NetName=DIG_IO_P6 Pin=R10-1
Removed Pin From Net: NetName=DIG_IO_P5 Pin=R10-2
Removed Pin From Net: NetName=DIG_IO_P4 Pin=R10-3
Removed Pin From Net: NetName=DIG_IO_P3 Pin=R10-4
Removed Pin From Net: NetName=DIG_IO_P2 Pin=R10-5
Removed Pin From Net: NetName=DIG_IO_P1 Pin=R10-6
Removed Pin From Net: NetName=DIG_IO_3V3_A1 Pin=R10-11
Removed Pin From Net: NetName=DIG_IO_3V3_D1 Pin=R10-12
Removed Pin From Net: NetName=DIG_IO_3V3_B1 Pin=R10-13
Removed Pin From Net: NetName=DIG_IO_3V3_C1 Pin=R10-14
Removed Pin From Net: NetName=DIG_IO_3V3_A2 Pin=R10-15
Removed Pin From Net: NetName=DIG_IO_3V3_D2 Pin=R10-16
Change Component Designator: OldDesignator=R22 NewDesignator=R21
Added Pin To Net: NetName=DIG_IO_3V3_A7 Pin=R7-1
Added Pin To Net: NetName=DIG_IO_3V3_D7 Pin=R7-2
Added Pin To Net: NetName=DIG_IO_3V3_B7 Pin=R7-3
Added Pin To Net: NetName=DIG_IO_3V3_C7 Pin=R7-4
Added Pin To Net: NetName=DIG_IO_3V3_A8 Pin=R7-5
Added Pin To Net: NetName=DIG_IO_3V3_C8 Pin=R7-6
Added Pin To Net: NetName=DIG_IO_3V3_B6 Pin=R7-7
Added Pin To Net: NetName=DIG_IO_3V3_C6 Pin=R7-8
Added Pin To Net: NetName=DIG_IO_5V_F4 Pin=R7-9
Added Pin To Net: NetName=DIG_IO_5V_E4 Pin=R7-10
Added Pin To Net: NetName=DIG_IO_5V_F5 Pin=R7-11
Added Pin To Net: NetName=DIG_IO_5V_E5 Pin=R7-12
Added Pin To Net: NetName=DIG_IO_5V_D5 Pin=R7-13
Added Pin To Net: NetName=DIG_IO_5V_C5 Pin=R7-14
Added Pin To Net: NetName=DIG_IO_5V_B5 Pin=R7-15
Added Pin To Net: NetName=DIG_IO_5V_A5 Pin=R7-16
Added Pin To Net: NetName=DIG_IO_3V3_A5 Pin=R8-1
Added Pin To Net: NetName=DIG_IO_3V3_D5 Pin=R8-2
Added Pin To Net: NetName=DIG_IO_3V3_B5 Pin=R8-3
Added Pin To Net: NetName=DIG_IO_3V3_C5 Pin=R8-4
Added Pin To Net: NetName=DIG_IO_3V3_A6 Pin=R8-5
Added Pin To Net: NetName=DIG_IO_3V3_D6 Pin=R8-6
Added Pin To Net: NetName=DIG_IO_3V3_B4 Pin=R8-7
Added Pin To Net: NetName=DIG_IO_3V3_C4 Pin=R8-8
Added Pin To Net: NetName=DIG_IO_5V_D3 Pin=R8-9
Added Pin To Net: NetName=DIG_IO_5V_C3 Pin=R8-10
Added Pin To Net: NetName=DIG_IO_5V_D4 Pin=R8-11
Added Pin To Net: NetName=DIG_IO_5V_C4 Pin=R8-12
Added Pin To Net: NetName=DIG_IO_5V_B4 Pin=R8-13
Added Pin To Net: NetName=DIG_IO_5V_A4 Pin=R8-14
Added Pin To Net: NetName=DIG_IO_5V_F3 Pin=R8-15
Added Pin To Net: NetName=DIG_IO_5V_E3 Pin=R8-16
Added Pin To Net: NetName=DIG_IO_3V3_A3 Pin=R9-1
Added Pin To Net: NetName=DIG_IO_3V3_D3 Pin=R9-2
Added Pin To Net: NetName=DIG_IO_3V3_B3 Pin=R9-3
Added Pin To Net: NetName=DIG_IO_3V3_C3 Pin=R9-4
Added Pin To Net: NetName=DIG_IO_3V3_A4 Pin=R9-5
Added Pin To Net: NetName=DIG_IO_3V3_D4 Pin=R9-6
Added Pin To Net: NetName=DIG_IO_3V3_B2 Pin=R9-7
Added Pin To Net: NetName=DIG_IO_3V3_C2 Pin=R9-8
Added Pin To Net: NetName=DIG_IO_5V_B2 Pin=R9-9
Added Pin To Net: NetName=DIG_IO_5V_A2 Pin=R9-10
Added Pin To Net: NetName=DIG_IO_5V_B3 Pin=R9-11
Added Pin To Net: NetName=DIG_IO_5V_A3 Pin=R9-12
Added Pin To Net: NetName=DIG_IO_5V_F2 Pin=R9-13
Added Pin To Net: NetName=DIG_IO_5V_E2 Pin=R9-14
Added Pin To Net: NetName=DIG_IO_5V_D2 Pin=R9-15
Added Pin To Net: NetName=DIG_IO_5V_C2 Pin=R9-16
Added Pin To Net: NetName=DIG_IO_3V3_A1 Pin=R10-1
Added Pin To Net: NetName=DIG_IO_3V3_D1 Pin=R10-2
Added Pin To Net: NetName=DIG_IO_3V3_B1 Pin=R10-3
Added Pin To Net: NetName=DIG_IO_3V3_C1 Pin=R10-4
Added Pin To Net: NetName=DIG_IO_3V3_A2 Pin=R10-5
Added Pin To Net: NetName=DIG_IO_3V3_D2 Pin=R10-6
Added Pin To Net: NetName=DIG_IO_5V_F1 Pin=R10-11
Added Pin To Net: NetName=DIG_IO_5V_E1 Pin=R10-12
Added Pin To Net: NetName=DIG_IO_5V_D1 Pin=R10-13
Added Pin To Net: NetName=DIG_IO_5V_C1 Pin=R10-14
Added Pin To Net: NetName=DIG_IO_5V_B1 Pin=R10-15
Added Pin To Net: NetName=DIG_IO_5V_A1 Pin=R10-16
