Removed Pin From Net: NetName=DIG_I_DIFF_B_P1 Pin=U4A-9
Removed Pin From Net: NetName=DIG_I_DIFF_B_N1 Pin=U4A-10
Removed Pin From Net: NetName=DIG_I_DIFF_B_P2 Pin=U4B-9
Removed Pin From Net: NetName=DIG_I_DIFF_B_N2 Pin=U4B-10
Removed Pin From Net: NetName=DIG_I_DIFF_B_P3 Pin=U4C-9
Removed Pin From Net: NetName=DIG_I_DIFF_B_N3 Pin=U4C-10
Removed Pin From Net: NetName=DIG_I_DIFF_B_P4 Pin=U4D-9
Removed Pin From Net: NetName=DIG_I_DIFF_B_N4 Pin=U4D-10
Removed Pin From Net: NetName=DIG_I_DIFF_A_P5 Pin=U4E-9
Removed Pin From Net: NetName=DIG_I_DIFF_A_N5 Pin=U4E-10
Removed Pin From Net: NetName=DIG_I_DIFF_A_P6 Pin=U4F-9
Removed Pin From Net: NetName=DIG_I_DIFF_A_N6 Pin=U4F-10
Removed Pin From Net: NetName=DIG_I_DIFF_A_P7 Pin=U4G-9
Removed Pin From Net: NetName=DIG_I_DIFF_A_N7 Pin=U4G-10
Added Pin To Net: NetName=DIG_I_DIFF_B_N1 Pin=U4A-9
Added Pin To Net: NetName=DIG_I_DIFF_B_P1 Pin=U4A-10
Added Pin To Net: NetName=DIG_I_DIFF_B_N2 Pin=U4B-9
Added Pin To Net: NetName=DIG_I_DIFF_B_P2 Pin=U4B-10
Added Pin To Net: NetName=DIG_I_DIFF_B_N3 Pin=U4C-9
Added Pin To Net: NetName=DIG_I_DIFF_B_P3 Pin=U4C-10
Added Pin To Net: NetName=DIG_I_DIFF_B_N4 Pin=U4D-9
Added Pin To Net: NetName=DIG_I_DIFF_B_P4 Pin=U4D-10
Added Pin To Net: NetName=DIG_I_DIFF_A_N5 Pin=U4E-9
Added Pin To Net: NetName=DIG_I_DIFF_A_P5 Pin=U4E-10
Added Pin To Net: NetName=DIG_I_DIFF_A_N6 Pin=U4F-9
Added Pin To Net: NetName=DIG_I_DIFF_A_P6 Pin=U4F-10
Added Pin To Net: NetName=DIG_I_DIFF_A_N7 Pin=U4G-9
Added Pin To Net: NetName=DIG_I_DIFF_A_P7 Pin=U4G-10
