Removed Pin From Net: NetName=DIG_IO_P1 Pin=J1-6
Removed Pin From Net: NetName=DIG_IO_P2 Pin=J1-7
Removed Pin From Net: NetName=DIG_IO_P3 Pin=J1-8
Removed Pin From Net: NetName=DIG_IO_P4 Pin=J1-9
Removed Pin From Net: NetName=DIG_IO_P5 Pin=J1-10
Removed Pin From Net: NetName=DIG_IO_P6 Pin=J1-11
Removed Pin From Net: NetName=DIG_IO_P7 Pin=J1-12
Removed Pin From Net: NetName=DIG_IO_P8 Pin=J1-13
Removed Pin From Net: NetName=DIG_IO_P9 Pin=J1-14
Removed Pin From Net: NetName=DIG_IO_P10 Pin=J1-15
Removed Pin From Net: NetName=DIG_IO_N1 Pin=J1-21
Removed Pin From Net: NetName=DIG_IO_N2 Pin=J1-22
Removed Pin From Net: NetName=DIG_IO_N3 Pin=J1-23
Removed Pin From Net: NetName=DIG_IO_N4 Pin=J1-24
Removed Pin From Net: NetName=DIG_IO_N5 Pin=J1-25
Removed Pin From Net: NetName=DIG_IO_N6 Pin=J1-26
Removed Pin From Net: NetName=DIG_IO_N7 Pin=J1-27
Removed Pin From Net: NetName=DIG_IO_N8 Pin=J1-28
Removed Pin From Net: NetName=DIG_IO_N9 Pin=J1-29
Removed Pin From Net: NetName=DIG_IO_N10 Pin=J1-30
Removed Pin From Net: NetName=DIG_IO_P11 Pin=J2-1
Removed Pin From Net: NetName=DIG_IO_P12 Pin=J2-2
Removed Pin From Net: NetName=DIG_IO_P13 Pin=J2-3
Removed Pin From Net: NetName=DIG_IO_P14 Pin=J2-4
Removed Pin From Net: NetName=DIG_IO_P15 Pin=J2-5
Removed Pin From Net: NetName=DIG_IO_P16 Pin=J2-6
Removed Pin From Net: NetName=DIG_IO_P17 Pin=J2-7
Removed Pin From Net: NetName=DIG_IO_P18 Pin=J2-8
Removed Pin From Net: NetName=DIG_IO_P19 Pin=J2-9
Removed Pin From Net: NetName=DIG_IO_P20 Pin=J2-10
Removed Pin From Net: NetName=DIG_IO_P21 Pin=J2-11
Removed Pin From Net: NetName=DIG_IO_P22 Pin=J2-12
Removed Pin From Net: NetName=DIG_IO_P23 Pin=J2-13
Removed Pin From Net: NetName=DIG_IO_P24 Pin=J2-14
Removed Pin From Net: NetName=DIG_IO_P25 Pin=J2-15
Removed Pin From Net: NetName=DIG_IO_P26 Pin=J2-16
Removed Pin From Net: NetName=DIG_IO_P27 Pin=J2-17
Removed Pin From Net: NetName=DIG_IO_P28 Pin=J2-18
Removed Pin From Net: NetName=DIG_IO_P29 Pin=J2-19
Removed Pin From Net: NetName=DIG_IO_P30 Pin=J2-20
Removed Pin From Net: NetName=DIG_IO_N11 Pin=J2-21
Removed Pin From Net: NetName=DIG_IO_N12 Pin=J2-22
Removed Pin From Net: NetName=DIG_IO_N13 Pin=J2-23
Removed Pin From Net: NetName=DIG_IO_N14 Pin=J2-24
Removed Pin From Net: NetName=DIG_IO_N15 Pin=J2-25
Removed Pin From Net: NetName=DIG_IO_N16 Pin=J2-26
Removed Pin From Net: NetName=DIG_IO_N17 Pin=J2-27
Removed Pin From Net: NetName=DIG_IO_N18 Pin=J2-28
Removed Pin From Net: NetName=DIG_IO_N19 Pin=J2-29
Removed Pin From Net: NetName=DIG_IO_N20 Pin=J2-30
Removed Pin From Net: NetName=DIG_IO_N21 Pin=J2-31
Removed Pin From Net: NetName=DIG_IO_N22 Pin=J2-32
Removed Pin From Net: NetName=DIG_IO_N23 Pin=J2-33
Removed Pin From Net: NetName=DIG_IO_N24 Pin=J2-34
Removed Pin From Net: NetName=DIG_IO_N25 Pin=J2-35
Removed Pin From Net: NetName=DIG_IO_N26 Pin=J2-36
Removed Pin From Net: NetName=DIG_IO_N27 Pin=J2-37
Removed Pin From Net: NetName=DIG_IO_N28 Pin=J2-38
Removed Pin From Net: NetName=DIG_IO_N29 Pin=J2-39
Removed Pin From Net: NetName=DIG_IO_N30 Pin=J2-40
Removed Pin From Net: NetName=DIG_IO_N1 Pin=R11-1
Removed Pin From Net: NetName=DIG_IO_N2 Pin=R11-2
Removed Pin From Net: NetName=DIG_IO_N3 Pin=R11-3
Removed Pin From Net: NetName=DIG_IO_N4 Pin=R11-4
Removed Pin From Net: NetName=DIG_IO_N5 Pin=R11-5
Removed Pin From Net: NetName=DIG_IO_N6 Pin=R11-6
Removed Pin From Net: NetName=DIG_IO_N7 Pin=R11-7
Removed Pin From Net: NetName=DIG_IO_N8 Pin=R11-8
Removed Pin From Net: NetName=DIG_IO_N11 Pin=R12-5
Removed Pin From Net: NetName=DIG_IO_N12 Pin=R12-6
Removed Pin From Net: NetName=DIG_IO_N13 Pin=R12-7
Removed Pin From Net: NetName=DIG_IO_N15 Pin=R13-1
Removed Pin From Net: NetName=DIG_IO_N16 Pin=R13-2
Removed Pin From Net: NetName=DIG_IO_N17 Pin=R13-3
Removed Pin From Net: NetName=DIG_IO_N18 Pin=R13-4
Removed Pin From Net: NetName=DIG_IO_N19 Pin=R13-5
Removed Pin From Net: NetName=DIG_IO_N20 Pin=R13-6
Removed Pin From Net: NetName=DIG_IO_N21 Pin=R13-7
Removed Pin From Net: NetName=DIG_IO_N22 Pin=R13-8
Removed Pin From Net: NetName=DIG_IO_N23 Pin=R14-1
Removed Pin From Net: NetName=DIG_IO_N24 Pin=R14-2
Removed Pin From Net: NetName=DIG_IO_N25 Pin=R14-3
Removed Pin From Net: NetName=DIG_IO_N26 Pin=R14-4
Removed Pin From Net: NetName=DIG_IO_N27 Pin=R14-5
Removed Pin From Net: NetName=DIG_IO_N28 Pin=R14-6
Removed Pin From Net: NetName=DIG_IO_N29 Pin=R14-7
Removed Pin From Net: NetName=DIG_IO_N30 Pin=R14-8
Removed Member From Class: ClassName=X2_OutputConnector Member=R11
Removed Member From Class: ClassName=X2_OutputConnector Member=R13
Removed Member From Class: ClassName=X2_OutputConnector Member=R14
Change Component Footprint: Designator=U4A Old Footprint=TI_D-R-PDSO-G16_N New Footprint=TI_D-R-PDSO-G16_N
Change Component Footprint: Designator=U4B Old Footprint=TI_D-R-PDSO-G16_N New Footprint=TI_D-R-PDSO-G16_N
Change Component Footprint: Designator=U4C Old Footprint=TI_D-R-PDSO-G16_N New Footprint=TI_D-R-PDSO-G16_N
Change Component Footprint: Designator=U4D Old Footprint=TI_D-R-PDSO-G16_N New Footprint=TI_D-R-PDSO-G16_N
Change Component Footprint: Designator=U4E Old Footprint=TI_D-R-PDSO-G16_N New Footprint=TI_D-R-PDSO-G16_N
Change Component Footprint: Designator=U4F Old Footprint=TI_D-R-PDSO-G16_N New Footprint=TI_D-R-PDSO-G16_N
Change Component Footprint: Designator=U4G Old Footprint=TI_D-R-PDSO-G16_N New Footprint=TI_D-R-PDSO-G16_N
Change Component Footprint: Designator=U4H Old Footprint=TI_D-R-PDSO-G16_N New Footprint=TI_D-R-PDSO-G16_N
Added Component: Designator=R3(RESCAXE-50P380X160X45-16N)
Add component. Clean all parameters for all variants
Add component (AddParameter): Name = "ComponentLink1Description"; Value = "Datasheet"; VariantName = "[No Variations]"
Add component (AddParameter): Name = "ComponentLink1URL"; Value = "https://www.mouser.de/datasheet/2/315/AOC0000C14-1108062.pdf"; VariantName = "[No Variations]"
Add component (AddParameter): Name = "ComponentLink2Description"; Value = "Landpattern"; VariantName = "[No Variations]"
Add component (AddParameter): Name = "ComponentLink2URL"; Value = "https://industrial.panasonic.com/cdbs/www-data/pdf/AOC0000/AOC0000COL4.pdf"; VariantName = "[No Variations]"
Add component (AddParameter): Name = "Created"; Value = "2020-01-03_Thilo_Wendt"; VariantName = "[No Variations]"
Add component (AddParameter): Name = "HelpURL"; Value = "https://www.mouser.de/datasheet/2/315/AOC0000C14-1108062.pdf"; VariantName = "[No Variations]"
Add component (AddParameter): Name = "Manufacturer1"; Value = "Panasonic"; VariantName = "[No Variations]"
Add component (AddParameter): Name = "MaxVoltage"; Value = "100"; VariantName = "[No Variations]"
Add component (AddParameter): Name = "MPN1"; Value = "EXB2HV<2dig_res+#zeros><tol/jumper>V"; VariantName = "[No Variations]"
Add component (AddParameter): Name = "Package"; Value = "CurrentFootprint"; VariantName = "[No Variations]"
Add component (AddParameter): Name = "Parameter1"; Value = "V"; VariantName = "[No Variations]"
Add component (AddParameter): Name = "Parameter1Desc"; Value = "Package Method"; VariantName = "[No Variations]"
Add component (AddParameter): Name = "Parameter2"; Value = "J"; VariantName = "[No Variations]"
Add component (AddParameter): Name = "Parameter2Desc"; Value = "Tolerance Symbol"; VariantName = "[No Variations]"
Add component (AddParameter): Name = "Parameter3"; Value = ""; VariantName = "[No Variations]"
Add component (AddParameter): Name = "Parameter3Desc"; Value = ""; VariantName = "[No Variations]"
Add component (AddParameter): Name = "Supplier1"; Value = "https://de.farnell.com/w/search?range=inc-in-stock&st=exb2hv"; VariantName = "[No Variations]"
Added Component: Designator=R4(RESCAXE-50P380X160X45-16N)
Add component. Clean all parameters for all variants
Add component (AddParameter): Name = "ComponentLink1Description"; Value = "Datasheet"; VariantName = "[No Variations]"
Add component (AddParameter): Name = "ComponentLink1URL"; Value = "https://www.mouser.de/datasheet/2/315/AOC0000C14-1108062.pdf"; VariantName = "[No Variations]"
Add component (AddParameter): Name = "ComponentLink2Description"; Value = "Landpattern"; VariantName = "[No Variations]"
Add component (AddParameter): Name = "ComponentLink2URL"; Value = "https://industrial.panasonic.com/cdbs/www-data/pdf/AOC0000/AOC0000COL4.pdf"; VariantName = "[No Variations]"
Add component (AddParameter): Name = "Created"; Value = "2020-01-03_Thilo_Wendt"; VariantName = "[No Variations]"
Add component (AddParameter): Name = "HelpURL"; Value = "https://www.mouser.de/datasheet/2/315/AOC0000C14-1108062.pdf"; VariantName = "[No Variations]"
Add component (AddParameter): Name = "Manufacturer1"; Value = "Panasonic"; VariantName = "[No Variations]"
Add component (AddParameter): Name = "MaxVoltage"; Value = "100"; VariantName = "[No Variations]"
Add component (AddParameter): Name = "MPN1"; Value = "EXB2HV<2dig_res+#zeros><tol/jumper>V"; VariantName = "[No Variations]"
Add component (AddParameter): Name = "Package"; Value = "CurrentFootprint"; VariantName = "[No Variations]"
Add component (AddParameter): Name = "Parameter1"; Value = "V"; VariantName = "[No Variations]"
Add component (AddParameter): Name = "Parameter1Desc"; Value = "Package Method"; VariantName = "[No Variations]"
Add component (AddParameter): Name = "Parameter2"; Value = "J"; VariantName = "[No Variations]"
Add component (AddParameter): Name = "Parameter2Desc"; Value = "Tolerance Symbol"; VariantName = "[No Variations]"
Add component (AddParameter): Name = "Parameter3"; Value = ""; VariantName = "[No Variations]"
Add component (AddParameter): Name = "Parameter3Desc"; Value = ""; VariantName = "[No Variations]"
Add component (AddParameter): Name = "Supplier1"; Value = "https://de.farnell.com/w/search?range=inc-in-stock&st=exb2hv"; VariantName = "[No Variations]"
Added Component: Designator=R5(RESCAXE-50P380X160X45-16N)
Add component. Clean all parameters for all variants
Add component (AddParameter): Name = "ComponentLink1Description"; Value = "Datasheet"; VariantName = "[No Variations]"
Add component (AddParameter): Name = "ComponentLink1URL"; Value = "https://www.mouser.de/datasheet/2/315/AOC0000C14-1108062.pdf"; VariantName = "[No Variations]"
Add component (AddParameter): Name = "ComponentLink2Description"; Value = "Landpattern"; VariantName = "[No Variations]"
Add component (AddParameter): Name = "ComponentLink2URL"; Value = "https://industrial.panasonic.com/cdbs/www-data/pdf/AOC0000/AOC0000COL4.pdf"; VariantName = "[No Variations]"
Add component (AddParameter): Name = "Created"; Value = "2020-01-03_Thilo_Wendt"; VariantName = "[No Variations]"
Add component (AddParameter): Name = "HelpURL"; Value = "https://www.mouser.de/datasheet/2/315/AOC0000C14-1108062.pdf"; VariantName = "[No Variations]"
Add component (AddParameter): Name = "Manufacturer1"; Value = "Panasonic"; VariantName = "[No Variations]"
Add component (AddParameter): Name = "MaxVoltage"; Value = "100"; VariantName = "[No Variations]"
Add component (AddParameter): Name = "MPN1"; Value = "EXB2HV<2dig_res+#zeros><tol/jumper>V"; VariantName = "[No Variations]"
Add component (AddParameter): Name = "Package"; Value = "CurrentFootprint"; VariantName = "[No Variations]"
Add component (AddParameter): Name = "Parameter1"; Value = "V"; VariantName = "[No Variations]"
Add component (AddParameter): Name = "Parameter1Desc"; Value = "Package Method"; VariantName = "[No Variations]"
Add component (AddParameter): Name = "Parameter2"; Value = "J"; VariantName = "[No Variations]"
Add component (AddParameter): Name = "Parameter2Desc"; Value = "Tolerance Symbol"; VariantName = "[No Variations]"
Add component (AddParameter): Name = "Parameter3"; Value = ""; VariantName = "[No Variations]"
Add component (AddParameter): Name = "Parameter3Desc"; Value = ""; VariantName = "[No Variations]"
Add component (AddParameter): Name = "Supplier1"; Value = "https://de.farnell.com/w/search?range=inc-in-stock&st=exb2hv"; VariantName = "[No Variations]"
Added Pin To Net: NetName==VinName Pin=J1-1
Added Pin To Net: NetName=DIG_IO_P1 Pin=J1-2
Added Pin To Net: NetName=DIG_IO_P2 Pin=J1-3
Added Pin To Net: NetName=DIG_IO_P3 Pin=J1-4
Added Pin To Net: NetName=DIG_IO_P4 Pin=J1-5
Added Pin To Net: NetName=DIG_IO_P5 Pin=J1-6
Added Pin To Net: NetName=DIG_IO_P6 Pin=J1-7
Added Pin To Net: NetName=DIG_IO_P7 Pin=J1-8
Added Pin To Net: NetName=DIG_IO_P8 Pin=J1-9
Added Pin To Net: NetName==VoutName Pin=J1-10
Added Pin To Net: NetName=DIG_IO_P9 Pin=J1-11
Added Pin To Net: NetName=DIG_IO_P10 Pin=J1-12
Added Pin To Net: NetName=DIG_IO_P11 Pin=J1-13
Added Pin To Net: NetName=DIG_IO_P12 Pin=J1-14
Added Pin To Net: NetName=DIG_IO_P13 Pin=J1-15
Added Pin To Net: NetName=GND Pin=J1-16
Added Pin To Net: NetName=DIG_IO_N1 Pin=J1-17
Added Pin To Net: NetName=DIG_IO_N2 Pin=J1-18
Added Pin To Net: NetName=DIG_IO_N3 Pin=J1-19
Added Pin To Net: NetName=DIG_IO_N4 Pin=J1-20
Added Pin To Net: NetName=DIG_IO_N5 Pin=J1-21
Added Pin To Net: NetName=DIG_IO_N6 Pin=J1-22
Added Pin To Net: NetName=DIG_IO_N7 Pin=J1-23
Added Pin To Net: NetName=DIG_IO_N8 Pin=J1-24
Added Pin To Net: NetName=GND Pin=J1-25
Added Pin To Net: NetName=DIG_IO_N9 Pin=J1-26
Added Pin To Net: NetName=DIG_IO_N10 Pin=J1-27
Added Pin To Net: NetName=DIG_IO_N11 Pin=J1-28
Added Pin To Net: NetName=DIG_IO_N12 Pin=J1-29
Added Pin To Net: NetName=DIG_IO_N13 Pin=J1-30
Added Pin To Net: NetName=5V Pin=J2-1
Added Pin To Net: NetName=DIG_IO_P14 Pin=J2-2
Added Pin To Net: NetName=DIG_IO_P15 Pin=J2-3
Added Pin To Net: NetName=DIG_IO_P16 Pin=J2-4
Added Pin To Net: NetName=DIG_IO_P17 Pin=J2-5
Added Pin To Net: NetName=DIG_IO_P18 Pin=J2-6
Added Pin To Net: NetName=DIG_IO_P19 Pin=J2-7
Added Pin To Net: NetName=DIG_IO_P20 Pin=J2-8
Added Pin To Net: NetName=DIG_IO_P21 Pin=J2-9
Added Pin To Net: NetName=3V3 Pin=J2-10
Added Pin To Net: NetName=DIG_IO_P22 Pin=J2-11
Added Pin To Net: NetName=DIG_IO_P23 Pin=J2-12
Added Pin To Net: NetName=DIG_IO_P24 Pin=J2-13
Added Pin To Net: NetName=DIG_IO_P25 Pin=J2-14
Added Pin To Net: NetName=DIG_IO_P26 Pin=J2-15
Added Pin To Net: NetName=DIG_IO_P27 Pin=J2-16
Added Pin To Net: NetName=DIG_IO_P28 Pin=J2-17
Added Pin To Net: NetName=DIG_IO_P29 Pin=J2-18
Added Pin To Net: NetName=DIG_IO_P30 Pin=J2-19
Added Pin To Net: NetName=GND Pin=J2-20
Added Pin To Net: NetName=GND Pin=J2-21
Added Pin To Net: NetName=DIG_IO_N14 Pin=J2-22
Added Pin To Net: NetName=DIG_IO_N15 Pin=J2-23
Added Pin To Net: NetName=DIG_IO_N16 Pin=J2-24
Added Pin To Net: NetName=DIG_IO_N17 Pin=J2-25
Added Pin To Net: NetName=DIG_IO_N18 Pin=J2-26
Added Pin To Net: NetName=DIG_IO_N19 Pin=J2-27
Added Pin To Net: NetName=DIG_IO_N20 Pin=J2-28
Added Pin To Net: NetName=DIG_IO_N21 Pin=J2-29
Added Pin To Net: NetName=GND Pin=J2-30
Added Pin To Net: NetName=DIG_IO_N22 Pin=J2-31
Added Pin To Net: NetName=DIG_IO_N23 Pin=J2-32
Added Pin To Net: NetName=DIG_IO_N24 Pin=J2-33
Added Pin To Net: NetName=DIG_IO_N25 Pin=J2-34
Added Pin To Net: NetName=DIG_IO_N26 Pin=J2-35
Added Pin To Net: NetName=DIG_IO_N27 Pin=J2-36
Added Pin To Net: NetName=DIG_IO_N28 Pin=J2-37
Added Pin To Net: NetName=DIG_IO_N29 Pin=J2-38
Added Pin To Net: NetName=DIG_IO_N30 Pin=J2-39
Added Pin To Net: NetName=GND Pin=J2-40
Added Pin To Net: NetName=DIG_IO_N1 Pin=R3-1
Added Pin To Net: NetName=DIG_IO_N2 Pin=R3-2
Added Pin To Net: NetName=DIG_IO_N3 Pin=R3-3
Added Pin To Net: NetName=DIG_IO_N4 Pin=R3-4
Added Pin To Net: NetName=DIG_IO_N5 Pin=R3-5
Added Pin To Net: NetName=DIG_IO_N6 Pin=R3-6
Added Pin To Net: NetName=DIG_IO_N7 Pin=R3-7
Added Pin To Net: NetName=DIG_IO_N8 Pin=R3-8
Added Pin To Net: NetName=GND Pin=R3-9
Added Pin To Net: NetName=GND Pin=R3-10
Added Pin To Net: NetName=GND Pin=R3-11
Added Pin To Net: NetName=GND Pin=R3-12
Added Pin To Net: NetName=GND Pin=R3-13
Added Pin To Net: NetName=GND Pin=R3-14
Added Pin To Net: NetName=GND Pin=R3-15
Added Pin To Net: NetName=GND Pin=R3-16
Added Pin To Net: NetName=DIG_IO_N15 Pin=R4-1
Added Pin To Net: NetName=DIG_IO_N16 Pin=R4-2
Added Pin To Net: NetName=DIG_IO_N17 Pin=R4-3
Added Pin To Net: NetName=DIG_IO_N18 Pin=R4-4
Added Pin To Net: NetName=DIG_IO_N19 Pin=R4-5
Added Pin To Net: NetName=DIG_IO_N20 Pin=R4-6
Added Pin To Net: NetName=DIG_IO_N21 Pin=R4-7
Added Pin To Net: NetName=DIG_IO_N22 Pin=R4-8
Added Pin To Net: NetName=GND Pin=R4-9
Added Pin To Net: NetName=GND Pin=R4-10
Added Pin To Net: NetName=GND Pin=R4-11
Added Pin To Net: NetName=GND Pin=R4-12
Added Pin To Net: NetName=GND Pin=R4-13
Added Pin To Net: NetName=GND Pin=R4-14
Added Pin To Net: NetName=GND Pin=R4-15
Added Pin To Net: NetName=GND Pin=R4-16
Added Pin To Net: NetName=DIG_IO_N23 Pin=R5-1
Added Pin To Net: NetName=DIG_IO_N24 Pin=R5-2
Added Pin To Net: NetName=DIG_IO_N25 Pin=R5-3
Added Pin To Net: NetName=DIG_IO_N26 Pin=R5-4
Added Pin To Net: NetName=DIG_IO_N27 Pin=R5-5
Added Pin To Net: NetName=DIG_IO_N28 Pin=R5-6
Added Pin To Net: NetName=DIG_IO_N29 Pin=R5-7
Added Pin To Net: NetName=DIG_IO_N30 Pin=R5-8
Added Pin To Net: NetName=GND Pin=R5-9
Added Pin To Net: NetName=GND Pin=R5-10
Added Pin To Net: NetName=GND Pin=R5-11
Added Pin To Net: NetName=GND Pin=R5-12
Added Pin To Net: NetName=GND Pin=R5-13
Added Pin To Net: NetName=GND Pin=R5-14
Added Pin To Net: NetName=GND Pin=R5-15
Added Pin To Net: NetName=GND Pin=R5-16
Added Pin To Net: NetName=DIG_IO_N11 Pin=R12-3
Added Pin To Net: NetName=DIG_IO_N12 Pin=R12-4
Added Pin To Net: NetName=DIG_IO_N13 Pin=R12-5
Added Pin To Net: NetName=GND Pin=R12-9
Added Pin To Net: NetName=GND Pin=R12-10
Added Pin To Net: NetName=GND Pin=R12-11
Added Pin To Net: NetName=GND Pin=R12-12
Added Pin To Net: NetName=GND Pin=R12-15
Added Pin To Net: NetName=GND Pin=R12-16
Change Net Name : Old Net Name==VoutName New Net Name=15V0
Added Member To Class: ClassName=X2_OutputConnector Member=Component R3 0.063W
Added Member To Class: ClassName=X2_OutputConnector Member=Component R4 0.063W
Added Member To Class: ClassName=X2_OutputConnector Member=Component R5 0.063W
