Removed Pin From Net: NetName=GND Pin=X1-3
Removed Pin From Net: NetName=GND Pin=X1-4
Removed Pin From Net: NetName=VIN Pin=X1-5
Removed Pin From Net: NetName=VIN Pin=X1-6
Removed Pin From Net: NetName=GND Pin=X1-7
Removed Pin From Net: NetName=GND Pin=X1-8
Removed Pin From Net: NetName=GND Pin=X1-11
Removed Pin From Net: NetName=GND Pin=X1-12
Removed Pin From Net: NetName=GND Pin=X1-15
Removed Pin From Net: NetName=GND Pin=X1-16
Removed Pin From Net: NetName=DIG_IO_01 Pin=X1-17
Removed Pin From Net: NetName=DIG_IO_02 Pin=X1-18
Removed Pin From Net: NetName=GND Pin=X1-19
Removed Pin From Net: NetName=GND Pin=X1-20
Removed Pin From Net: NetName=DIG_IO_03 Pin=X1-21
Removed Pin From Net: NetName=DIG_IO_04 Pin=X1-22
Removed Pin From Net: NetName=GND Pin=X1-23
Removed Pin From Net: NetName=GND Pin=X1-24
Removed Pin From Net: NetName=DIG_IO_05 Pin=X1-25
Removed Pin From Net: NetName=DIG_IO_06 Pin=X1-26
Removed Pin From Net: NetName=GND Pin=X1-27
Removed Pin From Net: NetName=GND Pin=X1-28
Removed Pin From Net: NetName=DIG_IO_07 Pin=X1-29
Removed Pin From Net: NetName=DIG_IO_08 Pin=X1-30
Removed Pin From Net: NetName=GND Pin=X1-31
Removed Pin From Net: NetName=GND Pin=X1-32
Removed Pin From Net: NetName=DIG_IO_09 Pin=X1-33
Removed Pin From Net: NetName=DIG_IO_10 Pin=X1-34
Removed Pin From Net: NetName=GND Pin=X1-35
Removed Pin From Net: NetName=GND Pin=X1-36
Removed Pin From Net: NetName=DIG_IO_11 Pin=X1-37
Removed Pin From Net: NetName=DIG_IO_12 Pin=X1-38
Removed Pin From Net: NetName=GND Pin=X1-39
Removed Pin From Net: NetName=GND Pin=X1-40
Removed Pin From Net: NetName=DIG_IO_13 Pin=X1-41
Removed Pin From Net: NetName=DIG_IO_14 Pin=X1-42
Removed Pin From Net: NetName=GND Pin=X1-43
Removed Pin From Net: NetName=GND Pin=X1-44
Removed Pin From Net: NetName=DIG_IO_15 Pin=X1-45
Removed Pin From Net: NetName=DIG_IO_16 Pin=X1-46
Removed Pin From Net: NetName=GND Pin=X1-47
Removed Pin From Net: NetName=GND Pin=X1-48
Removed Pin From Net: NetName=GND Pin=X1-51
Removed Pin From Net: NetName=GND Pin=X1-52
Removed Pin From Net: NetName=ENABLE Pin=X1-54
Removed Pin From Net: NetName=GND Pin=X1-55
Removed Pin From Net: NetName=GND Pin=X1-56
Removed Pin From Net: NetName=DIG_IO_21 Pin=X1-57
Removed Pin From Net: NetName=DIG_IO_22 Pin=X1-58
Removed Pin From Net: NetName=GND Pin=X1-59
Removed Pin From Net: NetName=GND Pin=X1-60
Removed Pin From Net: NetName=DIG_IO_23 Pin=X1-61
Removed Pin From Net: NetName=DIG_IO_24 Pin=X1-62
Removed Pin From Net: NetName=GND Pin=X1-63
Removed Pin From Net: NetName=GND Pin=X1-64
Removed Pin From Net: NetName=DIG_IO_25 Pin=X1-65
Removed Pin From Net: NetName=DIG_IO_26 Pin=X1-66
Removed Pin From Net: NetName=GND Pin=X1-67
Removed Pin From Net: NetName=GND Pin=X1-68
Removed Pin From Net: NetName=DIG_IO_27 Pin=X1-69
Removed Pin From Net: NetName=DIG_IO_28 Pin=X1-70
Removed Pin From Net: NetName=GND Pin=X1-71
Removed Pin From Net: NetName=GND Pin=X1-72
Removed Pin From Net: NetName=DIG_IO_29 Pin=X1-73
Removed Pin From Net: NetName=DIG_IO_30 Pin=X1-74
Removed Pin From Net: NetName=GND Pin=X1-75
Removed Pin From Net: NetName=GND Pin=X1-76
Removed Pin From Net: NetName=GND Pin=X1-81
Removed Pin From Net: NetName=GND Pin=X1-82
Removed Pin From Net: NetName=GND Pin=X1-87
Removed Pin From Net: NetName=GND Pin=X1-88
Removed Pin From Net: NetName=GND Pin=X1-97
Removed Pin From Net: NetName=GND Pin=X1-98
Removed Pin From Net: NetName=PILOT_IN Pin=X1-100
Added Component: Designator=C1(CAPAE9583X66L)
Add component. Clean all parameters for all variants
Add component (AddParameter): Name = "ComponentLink1Description"; Value = "Datasheet"; VariantName = "[No Variations]"
Add component (AddParameter): Name = "ComponentLink1URL"; Value = "https://industrial.panasonic.com/cdbs/www-data/pdf/RDE0000/ABA0000C1145.pdf"; VariantName = "[No Variations]"
Add component (AddParameter): Name = "Created"; Value = "2019-12-13_Thilo_Wendt"; VariantName = "[No Variations]"
Add component (AddParameter): Name = "HelpURL"; Value = "https://industrial.panasonic.com/cdbs/www-data/pdf/RDE0000/ABA0000C1145.pdf"; VariantName = "[No Variations]"
Add component (AddParameter): Name = "Manufacturer1"; Value = "Panasonic"; VariantName = "[No Variations]"
Add component (AddParameter): Name = "MaxVoltage"; Value = "35"; VariantName = "[No Variations]"
Add component (AddParameter): Name = "MPN1"; Value = "EEE1VA470P"; VariantName = "[No Variations]"
Add component (AddParameter): Name = "Package"; Value = "CurrentFootprint"; VariantName = "[No Variations]"
Add component (AddParameter): Name = "Supplier1"; Value = "https://de.farnell.com/panasonic/eee1va470p/kondensator-47-f-35v-radial-smd/dp/2326181?st=EEE1VA470P"; VariantName = "[No Variations]"
Add component (AddParameter): Name = "Value"; Value = "47u"; VariantName = "[No Variations]"
Added Component: Designator=C2(CAPAE9583X66L)
Add component. Clean all parameters for all variants
Add component (AddParameter): Name = "ComponentLink1Description"; Value = "Datasheet"; VariantName = "[No Variations]"
Add component (AddParameter): Name = "ComponentLink1URL"; Value = "https://industrial.panasonic.com/cdbs/www-data/pdf/RDE0000/ABA0000C1145.pdf"; VariantName = "[No Variations]"
Add component (AddParameter): Name = "Created"; Value = "2019-12-13_Thilo_Wendt"; VariantName = "[No Variations]"
Add component (AddParameter): Name = "HelpURL"; Value = "https://industrial.panasonic.com/cdbs/www-data/pdf/RDE0000/ABA0000C1145.pdf"; VariantName = "[No Variations]"
Add component (AddParameter): Name = "Manufacturer1"; Value = "Panasonic"; VariantName = "[No Variations]"
Add component (AddParameter): Name = "MaxVoltage"; Value = "35"; VariantName = "[No Variations]"
Add component (AddParameter): Name = "MPN1"; Value = "EEE1VA470P"; VariantName = "[No Variations]"
Add component (AddParameter): Name = "Package"; Value = "CurrentFootprint"; VariantName = "[No Variations]"
Add component (AddParameter): Name = "Supplier1"; Value = "https://de.farnell.com/panasonic/eee1va470p/kondensator-47-f-35v-radial-smd/dp/2326181?st=EEE1VA470P"; VariantName = "[No Variations]"
Add component (AddParameter): Name = "Value"; Value = "47u"; VariantName = "[No Variations]"
Added Component: Designator=C3(CAPC1608X95X40NL15T15)
Add component. Clean all parameters for all variants
Add component (AddParameter): Name = "ComponentLink1Description"; Value = "Datasheet"; VariantName = "[No Variations]"
Add component (AddParameter): Name = "ComponentLink1URL"; Value = "https://content.kemet.com/datasheets/KEM_C1002_X7R_SMD.pdf"; VariantName = "[No Variations]"
Add component (AddParameter): Name = "Created"; Value = "2019-12-08_Thilo_Wendt"; VariantName = "[No Variations]"
Add component (AddParameter): Name = "HelpURL"; Value = "https://content.kemet.com/datasheets/KEM_C1002_X7R_SMD.pdf"; VariantName = "[No Variations]"
Add component (AddParameter): Name = "Manufacturer1"; Value = "KEMET"; VariantName = "[No Variations]"
Add component (AddParameter): Name = "MaxCap"; Value = "100n"; VariantName = "[No Variations]"
Add component (AddParameter): Name = "MaxVoltage"; Value = "100"; VariantName = "[No Variations]"
Add component (AddParameter): Name = "MinCap"; Value = "10p"; VariantName = "[No Variations]"
Add component (AddParameter): Name = "MPN1"; Value = "C0805C104K3RACTU"; VariantName = "[No Variations]"
Add component (AddParameter): Name = "Package"; Value = "CurrentFootprint"; VariantName = "[No Variations]"
Add component (AddParameter): Name = "Parameter1"; Value = "3"; VariantName = "[No Variations]"
Add component (AddParameter): Name = "Parameter1Desc"; Value = "Voltage Symbol"; VariantName = "[No Variations]"
Add component (AddParameter): Name = "Parameter2"; Value = "K"; VariantName = "[No Variations]"
Add component (AddParameter): Name = "Parameter2Desc"; Value = "Tolerance Symbol"; VariantName = "[No Variations]"
Add component (AddParameter): Name = "Parameter3"; Value = ""; VariantName = "[No Variations]"
Add component (AddParameter): Name = "Parameter3Desc"; Value = ""; VariantName = "[No Variations]"
Add component (AddParameter): Name = "Supplier1"; Value = "https://de.farnell.com/w/c/passive-bauelemente/kondensatoren/keramikkondensatoren/keramik-vielschichtkondensatoren-mlcc-smd?brand=kemet&kapazitatstoleranz=posneg-10pc&dielektrikum=x7r"; VariantName = "[No Variations]"
Add component (AddParameter): Name = "Value"; Value = "100n"; VariantName = "[No Variations]"
Added Component: Designator=C4(CAPC1608X95X40NL15T15)
Add component. Clean all parameters for all variants
Add component (AddParameter): Name = "ComponentLink1Description"; Value = "Datasheet"; VariantName = "[No Variations]"
Add component (AddParameter): Name = "ComponentLink1URL"; Value = "https://content.kemet.com/datasheets/KEM_C1002_X7R_SMD.pdf"; VariantName = "[No Variations]"
Add component (AddParameter): Name = "Created"; Value = "2019-12-08_Thilo_Wendt"; VariantName = "[No Variations]"
Add component (AddParameter): Name = "HelpURL"; Value = "https://content.kemet.com/datasheets/KEM_C1002_X7R_SMD.pdf"; VariantName = "[No Variations]"
Add component (AddParameter): Name = "Manufacturer1"; Value = "KEMET"; VariantName = "[No Variations]"
Add component (AddParameter): Name = "MaxCap"; Value = "100n"; VariantName = "[No Variations]"
Add component (AddParameter): Name = "MaxVoltage"; Value = "100"; VariantName = "[No Variations]"
Add component (AddParameter): Name = "MinCap"; Value = "10p"; VariantName = "[No Variations]"
Add component (AddParameter): Name = "MPN1"; Value = "C0805C104K3RACTU"; VariantName = "[No Variations]"
Add component (AddParameter): Name = "Package"; Value = "CurrentFootprint"; VariantName = "[No Variations]"
Add component (AddParameter): Name = "Parameter1"; Value = "3"; VariantName = "[No Variations]"
Add component (AddParameter): Name = "Parameter1Desc"; Value = "Voltage Symbol"; VariantName = "[No Variations]"
Add component (AddParameter): Name = "Parameter2"; Value = "K"; VariantName = "[No Variations]"
Add component (AddParameter): Name = "Parameter2Desc"; Value = "Tolerance Symbol"; VariantName = "[No Variations]"
Add component (AddParameter): Name = "Parameter3"; Value = ""; VariantName = "[No Variations]"
Add component (AddParameter): Name = "Parameter3Desc"; Value = ""; VariantName = "[No Variations]"
Add component (AddParameter): Name = "Supplier1"; Value = "https://de.farnell.com/w/c/passive-bauelemente/kondensatoren/keramikkondensatoren/keramik-vielschichtkondensatoren-mlcc-smd?brand=kemet&kapazitatstoleranz=posneg-10pc&dielektrikum=x7r"; VariantName = "[No Variations]"
Add component (AddParameter): Name = "Value"; Value = "100n"; VariantName = "[No Variations]"
Added Component: Designator=C5(CAPC2013X140X50ML15T20)
Add component. Clean all parameters for all variants
Add component (AddParameter): Name = "ComponentLink1Description"; Value = "Datasheet"; VariantName = "[No Variations]"
Add component (AddParameter): Name = "ComponentLink1URL"; Value = "https://content.kemet.com/datasheets/KEM_C1002_X7R_SMD.pdf"; VariantName = "[No Variations]"
Add component (AddParameter): Name = "Created"; Value = "2019-12-08_Thilo_Wendt"; VariantName = "[No Variations]"
Add component (AddParameter): Name = "HelpURL"; Value = "https://content.kemet.com/datasheets/KEM_C1002_X7R_SMD.pdf"; VariantName = "[No Variations]"
Add component (AddParameter): Name = "Manufacturer1"; Value = "KEMET"; VariantName = "[No Variations]"
Add component (AddParameter): Name = "MaxCap"; Value = "100n"; VariantName = "[No Variations]"
Add component (AddParameter): Name = "MaxVoltage"; Value = "100"; VariantName = "[No Variations]"
Add component (AddParameter): Name = "MinCap"; Value = "10p"; VariantName = "[No Variations]"
Add component (AddParameter): Name = "MPN1"; Value = "C0805C104K3RACTU"; VariantName = "[No Variations]"
Add component (AddParameter): Name = "Package"; Value = "CurrentFootprint"; VariantName = "[No Variations]"
Add component (AddParameter): Name = "Parameter1"; Value = "3"; VariantName = "[No Variations]"
Add component (AddParameter): Name = "Parameter1Desc"; Value = "Voltage Symbol"; VariantName = "[No Variations]"
Add component (AddParameter): Name = "Parameter2"; Value = "K"; VariantName = "[No Variations]"
Add component (AddParameter): Name = "Parameter2Desc"; Value = "Tolerance Symbol"; VariantName = "[No Variations]"
Add component (AddParameter): Name = "Parameter3"; Value = ""; VariantName = "[No Variations]"
Add component (AddParameter): Name = "Parameter3Desc"; Value = ""; VariantName = "[No Variations]"
Add component (AddParameter): Name = "Supplier1"; Value = "https://de.farnell.com/w/c/passive-bauelemente/kondensatoren/keramikkondensatoren/keramik-vielschichtkondensatoren-mlcc-smd?brand=kemet&kapazitatstoleranz=posneg-10pc&dielektrikum=x7r"; VariantName = "[No Variations]"
Add component (AddParameter): Name = "Value"; Value = "100n"; VariantName = "[No Variations]"
Added Component: Designator=C6(CAPC1608X95X40NL15T15)
Add component. Clean all parameters for all variants
Add component (AddParameter): Name = "ComponentLink1Description"; Value = "Datasheet"; VariantName = "[No Variations]"
Add component (AddParameter): Name = "ComponentLink1URL"; Value = "https://content.kemet.com/datasheets/KEM_C1002_X7R_SMD.pdf"; VariantName = "[No Variations]"
Add component (AddParameter): Name = "Created"; Value = "2019-12-08_Thilo_Wendt"; VariantName = "[No Variations]"
Add component (AddParameter): Name = "HelpURL"; Value = "https://content.kemet.com/datasheets/KEM_C1002_X7R_SMD.pdf"; VariantName = "[No Variations]"
Add component (AddParameter): Name = "Manufacturer1"; Value = "KEMET"; VariantName = "[No Variations]"
Add component (AddParameter): Name = "MaxCap"; Value = "100n"; VariantName = "[No Variations]"
Add component (AddParameter): Name = "MaxVoltage"; Value = "100"; VariantName = "[No Variations]"
Add component (AddParameter): Name = "MinCap"; Value = "10p"; VariantName = "[No Variations]"
Add component (AddParameter): Name = "MPN1"; Value = "C0805C104K3RACTU"; VariantName = "[No Variations]"
Add component (AddParameter): Name = "Package"; Value = "CurrentFootprint"; VariantName = "[No Variations]"
Add component (AddParameter): Name = "Parameter1"; Value = "3"; VariantName = "[No Variations]"
Add component (AddParameter): Name = "Parameter1Desc"; Value = "Voltage Symbol"; VariantName = "[No Variations]"
Add component (AddParameter): Name = "Parameter2"; Value = "K"; VariantName = "[No Variations]"
Add component (AddParameter): Name = "Parameter2Desc"; Value = "Tolerance Symbol"; VariantName = "[No Variations]"
Add component (AddParameter): Name = "Parameter3"; Value = ""; VariantName = "[No Variations]"
Add component (AddParameter): Name = "Parameter3Desc"; Value = ""; VariantName = "[No Variations]"
Add component (AddParameter): Name = "Supplier1"; Value = "https://de.farnell.com/w/c/passive-bauelemente/kondensatoren/keramikkondensatoren/keramik-vielschichtkondensatoren-mlcc-smd?brand=kemet&kapazitatstoleranz=posneg-10pc&dielektrikum=x7r"; VariantName = "[No Variations]"
Add component (AddParameter): Name = "Value"; Value = "100n"; VariantName = "[No Variations]"
Added Component: Designator=R1(RESC1608X55X30NL15T15)
Add component. Clean all parameters for all variants
Add component (AddParameter): Name = "ComponentLink1Description"; Value = "Datasheet"; VariantName = "[No Variations]"
Add component (AddParameter): Name = "ComponentLink1URL"; Value = "https://www.mouser.de/datasheet/2/315/AOA0000C334-1314047.pdf"; VariantName = "[No Variations]"
Add component (AddParameter): Name = "Created"; Value = "2019-12-08_Thilo_Wendt"; VariantName = "[No Variations]"
Add component (AddParameter): Name = "HelpURL"; Value = "https://www.mouser.de/datasheet/2/315/AOA0000C334-1314047.pdf"; VariantName = "[No Variations]"
Add component (AddParameter): Name = "Manufacturer1"; Value = "Panasonic"; VariantName = "[No Variations]"
Add component (AddParameter): Name = "MaxVoltage"; Value = "100"; VariantName = "[No Variations]"
Add component (AddParameter): Name = "MPN1"; Value = "ERJ-U030R00V"; VariantName = "[No Variations]"
Add component (AddParameter): Name = "Package"; Value = "CurrentFootprint"; VariantName = "[No Variations]"
Add component (AddParameter): Name = "Parameter1"; Value = "V"; VariantName = "[No Variations]"
Add component (AddParameter): Name = "Parameter1Desc"; Value = "Package Method"; VariantName = "[No Variations]"
Add component (AddParameter): Name = "Parameter2"; Value = "F"; VariantName = "[No Variations]"
Add component (AddParameter): Name = "Parameter2Desc"; Value = "Tolerance Symbol"; VariantName = "[No Variations]"
Add component (AddParameter): Name = "Parameter3"; Value = "U03"; VariantName = "[No Variations]"
Add component (AddParameter): Name = "Parameter3Desc"; Value = "Package Symbol"; VariantName = "[No Variations]"
Add component (AddParameter): Name = "Supplier1"; Value = "https://de.farnell.com/w/search?qualifizierungsstandard-der-automobilindustrie=aec-q200&range=inc-in-stock&st=erju"; VariantName = "[No Variations]"
Add component (AddParameter): Name = "Value"; Value = "0"; VariantName = "[No Variations]"
Added Component: Designator=R2(RESC1608X55X30NL15T15)
Add component. Clean all parameters for all variants
Add component (AddParameter): Name = "ComponentLink1Description"; Value = "Datasheet"; VariantName = "[No Variations]"
Add component (AddParameter): Name = "ComponentLink1URL"; Value = "https://www.mouser.de/datasheet/2/315/AOA0000C334-1314047.pdf"; VariantName = "[No Variations]"
Add component (AddParameter): Name = "Created"; Value = "2019-12-08_Thilo_Wendt"; VariantName = "[No Variations]"
Add component (AddParameter): Name = "HelpURL"; Value = "https://www.mouser.de/datasheet/2/315/AOA0000C334-1314047.pdf"; VariantName = "[No Variations]"
Add component (AddParameter): Name = "Manufacturer1"; Value = "Panasonic"; VariantName = "[No Variations]"
Add component (AddParameter): Name = "MaxVoltage"; Value = "100"; VariantName = "[No Variations]"
Add component (AddParameter): Name = "MPN1"; Value = "ERJ-U030R00V"; VariantName = "[No Variations]"
Add component (AddParameter): Name = "Package"; Value = "CurrentFootprint"; VariantName = "[No Variations]"
Add component (AddParameter): Name = "Parameter1"; Value = "V"; VariantName = "[No Variations]"
Add component (AddParameter): Name = "Parameter1Desc"; Value = "Package Method"; VariantName = "[No Variations]"
Add component (AddParameter): Name = "Parameter2"; Value = "F"; VariantName = "[No Variations]"
Add component (AddParameter): Name = "Parameter2Desc"; Value = "Tolerance Symbol"; VariantName = "[No Variations]"
Add component (AddParameter): Name = "Parameter3"; Value = "U03"; VariantName = "[No Variations]"
Add component (AddParameter): Name = "Parameter3Desc"; Value = "Package Symbol"; VariantName = "[No Variations]"
Add component (AddParameter): Name = "Supplier1"; Value = "https://de.farnell.com/w/search?qualifizierungsstandard-der-automobilindustrie=aec-q200&range=inc-in-stock&st=erju"; VariantName = "[No Variations]"
Add component (AddParameter): Name = "Value"; Value = "0"; VariantName = "[No Variations]"
Added Component: Designator=U1(R78C1510)
Add component. Clean all parameters for all variants
Add component (AddParameter): Name = "ComponentLink1Description"; Value = "Datasheet"; VariantName = "[No Variations]"
Add component (AddParameter): Name = "ComponentLink1URL"; Value = "https://www.recom-power.com/pdf/Innoline/R-78Cxx-1.0.pdf"; VariantName = "[No Variations]"
Add component (AddParameter): Name = "Created"; Value = "2019-12-11_Thilo_Wendt"; VariantName = "[No Variations]"
Add component (AddParameter): Name = "HelpURL"; Value = "https://www.recom-power.com/pdf/Innoline/R-78Cxx-1.0.pdf"; VariantName = "[No Variations]"
Add component (AddParameter): Name = "Manufacturer1"; Value = "RECOM Power"; VariantName = "[No Variations]"
Add component (AddParameter): Name = "MaxVoltage"; Value = "42"; VariantName = "[No Variations]"
Add component (AddParameter): Name = "MinVoltage"; Value = "18"; VariantName = "[No Variations]"
Add component (AddParameter): Name = "MPN1"; Value = "R-78C15-1.0"; VariantName = "[No Variations]"
Add component (AddParameter): Name = "OutputVoltage"; Value = "15"; VariantName = "[No Variations]"
Add component (AddParameter): Name = "Package"; Value = "CurrentFootprint"; VariantName = "[No Variations]"
Add component (AddParameter): Name = "Value"; Value = "R-78C15-1.0"; VariantName = "[No Variations]"
Added Pin To Net: NetName=PILOT_IN Pin=R1-2
Added Pin To Net: NetName=GND Pin=R2-1
Added Pin To Net: NetName=VIN Pin=X1-3
Added Pin To Net: NetName=VIN Pin=X1-4
Added Pin To Net: NetName=GND Pin=X1-5
Added Pin To Net: NetName=GND Pin=X1-6
Added Pin To Net: NetName=GND Pin=X1-9
Added Pin To Net: NetName=GND Pin=X1-10
Added Pin To Net: NetName=GND Pin=X1-13
Added Pin To Net: NetName=GND Pin=X1-14
Added Pin To Net: NetName=DIG_IO_01 Pin=X1-15
Added Pin To Net: NetName=DIG_IO_02 Pin=X1-16
Added Pin To Net: NetName=GND Pin=X1-17
Added Pin To Net: NetName=GND Pin=X1-18
Added Pin To Net: NetName=DIG_IO_03 Pin=X1-19
Added Pin To Net: NetName=DIG_IO_04 Pin=X1-20
Added Pin To Net: NetName=GND Pin=X1-21
Added Pin To Net: NetName=GND Pin=X1-22
Added Pin To Net: NetName=DIG_IO_05 Pin=X1-23
Added Pin To Net: NetName=DIG_IO_06 Pin=X1-24
Added Pin To Net: NetName=GND Pin=X1-25
Added Pin To Net: NetName=GND Pin=X1-26
Added Pin To Net: NetName=DIG_IO_07 Pin=X1-27
Added Pin To Net: NetName=DIG_IO_08 Pin=X1-28
Added Pin To Net: NetName=GND Pin=X1-29
Added Pin To Net: NetName=GND Pin=X1-30
Added Pin To Net: NetName=DIG_IO_09 Pin=X1-31
Added Pin To Net: NetName=DIG_IO_10 Pin=X1-32
Added Pin To Net: NetName=GND Pin=X1-33
Added Pin To Net: NetName=GND Pin=X1-34
Added Pin To Net: NetName=DIG_IO_11 Pin=X1-35
Added Pin To Net: NetName=DIG_IO_12 Pin=X1-36
Added Pin To Net: NetName=GND Pin=X1-37
Added Pin To Net: NetName=GND Pin=X1-38
Added Pin To Net: NetName=DIG_IO_13 Pin=X1-39
Added Pin To Net: NetName=DIG_IO_14 Pin=X1-40
Added Pin To Net: NetName=GND Pin=X1-41
Added Pin To Net: NetName=GND Pin=X1-42
Added Pin To Net: NetName=DIG_IO_15 Pin=X1-43
Added Pin To Net: NetName=DIG_IO_16 Pin=X1-44
Added Pin To Net: NetName=GND Pin=X1-45
Added Pin To Net: NetName=GND Pin=X1-46
Added Pin To Net: NetName=GND Pin=X1-49
Added Pin To Net: NetName=GND Pin=X1-50
Added Pin To Net: NetName=ENABLE Pin=X1-52
Added Pin To Net: NetName=GND Pin=X1-53
Added Pin To Net: NetName=GND Pin=X1-54
Added Pin To Net: NetName=DIG_IO_21 Pin=X1-55
Added Pin To Net: NetName=DIG_IO_22 Pin=X1-56
Added Pin To Net: NetName=GND Pin=X1-57
Added Pin To Net: NetName=GND Pin=X1-58
Added Pin To Net: NetName=DIG_IO_23 Pin=X1-59
Added Pin To Net: NetName=DIG_IO_24 Pin=X1-60
Added Pin To Net: NetName=GND Pin=X1-61
Added Pin To Net: NetName=GND Pin=X1-62
Added Pin To Net: NetName=DIG_IO_25 Pin=X1-63
Added Pin To Net: NetName=DIG_IO_26 Pin=X1-64
Added Pin To Net: NetName=GND Pin=X1-65
Added Pin To Net: NetName=GND Pin=X1-66
Added Pin To Net: NetName=DIG_IO_27 Pin=X1-67
Added Pin To Net: NetName=DIG_IO_28 Pin=X1-68
Added Pin To Net: NetName=GND Pin=X1-69
Added Pin To Net: NetName=GND Pin=X1-70
Added Pin To Net: NetName=DIG_IO_29 Pin=X1-71
Added Pin To Net: NetName=DIG_IO_30 Pin=X1-72
Added Pin To Net: NetName=GND Pin=X1-73
Added Pin To Net: NetName=GND Pin=X1-74
Added Pin To Net: NetName=GND Pin=X1-79
Added Pin To Net: NetName=GND Pin=X1-80
Added Pin To Net: NetName=GND Pin=X1-85
Added Pin To Net: NetName=GND Pin=X1-86
Added Pin To Net: NetName=GND Pin=X1-95
Added Pin To Net: NetName=GND Pin=X1-96
Added Pin To Net: NetName=PILOT_IN Pin=X1-98
Change Net Name : Old Net Name=DCPLD_DigIn_01 New Net Name=DCPLD_DigIn_02
Change Net Name : Old Net Name=DCPLD_DigOut_01 New Net Name=DCPLD_DigOut_02
Change Net Name : Old Net Name=I2C0_SCA New Net Name=DIG_Res_04
Change Net Name : Old Net Name=I2C0_SCL New Net Name=DIG_Res_03
Change Net Name : Old Net Name=PS_DIG_GPIO_01 New Net Name=DIG_Res_01
Change Net Name : Old Net Name=PS_DIG_GPIO_02 New Net Name=DIG_Res_02
Added Pin To Net: NetName=3.3V_PER Pin=X1-11
Added Pin To Net: NetName=3.3V_PER Pin=X1-12
Added Net: Name=3.3V_PER
Added Pin To Net: NetName=5V_PER Pin=X1-7
Added Pin To Net: NetName=5V_PER Pin=X1-8
Added Net: Name=5V_PER
Added Pin To Net: NetName=Collective_FLT Pin=X1-94
Added Net: Name=Collective_FLT
Added Pin To Net: NetName=DCPLD_DigIn_01 Pin=X1-81
Added Net: Name=DCPLD_DigIn_01
Added Pin To Net: NetName=DCPLD_DigOut_01 Pin=X1-82
Added Net: Name=DCPLD_DigOut_01
Added Pin To Net: NetName=DIG_IO_17 Pin=X1-47
Added Net: Name=DIG_IO_17
Added Pin To Net: NetName=DIG_IO_18 Pin=X1-48
Added Net: Name=DIG_IO_18
Added Pin To Net: NetName=DIG_IO_19 Pin=X1-51
Added Net: Name=DIG_IO_19
Added Pin To Net: NetName=DIG_Res_05 Pin=X1-91
Added Net: Name=DIG_Res_05
Added Pin To Net: NetName=DIG_Res_06 Pin=X1-92
Added Net: Name=DIG_Res_06
Added Pin To Net: NetName=DIG_Res_07 Pin=X1-93
Added Net: Name=DIG_Res_07
Added Pin To Net: NetName=I2C0_SCA Pin=X1-88
Added Net: Name=I2C0_SCA
Added Pin To Net: NetName=I2C0_SCL Pin=X1-87
Added Net: Name=I2C0_SCL
Added Pin To Net: NetName=PILOT_OUT Pin=R1-1
Added Pin To Net: NetName=PILOT_OUT Pin=R2-2
Added Pin To Net: NetName=PILOT_OUT Pin=X1-97
Added Net: Name=PILOT_OUT
Added Pin To Net: NetName=PS_DIG_GPIO_01 Pin=X1-75
Added Net: Name=PS_DIG_GPIO_01
Added Pin To Net: NetName=PS_DIG_GPIO_02 Pin=X1-76
Added Net: Name=PS_DIG_GPIO_02
Added Pin To Net: NetName=VOUT Pin=C2-1
Added Pin To Net: NetName=VOUT Pin=C5-2
Added Pin To Net: NetName=VOUT Pin=C6-2
Added Pin To Net: NetName=VOUT Pin=U1-3
Added Net: Name=VOUT
Added Class: Name=U_RECOM_R-78C15-1
Added Class: Name=X1
Added Class: Name=DIG_IO[1..30]
Added Class: Name=DIG_Res[1..7]
Added Room: Name=U_RECOM_R-78C15-1
Added Room: Name=X1
