Removed Pin From Net: NetName=VIN Pin=X1-3
Removed Pin From Net: NetName=VIN Pin=X1-4
Removed Pin From Net: NetName=GND Pin=X1-5
Removed Pin From Net: NetName=GND Pin=X1-6
Removed Pin From Net: NetName=5V0 Pin=X1-7
Removed Pin From Net: NetName=5V0 Pin=X1-8
Removed Pin From Net: NetName=GND Pin=X1-9
Removed Pin From Net: NetName=GND Pin=X1-10
Removed Pin From Net: NetName=3V3 Pin=X1-11
Removed Pin From Net: NetName=3V3 Pin=X1-12
Removed Pin From Net: NetName=GND Pin=X1-13
Removed Pin From Net: NetName=GND Pin=X1-14
Removed Pin From Net: NetName=2A8B Pin=X1-15
Removed Pin From Net: NetName=2A7B Pin=X1-16
Removed Pin From Net: NetName=GND Pin=X1-17
Removed Pin From Net: NetName=GND Pin=X1-18
Removed Pin From Net: NetName=2A6B Pin=X1-19
Removed Pin From Net: NetName=2A5B Pin=X1-20
Removed Pin From Net: NetName=GND Pin=X1-21
Removed Pin From Net: NetName=GND Pin=X1-22
Removed Pin From Net: NetName=2A4B Pin=X1-23
Removed Pin From Net: NetName=2A3B Pin=X1-24
Removed Pin From Net: NetName=GND Pin=X1-25
Removed Pin From Net: NetName=GND Pin=X1-26
Removed Pin From Net: NetName=2A2B Pin=X1-27
Removed Pin From Net: NetName=2A1B Pin=X1-28
Removed Pin From Net: NetName=GND Pin=X1-29
Removed Pin From Net: NetName=GND Pin=X1-30
Removed Pin From Net: NetName=1A8B Pin=X1-31
Removed Pin From Net: NetName=1A7B Pin=X1-32
Removed Pin From Net: NetName=GND Pin=X1-33
Removed Pin From Net: NetName=GND Pin=X1-34
Removed Pin From Net: NetName=1A6B Pin=X1-35
Removed Pin From Net: NetName=1A5B Pin=X1-36
Removed Pin From Net: NetName=GND Pin=X1-37
Removed Pin From Net: NetName=GND Pin=X1-38
Removed Pin From Net: NetName=1A4B Pin=X1-39
Removed Pin From Net: NetName=1A3B Pin=X1-40
Removed Pin From Net: NetName=GND Pin=X1-41
Removed Pin From Net: NetName=GND Pin=X1-42
Removed Pin From Net: NetName=1A2B Pin=X1-43
Removed Pin From Net: NetName=1A1B Pin=X1-44
Removed Pin From Net: NetName=GND Pin=X1-45
Removed Pin From Net: NetName=GND Pin=X1-46
Removed Pin From Net: NetName=2A6A Pin=X1-47
Removed Pin From Net: NetName=2A5A Pin=X1-48
Removed Pin From Net: NetName=GND Pin=X1-49
Removed Pin From Net: NetName=GND Pin=X1-50
Removed Pin From Net: NetName=2A4A Pin=X1-51
Removed Pin From Net: NetName=2A3A Pin=X1-52
Removed Pin From Net: NetName=GND Pin=X1-53
Removed Pin From Net: NetName=GND Pin=X1-54
Removed Pin From Net: NetName=2A2A Pin=X1-55
Removed Pin From Net: NetName=2A1A Pin=X1-56
Removed Pin From Net: NetName=GND Pin=X1-57
Removed Pin From Net: NetName=GND Pin=X1-58
Removed Pin From Net: NetName=1A8A Pin=X1-59
Removed Pin From Net: NetName=1A7A Pin=X1-60
Removed Pin From Net: NetName=GND Pin=X1-61
Removed Pin From Net: NetName=GND Pin=X1-62
Removed Pin From Net: NetName=1A6A Pin=X1-63
Removed Pin From Net: NetName=1A5A Pin=X1-64
Removed Pin From Net: NetName=GND Pin=X1-65
Removed Pin From Net: NetName=GND Pin=X1-66
Removed Pin From Net: NetName=1A4A Pin=X1-67
Removed Pin From Net: NetName=1A3A Pin=X1-68
Removed Pin From Net: NetName=GND Pin=X1-69
Removed Pin From Net: NetName=GND Pin=X1-70
Removed Pin From Net: NetName=1A2A Pin=X1-71
Removed Pin From Net: NetName=1A1A Pin=X1-72
Removed Pin From Net: NetName=GND Pin=X1-73
Removed Pin From Net: NetName=GND Pin=X1-74
Removed Pin From Net: NetName=ENABLE Pin=X1-75
Removed Pin From Net: NetName=DIG_Res_01 Pin=X1-77
Removed Pin From Net: NetName=GND Pin=X1-79
Removed Pin From Net: NetName=GND Pin=X1-80
Removed Pin From Net: NetName=GND Pin=X1-85
Removed Pin From Net: NetName=GND Pin=X1-86
Removed Pin From Net: NetName=GND Pin=X1-95
Removed Pin From Net: NetName=GND Pin=X1-96
Removed Pin From Net: NetName=PILOT_OUT Pin=X1-97
Removed Pin From Net: NetName=PILOT_IN Pin=X1-98
Added Pin To Net: NetName=GND Pin=X1-3
Added Pin To Net: NetName=GND Pin=X1-4
Added Pin To Net: NetName=VIN Pin=X1-5
Added Pin To Net: NetName=VIN Pin=X1-6
Added Pin To Net: NetName=GND Pin=X1-7
Added Pin To Net: NetName=GND Pin=X1-8
Added Pin To Net: NetName=5V0 Pin=X1-9
Added Pin To Net: NetName=5V0 Pin=X1-10
Added Pin To Net: NetName=GND Pin=X1-11
Added Pin To Net: NetName=GND Pin=X1-12
Added Pin To Net: NetName=3V3 Pin=X1-13
Added Pin To Net: NetName=3V3 Pin=X1-14
Added Pin To Net: NetName=GND Pin=X1-15
Added Pin To Net: NetName=GND Pin=X1-16
Added Pin To Net: NetName=2A8B Pin=X1-17
Added Pin To Net: NetName=2A7B Pin=X1-18
Added Pin To Net: NetName=GND Pin=X1-19
Added Pin To Net: NetName=GND Pin=X1-20
Added Pin To Net: NetName=2A6B Pin=X1-21
Added Pin To Net: NetName=2A5B Pin=X1-22
Added Pin To Net: NetName=GND Pin=X1-23
Added Pin To Net: NetName=GND Pin=X1-24
Added Pin To Net: NetName=2A4B Pin=X1-25
Added Pin To Net: NetName=2A3B Pin=X1-26
Added Pin To Net: NetName=GND Pin=X1-27
Added Pin To Net: NetName=GND Pin=X1-28
Added Pin To Net: NetName=2A2B Pin=X1-29
Added Pin To Net: NetName=2A1B Pin=X1-30
Added Pin To Net: NetName=GND Pin=X1-31
Added Pin To Net: NetName=GND Pin=X1-32
Added Pin To Net: NetName=1A8B Pin=X1-33
Added Pin To Net: NetName=1A7B Pin=X1-34
Added Pin To Net: NetName=GND Pin=X1-35
Added Pin To Net: NetName=GND Pin=X1-36
Added Pin To Net: NetName=1A6B Pin=X1-37
Added Pin To Net: NetName=1A5B Pin=X1-38
Added Pin To Net: NetName=GND Pin=X1-39
Added Pin To Net: NetName=GND Pin=X1-40
Added Pin To Net: NetName=1A4B Pin=X1-41
Added Pin To Net: NetName=1A3B Pin=X1-42
Added Pin To Net: NetName=GND Pin=X1-43
Added Pin To Net: NetName=GND Pin=X1-44
Added Pin To Net: NetName=1A2B Pin=X1-45
Added Pin To Net: NetName=1A1B Pin=X1-46
Added Pin To Net: NetName=GND Pin=X1-47
Added Pin To Net: NetName=GND Pin=X1-48
Added Pin To Net: NetName=2A6A Pin=X1-49
Added Pin To Net: NetName=2A5A Pin=X1-50
Added Pin To Net: NetName=GND Pin=X1-51
Added Pin To Net: NetName=GND Pin=X1-52
Added Pin To Net: NetName=2A4A Pin=X1-53
Added Pin To Net: NetName=2A3A Pin=X1-54
Added Pin To Net: NetName=GND Pin=X1-55
Added Pin To Net: NetName=GND Pin=X1-56
Added Pin To Net: NetName=2A2A Pin=X1-57
Added Pin To Net: NetName=2A1A Pin=X1-58
Added Pin To Net: NetName=GND Pin=X1-59
Added Pin To Net: NetName=GND Pin=X1-60
Added Pin To Net: NetName=1A8A Pin=X1-61
Added Pin To Net: NetName=1A7A Pin=X1-62
Added Pin To Net: NetName=GND Pin=X1-63
Added Pin To Net: NetName=GND Pin=X1-64
Added Pin To Net: NetName=1A6A Pin=X1-65
Added Pin To Net: NetName=1A5A Pin=X1-66
Added Pin To Net: NetName=GND Pin=X1-67
Added Pin To Net: NetName=GND Pin=X1-68
Added Pin To Net: NetName=1A4A Pin=X1-69
Added Pin To Net: NetName=1A3A Pin=X1-70
Added Pin To Net: NetName=GND Pin=X1-71
Added Pin To Net: NetName=GND Pin=X1-72
Added Pin To Net: NetName=1A2A Pin=X1-73
Added Pin To Net: NetName=1A1A Pin=X1-74
Added Pin To Net: NetName=GND Pin=X1-75
Added Pin To Net: NetName=GND Pin=X1-76
Added Pin To Net: NetName=ENABLE Pin=X1-77
Added Pin To Net: NetName=DIG_Res_01 Pin=X1-79
Added Pin To Net: NetName=GND Pin=X1-81
Added Pin To Net: NetName=GND Pin=X1-82
Added Pin To Net: NetName=GND Pin=X1-87
Added Pin To Net: NetName=GND Pin=X1-88
Added Pin To Net: NetName=GND Pin=X1-97
Added Pin To Net: NetName=GND Pin=X1-98
Added Pin To Net: NetName=PILOT_OUT Pin=X1-99
Added Pin To Net: NetName=PILOT_IN Pin=X1-100
Change Net Name : Old Net Name=Collective_FLT New Net Name=DIG_Res_06
Change Net Name : Old Net Name=DCPLD_DigIn_02 New Net Name=CPLD_DigIn_01
Change Net Name : Old Net Name=DCPLD_DigOut_02 New Net Name=CPLD_DigOut_01
Change Net Name : Old Net Name=DIG_Res_02 New Net Name=PS_DIG_GPIO_02
Change Net Name : Old Net Name=DIG_Res_03 New Net Name=I2C0_SCL
Change Net Name : Old Net Name=DIG_Res_04 New Net Name=I2C0_SCA
Change Net Name : Old Net Name=DIG_Res_05 New Net Name=DIG_Res_03
Change Net Name : Old Net Name=DIG_Res_06 New Net Name=DIG_Res_04
Change Net Name : Old Net Name=DIG_Res_07 New Net Name=DIG_Res_05
Added Pin To Net: NetName=Collective_FLT Pin=X1-96
Added Net: Name=Collective_FLT
Added Pin To Net: NetName=CPLD_DigIn_02 Pin=X1-85
Added Net: Name=CPLD_DigIn_02
Added Pin To Net: NetName=CPLD_DigOut_02 Pin=X1-86
Added Net: Name=CPLD_DigOut_02
Added Pin To Net: NetName=DIG_Res_02 Pin=X1-80
Added Net: Name=DIG_Res_02
Added Pin To Net: NetName=DIG_Res_07 Pin=X1-95
Added Net: Name=DIG_Res_07
