Change Component Footprint: Designator=C3 Old Footprint=CAPC2013X140X50ML15T20 New Footprint=CAPC3216X180X50NL20T25
Change Component Footprint: Designator=C4 Old Footprint=CAPC2013X140X50ML15T20 New Footprint=CAPC3216X180X50NL20T25
Change Component Footprint: Designator=C5 Old Footprint=CAPC2013X140X50ML15T20 New Footprint=CAPC3216X180X50NL20T25
Change Component Footprint: Designator=C6 Old Footprint=CAPC2013X140X50ML15T20 New Footprint=CAPC3216X180X50NL20T25
Change Component Footprint: Designator=C1 Old Footprint=CAPC3216X180X50ML20T25 New Footprint=CAPC3216X180X50NL20T25
Change Component Footprint: Designator=C2 Old Footprint=CAPC3216X180X50ML20T25 New Footprint=CAPC3216X180X50NL20T25
Change Component Footprint: Designator=C3 Old Footprint=CAPC3216X180X50ML20T25 New Footprint=CAPC3216X180X50NL20T25
Change Component Footprint: Designator=C4 Old Footprint=CAPC3216X180X50ML20T25 New Footprint=CAPC3216X180X50NL20T25
Change Component Footprint: Designator=C5 Old Footprint=CAPC3216X180X50ML20T25 New Footprint=CAPC3216X180X50NL20T25
Change Component Footprint: Designator=C6 Old Footprint=CAPC3216X180X50ML20T25 New Footprint=CAPC3216X180X50NL20T25
Change Component Footprint: Designator=C7 Old Footprint=CAPC3216X180X50ML20T25 New Footprint=CAPC3216X180X50NL20T25
Change Component Footprint: Designator=C8 Old Footprint=CAPC3216X180X50ML20T25 New Footprint=CAPC3216X180X50NL20T25
Change Component Footprint: Designator=C9 Old Footprint=CAPC3216X180X50ML20T25 New Footprint=CAPC3216X180X50NL20T25
Change Component Footprint: Designator=C10 Old Footprint=CAPC3216X180X50ML20T25 New Footprint=CAPC3216X180X50NL20T25
Change Component Footprint: Designator=C11 Old Footprint=CAPC3216X180X50ML20T25 New Footprint=CAPC3216X180X50NL20T25
Change Component Footprint: Designator=C12 Old Footprint=CAPC3216X180X50ML20T25 New Footprint=CAPC3216X180X50NL20T25
Change Component Footprint: Designator=C13 Old Footprint=CAPC3216X180X50ML20T25 New Footprint=CAPC3216X180X50NL20T25
Change Component Footprint: Designator=C14 Old Footprint=CAPC3216X180X50ML20T25 New Footprint=CAPC3216X180X50NL20T25
Change Component Footprint: Designator=C15 Old Footprint=CAPC3216X180X50ML20T25 New Footprint=CAPC3216X180X50NL20T25
Change Component Footprint: Designator=C16 Old Footprint=CAPC3216X180X50ML20T25 New Footprint=CAPC3216X180X50NL20T25
Change Component Footprint: Designator=R24 Old Footprint=RESC3216X70X50LL20T25_CONFIG New Footprint=RESC1608X55X30NL15T15_CONFIG
Change Component Comment : Designator=D1 Old Comment=#NAME? New Comment=LED_Amber
Change Component Comment : Designator=D2 Old Comment=#NAME? New Comment=LED_Blue
Change Component Comment : Designator=D3 Old Comment=#NAME? New Comment=LED_Green
Change Component Comment : Designator=D4 Old Comment=#NAME? New Comment=LED_red
Change Component Comment : Designator=D5 Old Comment=#NAME? New Comment=LED_Yellow
Change Component Comment : Designator=R1 Old Comment=0.1W New Comment=R_TF
Change Component Comment : Designator=R2 Old Comment=0.1W New Comment=R_TF
Change Component Comment : Designator=R3A Old Comment=0.1W New Comment=R_TF
Change Component Comment : Designator=R3B Old Comment=0.1W New Comment=R_TF
Change Component Comment : Designator=R3C Old Comment=0.1W New Comment=R_TF
Change Component Comment : Designator=R3D Old Comment=0.1W New Comment=R_TF
Change Component Comment : Designator=R3E Old Comment=0.1W New Comment=R_TF
Change Component Comment : Designator=R4A Old Comment=0.1W New Comment=R_TF
Change Component Comment : Designator=R4B Old Comment=0.1W New Comment=R_TF
Change Component Comment : Designator=R4C Old Comment=0.1W New Comment=R_TF
Change Component Comment : Designator=R4D Old Comment=0.1W New Comment=R_TF
Change Component Comment : Designator=R4E Old Comment=0.1W New Comment=R_TF
Change Component Comment : Designator=R5A Old Comment=0.1W New Comment=R_TF
Change Component Comment : Designator=R5B Old Comment=0.1W New Comment=R_TF
Change Component Comment : Designator=R5C Old Comment=0.1W New Comment=R_TF
Change Component Comment : Designator=R5D Old Comment=0.1W New Comment=R_TF
Change Component Comment : Designator=R5E Old Comment=0.1W New Comment=R_TF
Change Component Comment : Designator=R6A Old Comment=0.1W New Comment=R_TF
Change Component Comment : Designator=R6B Old Comment=0.1W New Comment=R_TF
Change Component Comment : Designator=R6C Old Comment=0.1W New Comment=R_TF
Change Component Comment : Designator=R6D Old Comment=0.1W New Comment=R_TF
Change Component Comment : Designator=R6E Old Comment=0.1W New Comment=R_TF
Change Component Comment : Designator=R7A Old Comment=0.1W New Comment=R_TF
Change Component Comment : Designator=R7B Old Comment=0.1W New Comment=R_TF
Change Component Comment : Designator=R7C Old Comment=0.1W New Comment=R_TF
Change Component Comment : Designator=R7D Old Comment=0.1W New Comment=R_TF
Change Component Comment : Designator=R7E Old Comment=0.1W New Comment=R_TF
Change Component Comment : Designator=R8A Old Comment=0.1W New Comment=R_TF
Change Component Comment : Designator=R8B Old Comment=0.1W New Comment=R_TF
Change Component Comment : Designator=R8C Old Comment=0.1W New Comment=R_TF
Change Component Comment : Designator=R8D Old Comment=0.1W New Comment=R_TF
Change Component Comment : Designator=R8E Old Comment=0.1W New Comment=R_TF
Change Component Comment : Designator=R9 Old Comment=0.1W New Comment=R_TF
Change Component Comment : Designator=R10 Old Comment=0.1W New Comment=R_TF
Change Component Comment : Designator=R11 Old Comment=0.1W New Comment=R_TF
Change Component Comment : Designator=R12 Old Comment=0.1W New Comment=R_TF
Change Component Comment : Designator=R13 Old Comment=0.1W New Comment=R_TF
Change Component Comment : Designator=R24 Old Comment=0.1W New Comment=R_TF
Change Component Comment : Designator=R32A Old Comment=0.1W New Comment=R_TF
Change Component Comment : Designator=R32B Old Comment=0.1W New Comment=R_TF
Change Component Comment : Designator=R33A Old Comment=0.1W New Comment=R_TF
Change Component Comment : Designator=R33B Old Comment=0.1W New Comment=R_TF
Change Component Comment : Designator=R34A Old Comment=0.1W New Comment=R_TF
Change Component Comment : Designator=R34B Old Comment=0.1W New Comment=R_TF
Change Component Comment : Designator=R35A Old Comment=0.1W New Comment=R_TF
Change Component Comment : Designator=R35B Old Comment=0.1W New Comment=R_TF
Change Component Comment : Designator=R23 Old Comment=0.5W New Comment=R_TF
Change Component Comment : Designator=R3 Old Comment=0.063W New Comment=R_ARRAY
Change Component Comment : Designator=R4 Old Comment=0.063W New Comment=R_ARRAY
Change Component Comment : Designator=R5 Old Comment=0.063W New Comment=R_ARRAY
Change Component Comment : Designator=R6 Old Comment=0.063W New Comment=R_ARRAY
Change Component Comment : Designator=R15 Old Comment=0.063W New Comment=R_ARRAY
Change Component Comment : Designator=R16 Old Comment=0.063W New Comment=R_ARRAY
Change Component Comment : Designator=R17 Old Comment=0.063W New Comment=R_ARRAY
Change Component Comment : Designator=R18 Old Comment=0.063W New Comment=R_ARRAY
Change Component Comment : Designator=R18 Old Comment=0.063W New Comment=R_ARRAY
Change Component Comment : Designator=R19 Old Comment=0.063W New Comment=R_ARRAY
Change Component Comment : Designator=R19 Old Comment=0.063W New Comment=R_ARRAY
Change Component Comment : Designator=R20 Old Comment=0.063W New Comment=R_ARRAY
Change Component Comment : Designator=R20 Old Comment=0.063W New Comment=R_ARRAY
Change Component Comment : Designator=R21 Old Comment=0.063W New Comment=R_ARRAY
Change Component Comment : Designator=R22 Old Comment=0.063W New Comment=R_ARRAY
Change Component Comment : Designator=R29 Old Comment=0.063W New Comment=R_ARRAY
Change Component Comment : Designator=R40 Old Comment=0.063W New Comment=R_ARRAY
Change Component Comment : Designator=C1 Old Comment=ALEL SMD New Comment=C_ALEL
Change Component Comment : Designator=C2 Old Comment=ALEL SMD New Comment=C_ALEL
Change Component Comment : Designator=U6A Old Comment=SN74LVCH16T245 New Comment=SN74LVCH16T245DLR
Change Component Comment : Designator=U6B Old Comment=SN74LVCH16T245 New Comment=SN74LVCH16T245DLR
Change Component Comment : Designator=C1 Old Comment=X7R SMD New Comment=C_X7R
Change Component Comment : Designator=C2 Old Comment=X7R SMD New Comment=C_X7R
Change Component Comment : Designator=C3 Old Comment=X7R SMD New Comment=C_X7R
Change Component Comment : Designator=C3 Old Comment=X7R SMD New Comment=C_X7R
Change Component Comment : Designator=C4 Old Comment=X7R SMD New Comment=C_X7R
Change Component Comment : Designator=C4 Old Comment=X7R SMD New Comment=C_X7R
Change Component Comment : Designator=C5 Old Comment=X7R SMD New Comment=C_X7R
Change Component Comment : Designator=C5 Old Comment=X7R SMD New Comment=C_X7R
Change Component Comment : Designator=C6 Old Comment=X7R SMD New Comment=C_X7R
Change Component Comment : Designator=C6 Old Comment=X7R SMD New Comment=C_X7R
Change Component Comment : Designator=C7 Old Comment=X7R SMD New Comment=C_X7R
Change Component Comment : Designator=C8 Old Comment=X7R SMD New Comment=C_X7R
Change Component Comment : Designator=C9 Old Comment=X7R SMD New Comment=C_X7R
Change Component Comment : Designator=C10 Old Comment=X7R SMD New Comment=C_X7R
Change Component Comment : Designator=C11 Old Comment=X7R SMD New Comment=C_X7R
Change Component Comment : Designator=C12 Old Comment=X7R SMD New Comment=C_X7R
Change Component Comment : Designator=C13 Old Comment=X7R SMD New Comment=C_X7R
Change Component Comment : Designator=C14 Old Comment=X7R SMD New Comment=C_X7R
Change Component Comment : Designator=C15 Old Comment=X7R SMD New Comment=C_X7R
Change Component Comment : Designator=C16 Old Comment=X7R SMD New Comment=C_X7R
Change Net Name : Old Net Name=NetR25A_2 New Net Name=NetR32A_2
Change Net Name : Old Net Name=NetR25B_2 New Net Name=NetR32B_2
Change Net Name : Old Net Name=NetR26A_2 New Net Name=NetR34A_2
Change Net Name : Old Net Name=NetR26B_2 New Net Name=NetR34B_2
Change Net Name : Old Net Name=NetR27A_1 New Net Name=NetR33A_1
Change Net Name : Old Net Name=NetR27B_1 New Net Name=NetR33B_1
Change Net Name : Old Net Name=NetR28A_1 New Net Name=NetR35A_1
Change Net Name : Old Net Name=NetR28B_1 New Net Name=NetR35B_1
