Removed Pin From Net: NetName=5V Pin=C1_LS15VA-1
Removed Pin From Net: NetName=GND Pin=C1_LS15VA-2
Removed Pin From Net: NetName=5V Pin=C1_LS15VB-1
Removed Pin From Net: NetName=GND Pin=C1_LS15VB-2
Removed Pin From Net: NetName=5V Pin=C1_LS15VC-1
Removed Pin From Net: NetName=GND Pin=C1_LS15VC-2
Removed Pin From Net: NetName=5V Pin=C1_LS15VD-1
Removed Pin From Net: NetName=GND Pin=C1_LS15VD-2
Removed Pin From Net: NetName=5V Pin=C1_LS15VE-1
Removed Pin From Net: NetName=GND Pin=C1_LS15VE-2
Removed Pin From Net: NetName=15V0 Pin=C2_LS15VA-1
Removed Pin From Net: NetName=GND Pin=C2_LS15VA-2
Removed Pin From Net: NetName=15V0 Pin=C2_LS15VB-1
Removed Pin From Net: NetName=GND Pin=C2_LS15VB-2
Removed Pin From Net: NetName=15V0 Pin=C2_LS15VC-1
Removed Pin From Net: NetName=GND Pin=C2_LS15VC-2
Removed Pin From Net: NetName=15V0 Pin=C2_LS15VD-1
Removed Pin From Net: NetName=GND Pin=C2_LS15VD-2
Removed Pin From Net: NetName=15V0 Pin=C2_LS15VE-1
Removed Pin From Net: NetName=GND Pin=C2_LS15VE-2
