Change component parameters: Designator = "U1_LS5V_A"; Footprint = "TI_DL-R-PDSO-G48_N"; UniqueID = "\REEOQYYS\IIHAQJIS\SHYXJNDG\FWISZRIU"
Change component parameters. Clean all parameters for all variants
Change component parameters (AddParameter): Name = "Created"; Value = "2019-12-11_Thilo_Wendt"; VariantName = "[No Variations]"
Change component parameters (AddParameter): Name = "HelpURL"; Value = "http://www.ti.com/lit/gpn/sn74lvch16t245"; VariantName = "[No Variations]"
Change component parameters (AddParameter): Name = "Manufacturer1"; Value = "Texas Instruments"; VariantName = "[No Variations]"
Change component parameters (AddParameter): Name = "Max Voltage"; Value = "5.5"; VariantName = "[No Variations]"
Change component parameters (AddParameter): Name = "MPN1"; Value = "SN74LVCH16T245"; VariantName = "[No Variations]"
Change component parameters (AddParameter): Name = "Package"; Value = "CurrentFootprint"; VariantName = "[No Variations]"
Change component parameters (AddParameter): Name = "SPN1"; Value = "595-SN74LVCH16T245GR"; VariantName = "[No Variations]"
Change component parameters (AddParameter): Name = "SPN2"; Value = "8143916P"; VariantName = "[No Variations]"
Change component parameters (AddParameter): Name = "Supplier1"; Value = "https://www.mouser.com/Search/Refine.aspx?Keyword=595-SN74LVCH16T245GR"; VariantName = "[No Variations]"
Change component parameters (AddParameter): Name = "Supplier2"; Value = "http://uk.rs-online.com/web/p/products/8143916P"; VariantName = "[No Variations]"
Change component parameters (AddParameter): Name = "Value"; Value = "SN74LVCH16T245"; VariantName = "[No Variations]"
Change component parameters: Designator = "U1_LS5V_B"; Footprint = "TI_DL-R-PDSO-G48_N"; UniqueID = "\REEOQYYS\IIHAQJIS\VRXDBBMP\FWISZRIU"
Change component parameters. Clean all parameters for all variants
Change component parameters (AddParameter): Name = "Created"; Value = "2019-12-11_Thilo_Wendt"; VariantName = "[No Variations]"
Change component parameters (AddParameter): Name = "HelpURL"; Value = "http://www.ti.com/lit/gpn/sn74lvch16t245"; VariantName = "[No Variations]"
Change component parameters (AddParameter): Name = "Manufacturer1"; Value = "Texas Instruments"; VariantName = "[No Variations]"
Change component parameters (AddParameter): Name = "Max Voltage"; Value = "5.5"; VariantName = "[No Variations]"
Change component parameters (AddParameter): Name = "MPN1"; Value = "SN74LVCH16T245"; VariantName = "[No Variations]"
Change component parameters (AddParameter): Name = "Package"; Value = "CurrentFootprint"; VariantName = "[No Variations]"
Change component parameters (AddParameter): Name = "SPN1"; Value = "595-SN74LVCH16T245GR"; VariantName = "[No Variations]"
Change component parameters (AddParameter): Name = "SPN2"; Value = "8143916P"; VariantName = "[No Variations]"
Change component parameters (AddParameter): Name = "Supplier1"; Value = "https://www.mouser.com/Search/Refine.aspx?Keyword=595-SN74LVCH16T245GR"; VariantName = "[No Variations]"
Change component parameters (AddParameter): Name = "Supplier2"; Value = "http://uk.rs-online.com/web/p/products/8143916P"; VariantName = "[No Variations]"
Change component parameters (AddParameter): Name = "Value"; Value = "SN74LVCH16T245"; VariantName = "[No Variations]"
