Added Component: Designator=R1(RESC1608X55X30NL15T15)
Add component. Clean all parameters for all variants
Add component (AddParameter): Name = "ComponentLink1Description"; Value = "Datasheet"; VariantName = "[No Variations]"
Add component (AddParameter): Name = "ComponentLink1URL"; Value = "https://www.mouser.de/datasheet/2/315/AOA0000C334-1314047.pdf"; VariantName = "[No Variations]"
Add component (AddParameter): Name = "Created"; Value = "2019-12-08_Thilo_Wendt"; VariantName = "[No Variations]"
Add component (AddParameter): Name = "HelpURL"; Value = "https://www.mouser.de/datasheet/2/315/AOA0000C334-1314047.pdf"; VariantName = "[No Variations]"
Add component (AddParameter): Name = "Manufacturer1"; Value = "Panasonic"; VariantName = "[No Variations]"
Add component (AddParameter): Name = "MaxVoltage"; Value = "100"; VariantName = "[No Variations]"
Add component (AddParameter): Name = "MPN1"; Value = "ERJ-U030R00V"; VariantName = "[No Variations]"
Add component (AddParameter): Name = "Package"; Value = "CurrentFootprint"; VariantName = "[No Variations]"
Add component (AddParameter): Name = "Parameter1"; Value = "V"; VariantName = "[No Variations]"
Add component (AddParameter): Name = "Parameter1Desc"; Value = "Package Method"; VariantName = "[No Variations]"
Add component (AddParameter): Name = "Parameter2"; Value = "F"; VariantName = "[No Variations]"
Add component (AddParameter): Name = "Parameter2Desc"; Value = "Tolerance Symbol"; VariantName = "[No Variations]"
Add component (AddParameter): Name = "Parameter3"; Value = "U03"; VariantName = "[No Variations]"
Add component (AddParameter): Name = "Parameter3Desc"; Value = "Package Symbol"; VariantName = "[No Variations]"
Add component (AddParameter): Name = "Supplier1"; Value = "https://de.farnell.com/w/search?qualifizierungsstandard-der-automobilindustrie=aec-q200&range=inc-in-stock&st=erju"; VariantName = "[No Variations]"
Add component (AddParameter): Name = "Value"; Value = "0"; VariantName = "[No Variations]"
Added Pin To Net: NetName=PILOT_OUT Pin=R1-1
Added Pin To Net: NetName=PILOT_IN Pin=R1-2
Added Member To Class: ClassName=PS1 Member=Component C2 ALEL SMD
Added Member To Class: ClassName=PS1 Member=Component C4 X7R SMD
Added Member To Class: ClassName=PS1 Member=Component C5 X7R SMD
Added Member To Class: ClassName=X1_top Member=Component R1 0.1W
Added Member To Class: ClassName=LS15V_top Member=Component R2 0.1W
Added Member To Class: ClassName=X1_top Member=Component R2 0.1W
