Removed Pin From Net: NetName=UNTERM17 Pin=R16-1
Removed Pin From Net: NetName=UNTERM18 Pin=R16-2
Removed Pin From Net: NetName=UNTERM19 Pin=R16-3
Removed Pin From Net: NetName=UNTERM20 Pin=R16-4
Removed Pin From Net: NetName=UNTERM21 Pin=R16-5
Removed Pin From Net: NetName=UNTERM22 Pin=R16-6
Removed Pin From Net: NetName=UNTERM23 Pin=R16-7
Removed Pin From Net: NetName=UNTERM24 Pin=R16-8
Removed Pin From Net: NetName=DIG_IO_P24 Pin=R16-9
Removed Pin From Net: NetName=DIG_IO_P23 Pin=R16-10
Removed Pin From Net: NetName=DIG_IO_P22 Pin=R16-11
Removed Pin From Net: NetName=DIG_IO_P21 Pin=R16-12
Removed Pin From Net: NetName=DIG_IO_P20 Pin=R16-13
Removed Pin From Net: NetName=DIG_IO_P19 Pin=R16-14
Removed Pin From Net: NetName=DIG_IO_P18 Pin=R16-15
Removed Pin From Net: NetName=DIG_IO_P17 Pin=R16-16
Removed Pin From Net: NetName=UNTERM9 Pin=R17-1
Removed Pin From Net: NetName=UNTERM10 Pin=R17-2
Removed Pin From Net: NetName=UNTERM11 Pin=R17-3
Removed Pin From Net: NetName=UNTERM12 Pin=R17-4
Removed Pin From Net: NetName=UNTERM13 Pin=R17-5
Removed Pin From Net: NetName=UNTERM14 Pin=R17-6
Removed Pin From Net: NetName=UNTERM15 Pin=R17-7
Removed Pin From Net: NetName=UNTERM16 Pin=R17-8
Removed Pin From Net: NetName=DIG_IO_P16 Pin=R17-9
Removed Pin From Net: NetName=DIG_IO_P15 Pin=R17-10
Removed Pin From Net: NetName=DIG_IO_P14 Pin=R17-11
Removed Pin From Net: NetName=DIG_IO_P13 Pin=R17-12
Removed Pin From Net: NetName=DIG_IO_P12 Pin=R17-13
Removed Pin From Net: NetName=DIG_IO_P11 Pin=R17-14
Removed Pin From Net: NetName=DIG_IO_P10 Pin=R17-15
Removed Pin From Net: NetName=DIG_IO_P9 Pin=R17-16
Removed Pin From Net: NetName=UNTERM25 Pin=R18-1
Removed Pin From Net: NetName=UNTERM26 Pin=R18-2
Removed Pin From Net: NetName=UNTERM27 Pin=R18-3
Removed Pin From Net: NetName=UNTERM28 Pin=R18-4
Removed Pin From Net: NetName=UNTERM29 Pin=R18-5
Removed Pin From Net: NetName=UNTERM30 Pin=R18-6
Removed Pin From Net: NetName=DIG_IO_P30 Pin=R18-11
Removed Pin From Net: NetName=DIG_IO_P29 Pin=R18-12
Removed Pin From Net: NetName=DIG_IO_P28 Pin=R18-13
Removed Pin From Net: NetName=DIG_IO_P27 Pin=R18-14
Removed Pin From Net: NetName=DIG_IO_P26 Pin=R18-15
Removed Pin From Net: NetName=DIG_IO_P25 Pin=R18-16
Removed Pin From Net: NetName=DIG_I_DIFF_A_N2 Pin=R19-5
Removed Pin From Net: NetName=DIG_I_DIFF_B_N2 Pin=R19-6
Removed Pin From Net: NetName=DIG_I_DIFF_C_N2 Pin=R19-7
Removed Pin From Net: NetName=DIG_I_DIFF_D_N2 Pin=R19-8
Removed Pin From Net: NetName=DIG_IO_N8 Pin=R19-9
Removed Pin From Net: NetName=DIG_IO_N7 Pin=R19-10
Removed Pin From Net: NetName=DIG_IO_N6 Pin=R19-11
Removed Pin From Net: NetName=DIG_IO_N5 Pin=R19-12
Removed Pin From Net: NetName=DIG_I_DIFF_A_N5 Pin=R20-1
Removed Pin From Net: NetName=DIG_I_DIFF_B_N5 Pin=R20-2
Removed Pin From Net: NetName=DIG_I_DIFF_C_N5 Pin=R20-3
Removed Pin From Net: NetName=DIG_I_DIFF_D_N5 Pin=R20-4
Removed Pin From Net: NetName=DIG_I_DIFF_A_N6 Pin=R20-5
Removed Pin From Net: NetName=DIG_I_DIFF_B_N6 Pin=R20-6
Removed Pin From Net: NetName=DIG_I_DIFF_C_N6 Pin=R20-7
Removed Pin From Net: NetName=DIG_I_DIFF_D_N6 Pin=R20-8
Removed Pin From Net: NetName=DIG_IO_N24 Pin=R20-9
Removed Pin From Net: NetName=DIG_IO_N23 Pin=R20-10
Removed Pin From Net: NetName=DIG_IO_N22 Pin=R20-11
Removed Pin From Net: NetName=DIG_IO_N21 Pin=R20-12
Removed Pin From Net: NetName=DIG_IO_N20 Pin=R20-13
Removed Pin From Net: NetName=DIG_IO_N19 Pin=R20-14
Removed Pin From Net: NetName=DIG_IO_N18 Pin=R20-15
Removed Pin From Net: NetName=DIG_IO_N17 Pin=R20-16
Removed Pin From Net: NetName=DIG_I_DIFF_A_N3 Pin=R21-1
Removed Pin From Net: NetName=DIG_I_DIFF_B_N3 Pin=R21-2
Removed Pin From Net: NetName=DIG_I_DIFF_C_N3 Pin=R21-3
Removed Pin From Net: NetName=DIG_I_DIFF_D_N3 Pin=R21-4
Removed Pin From Net: NetName=DIG_I_DIFF_A_N4 Pin=R21-5
Removed Pin From Net: NetName=DIG_I_DIFF_B_N4 Pin=R21-6
Removed Pin From Net: NetName=DIG_I_DIFF_C_N4 Pin=R21-7
Removed Pin From Net: NetName=DIG_I_DIFF_D_N4 Pin=R21-8
Removed Pin From Net: NetName=DIG_IO_N16 Pin=R21-9
Removed Pin From Net: NetName=DIG_IO_N15 Pin=R21-10
Removed Pin From Net: NetName=DIG_IO_N14 Pin=R21-11
Removed Pin From Net: NetName=DIG_IO_N13 Pin=R21-12
Removed Pin From Net: NetName=DIG_IO_N12 Pin=R21-13
Removed Pin From Net: NetName=DIG_IO_N11 Pin=R21-14
Removed Pin From Net: NetName=DIG_IO_N10 Pin=R21-15
Removed Pin From Net: NetName=DIG_IO_N9 Pin=R21-16
Removed Pin From Net: NetName=DIG_I_DIFF_A_N7 Pin=R22-1
Removed Pin From Net: NetName=DIG_I_DIFF_B_N7 Pin=R22-2
Removed Pin From Net: NetName=DIG_I_DIFF_C_N7 Pin=R22-3
Removed Pin From Net: NetName=DIG_I_DIFF_D_N7 Pin=R22-4
Removed Pin From Net: NetName=DIG_I_DIFF_A_N8 Pin=R22-5
Removed Pin From Net: NetName=DIG_I_DIFF_C_N8 Pin=R22-6
Removed Pin From Net: NetName=DIG_IO_N30 Pin=R22-11
Removed Pin From Net: NetName=DIG_IO_N29 Pin=R22-12
Removed Pin From Net: NetName=DIG_IO_N28 Pin=R22-13
Removed Pin From Net: NetName=DIG_IO_N27 Pin=R22-14
Removed Pin From Net: NetName=DIG_IO_N26 Pin=R22-15
Removed Pin From Net: NetName=DIG_IO_N25 Pin=R22-16
Added Component: Designator=R22(RESCAXE-80P320X160X50-8N)
Add component. Clean all parameters for all variants
Add component (AddParameter): Name = "ComponentLink1Description"; Value = "Datasheet"; VariantName = "[No Variations]"
Add component (AddParameter): Name = "ComponentLink1URL"; Value = "https://www.mouser.de/datasheet/2/315/AOC0000C14-1108062.pdf"; VariantName = "[No Variations]"
Add component (AddParameter): Name = "ComponentLink2Description"; Value = "Landpattern"; VariantName = "[No Variations]"
Add component (AddParameter): Name = "ComponentLink2URL"; Value = "https://industrial.panasonic.com/cdbs/www-data/pdf/AOC0000/AOC0000COL4.pdf"; VariantName = "[No Variations]"
Add component (AddParameter): Name = "Created"; Value = "2020-01-03_Thilo_Wendt"; VariantName = "[No Variations]"
Add component (AddParameter): Name = "HelpURL"; Value = "https://www.mouser.de/datasheet/2/315/AOC0000C14-1108062.pdf"; VariantName = "[No Variations]"
Add component (AddParameter): Name = "Manufacturer1"; Value = "Panasonic"; VariantName = "[No Variations]"
Add component (AddParameter): Name = "MaxVoltage"; Value = "100"; VariantName = "[No Variations]"
Add component (AddParameter): Name = "MPN1"; Value = "EXB38V<2dig_res+#zeros><tol/jumper>V"; VariantName = "[No Variations]"
Add component (AddParameter): Name = "Package"; Value = "CurrentFootprint"; VariantName = "[No Variations]"
Add component (AddParameter): Name = "Parameter1"; Value = "V"; VariantName = "[No Variations]"
Add component (AddParameter): Name = "Parameter1Desc"; Value = "Package Method"; VariantName = "[No Variations]"
Add component (AddParameter): Name = "Parameter2"; Value = "J"; VariantName = "[No Variations]"
Add component (AddParameter): Name = "Parameter2Desc"; Value = "Tolerance Symbol"; VariantName = "[No Variations]"
Add component (AddParameter): Name = "Parameter3"; Value = ""; VariantName = "[No Variations]"
Add component (AddParameter): Name = "Parameter3Desc"; Value = ""; VariantName = "[No Variations]"
Add component (AddParameter): Name = "Supplier1"; Value = "https://de.farnell.com/w/search?range=inc-in-stock&st=exb38V"; VariantName = "[No Variations]"
Added Pin To Net: NetName=DIG_I_DIFF_A_N3 Pin=R16-1
Added Pin To Net: NetName=UNTERM9 Pin=R16-2
Added Pin To Net: NetName=DIG_I_DIFF_B_N3 Pin=R16-3
Added Pin To Net: NetName=UNTERM10 Pin=R16-4
Added Pin To Net: NetName=UNTERM11 Pin=R16-5
Added Pin To Net: NetName=DIG_I_DIFF_C_N3 Pin=R16-6
Added Pin To Net: NetName=UNTERM12 Pin=R16-7
Added Pin To Net: NetName=DIG_I_DIFF_D_N3 Pin=R16-8
Added Pin To Net: NetName=DIG_IO_N12 Pin=R16-9
Added Pin To Net: NetName=DIG_IO_P12 Pin=R16-10
Added Pin To Net: NetName=DIG_IO_N11 Pin=R16-11
Added Pin To Net: NetName=DIG_IO_P11 Pin=R16-12
Added Pin To Net: NetName=DIG_IO_P10 Pin=R16-13
Added Pin To Net: NetName=DIG_IO_N10 Pin=R16-14
Added Pin To Net: NetName=DIG_IO_P9 Pin=R16-15
Added Pin To Net: NetName=DIG_IO_N9 Pin=R16-16
Added Pin To Net: NetName=DIG_I_DIFF_A_N2 Pin=R17-1
Added Pin To Net: NetName=UNTERM5 Pin=R17-2
Added Pin To Net: NetName=DIG_I_DIFF_B_N2 Pin=R17-3
Added Pin To Net: NetName=UNTERM6 Pin=R17-4
Added Pin To Net: NetName=UNTERM7 Pin=R17-5
Added Pin To Net: NetName=DIG_I_DIFF_C_N2 Pin=R17-6
Added Pin To Net: NetName=UNTERM8 Pin=R17-7
Added Pin To Net: NetName=DIG_I_DIFF_D_N2 Pin=R17-8
Added Pin To Net: NetName=DIG_IO_N8 Pin=R17-9
Added Pin To Net: NetName=DIG_IO_P8 Pin=R17-10
Added Pin To Net: NetName=DIG_IO_N7 Pin=R17-11
Added Pin To Net: NetName=DIG_IO_P7 Pin=R17-12
Added Pin To Net: NetName=DIG_IO_P6 Pin=R17-13
Added Pin To Net: NetName=DIG_IO_N6 Pin=R17-14
Added Pin To Net: NetName=DIG_IO_P5 Pin=R17-15
Added Pin To Net: NetName=DIG_IO_N5 Pin=R17-16
Added Pin To Net: NetName=DIG_I_DIFF_A_N4 Pin=R18-1
Added Pin To Net: NetName=UNTERM13 Pin=R18-2
Added Pin To Net: NetName=DIG_I_DIFF_B_N4 Pin=R18-3
Added Pin To Net: NetName=UNTERM14 Pin=R18-4
Added Pin To Net: NetName=UNTERM15 Pin=R18-5
Added Pin To Net: NetName=DIG_I_DIFF_C_N4 Pin=R18-6
Added Pin To Net: NetName=UNTERM16 Pin=R18-7
Added Pin To Net: NetName=DIG_I_DIFF_D_N4 Pin=R18-8
Added Pin To Net: NetName=DIG_IO_N16 Pin=R18-9
Added Pin To Net: NetName=DIG_IO_P16 Pin=R18-10
Added Pin To Net: NetName=DIG_IO_N15 Pin=R18-11
Added Pin To Net: NetName=DIG_IO_P15 Pin=R18-12
Added Pin To Net: NetName=DIG_IO_P14 Pin=R18-13
Added Pin To Net: NetName=DIG_IO_N14 Pin=R18-14
Added Pin To Net: NetName=DIG_IO_P13 Pin=R18-15
Added Pin To Net: NetName=DIG_IO_N13 Pin=R18-16
Added Pin To Net: NetName=DIG_I_DIFF_A_N5 Pin=R19-1
Added Pin To Net: NetName=UNTERM17 Pin=R19-2
Added Pin To Net: NetName=DIG_I_DIFF_B_N5 Pin=R19-3
Added Pin To Net: NetName=UNTERM18 Pin=R19-4
Added Pin To Net: NetName=UNTERM19 Pin=R19-5
Added Pin To Net: NetName=DIG_I_DIFF_C_N5 Pin=R19-6
Added Pin To Net: NetName=UNTERM20 Pin=R19-7
Added Pin To Net: NetName=DIG_I_DIFF_D_N5 Pin=R19-8
Added Pin To Net: NetName=DIG_IO_N20 Pin=R19-9
Added Pin To Net: NetName=DIG_IO_P20 Pin=R19-10
Added Pin To Net: NetName=DIG_IO_N19 Pin=R19-11
Added Pin To Net: NetName=DIG_IO_P19 Pin=R19-12
Added Pin To Net: NetName=DIG_IO_P18 Pin=R19-13
Added Pin To Net: NetName=DIG_IO_N18 Pin=R19-14
Added Pin To Net: NetName=DIG_IO_P17 Pin=R19-15
Added Pin To Net: NetName=DIG_IO_N17 Pin=R19-16
Added Pin To Net: NetName=DIG_I_DIFF_A_N7 Pin=R20-1
Added Pin To Net: NetName=UNTERM25 Pin=R20-2
Added Pin To Net: NetName=DIG_I_DIFF_B_N7 Pin=R20-3
Added Pin To Net: NetName=UNTERM26 Pin=R20-4
Added Pin To Net: NetName=UNTERM27 Pin=R20-5
Added Pin To Net: NetName=DIG_I_DIFF_C_N7 Pin=R20-6
Added Pin To Net: NetName=UNTERM28 Pin=R20-7
Added Pin To Net: NetName=DIG_I_DIFF_D_N7 Pin=R20-8
Added Pin To Net: NetName=DIG_IO_N28 Pin=R20-9
Added Pin To Net: NetName=DIG_IO_P28 Pin=R20-10
Added Pin To Net: NetName=DIG_IO_N27 Pin=R20-11
Added Pin To Net: NetName=DIG_IO_P27 Pin=R20-12
Added Pin To Net: NetName=DIG_IO_P26 Pin=R20-13
Added Pin To Net: NetName=DIG_IO_N26 Pin=R20-14
Added Pin To Net: NetName=DIG_IO_P25 Pin=R20-15
Added Pin To Net: NetName=DIG_IO_N25 Pin=R20-16
Added Pin To Net: NetName=DIG_I_DIFF_A_N6 Pin=R21-1
Added Pin To Net: NetName=UNTERM21 Pin=R21-2
Added Pin To Net: NetName=DIG_I_DIFF_B_N6 Pin=R21-3
Added Pin To Net: NetName=UNTERM22 Pin=R21-4
Added Pin To Net: NetName=UNTERM23 Pin=R21-5
Added Pin To Net: NetName=DIG_I_DIFF_C_N6 Pin=R21-6
Added Pin To Net: NetName=UNTERM24 Pin=R21-7
Added Pin To Net: NetName=DIG_I_DIFF_D_N6 Pin=R21-8
Added Pin To Net: NetName=DIG_IO_N24 Pin=R21-9
Added Pin To Net: NetName=DIG_IO_P24 Pin=R21-10
Added Pin To Net: NetName=DIG_IO_N23 Pin=R21-11
Added Pin To Net: NetName=DIG_IO_P23 Pin=R21-12
Added Pin To Net: NetName=DIG_IO_P22 Pin=R21-13
Added Pin To Net: NetName=DIG_IO_N22 Pin=R21-14
Added Pin To Net: NetName=DIG_IO_P21 Pin=R21-15
Added Pin To Net: NetName=DIG_IO_N21 Pin=R21-16
Added Pin To Net: NetName=DIG_I_DIFF_A_N8 Pin=R22-1
Added Pin To Net: NetName=UNTERM29 Pin=R22-2
Added Pin To Net: NetName=UNTERM30 Pin=R22-3
Added Pin To Net: NetName=DIG_I_DIFF_C_N8 Pin=R22-4
Added Pin To Net: NetName=DIG_IO_N30 Pin=R22-5
Added Pin To Net: NetName=DIG_IO_P30 Pin=R22-6
Added Pin To Net: NetName=DIG_IO_P29 Pin=R22-7
Added Pin To Net: NetName=DIG_IO_N29 Pin=R22-8
