Removed Pin From Net: NetName=DIG_IO_3V3_B2 Pin=R9-1
Removed Pin From Net: NetName=DIG_IO_3V3_A3 Pin=R9-7
Removed Pin From Net: NetName=DIG_IO_5V_C2 Pin=R9-10
Removed Pin From Net: NetName=DIG_IO_5V_A2 Pin=R9-16
Removed Pin From Net: NetName=DIG_IO_3V3_B2 Pin=U1_LS5V_B-35
Removed Pin From Net: NetName=DIG_IO_3V3_A3 Pin=U1_LS5V_B-37
Removed Pin From Net: NetName=DIG_IO_3V3_A8 Pin=U3_RS422A-1
Removed Pin From Net: NetName=DIG_IO_3V3_C8 Pin=U3_RS422A-9
Removed Pin From Net: NetName=DIG_IO_3V3_A1 Pin=U3_RS422B-1
Removed Pin From Net: NetName=DIG_IO_3V3_B1 Pin=U3_RS422B-7
Removed Pin From Net: NetName=DIG_IO_3V3_C1 Pin=U3_RS422B-9
Removed Pin From Net: NetName=DIG_IO_3V3_D1 Pin=U3_RS422B-15
Removed Pin From Net: NetName=DIG_IO_3V3_A2 Pin=U3_RS422C-1
Removed Pin From Net: NetName=DIG_IO_3V3_B2 Pin=U3_RS422C-7
Removed Pin From Net: NetName=DIG_IO_3V3_C2 Pin=U3_RS422C-9
Removed Pin From Net: NetName=DIG_IO_3V3_D2 Pin=U3_RS422C-15
Removed Pin From Net: NetName=DIG_IO_3V3_A3 Pin=U3_RS422D-1
Removed Pin From Net: NetName=DIG_IO_3V3_B3 Pin=U3_RS422D-7
Removed Pin From Net: NetName=DIG_IO_3V3_C3 Pin=U3_RS422D-9
Removed Pin From Net: NetName=DIG_IO_3V3_D3 Pin=U3_RS422D-15
Removed Pin From Net: NetName=DIG_IO_3V3_A4 Pin=U3_RS422E-1
Removed Pin From Net: NetName=DIG_IO_3V3_B4 Pin=U3_RS422E-7
Removed Pin From Net: NetName=DIG_IO_3V3_C4 Pin=U3_RS422E-9
Removed Pin From Net: NetName=DIG_IO_3V3_D4 Pin=U3_RS422E-15
Removed Pin From Net: NetName=DIG_IO_3V3_A5 Pin=U3_RS422F-1
Removed Pin From Net: NetName=DIG_IO_3V3_B5 Pin=U3_RS422F-7
Removed Pin From Net: NetName=DIG_IO_3V3_C5 Pin=U3_RS422F-9
Removed Pin From Net: NetName=DIG_IO_3V3_D5 Pin=U3_RS422F-15
Removed Pin From Net: NetName=DIG_IO_3V3_A6 Pin=U3_RS422G-1
Removed Pin From Net: NetName=DIG_IO_3V3_B6 Pin=U3_RS422G-7
Removed Pin From Net: NetName=DIG_IO_3V3_C6 Pin=U3_RS422G-9
Removed Pin From Net: NetName=DIG_IO_3V3_D6 Pin=U3_RS422G-15
Removed Pin From Net: NetName=DIG_IO_3V3_A7 Pin=U3_RS422H-1
Removed Pin From Net: NetName=DIG_IO_3V3_B7 Pin=U3_RS422H-7
Removed Pin From Net: NetName=DIG_IO_3V3_C7 Pin=U3_RS422H-9
Removed Pin From Net: NetName=DIG_IO_3V3_D7 Pin=U3_RS422H-15
Removed Pin From Net: NetName=DIG_IO_3V3_A8 Pin=U4_RS422_rec_H-3
Removed Pin From Net: NetName=DIG_IO_3V3_C8 Pin=U4_RS422_rec_H-5
Removed Pin From Net: NetName=DIG_IO_3V3_A1 Pin=U4_RS422_recA-3
Removed Pin From Net: NetName=DIG_IO_3V3_B1 Pin=U4_RS422_recA-5
Removed Pin From Net: NetName=DIG_IO_3V3_C1 Pin=U4_RS422_recA-11
Removed Pin From Net: NetName=DIG_IO_3V3_D1 Pin=U4_RS422_recA-13
Removed Pin From Net: NetName=DIG_IO_3V3_A2 Pin=U4_RS422_recB-3
Removed Pin From Net: NetName=DIG_IO_3V3_C2 Pin=U4_RS422_recB-11
Removed Pin From Net: NetName=DIG_IO_3V3_D2 Pin=U4_RS422_recB-13
Removed Pin From Net: NetName=DIG_IO_3V3_B3 Pin=U4_RS422_recC-5
Removed Pin From Net: NetName=DIG_IO_3V3_C3 Pin=U4_RS422_recC-11
Removed Pin From Net: NetName=DIG_IO_3V3_D3 Pin=U4_RS422_recC-13
Removed Pin From Net: NetName=DIG_IO_3V3_A4 Pin=U4_RS422_recD-3
Removed Pin From Net: NetName=DIG_IO_3V3_B4 Pin=U4_RS422_recD-5
Removed Pin From Net: NetName=DIG_IO_3V3_C4 Pin=U4_RS422_recD-11
Removed Pin From Net: NetName=DIG_IO_3V3_D4 Pin=U4_RS422_recD-13
Removed Pin From Net: NetName=DIG_IO_3V3_A5 Pin=U4_RS422_recE-3
Removed Pin From Net: NetName=DIG_IO_3V3_B5 Pin=U4_RS422_recE-5
Removed Pin From Net: NetName=DIG_IO_3V3_C5 Pin=U4_RS422_recE-11
Removed Pin From Net: NetName=DIG_IO_3V3_D5 Pin=U4_RS422_recE-13
Removed Pin From Net: NetName=DIG_IO_3V3_A6 Pin=U4_RS422_recF-3
Removed Pin From Net: NetName=DIG_IO_3V3_B6 Pin=U4_RS422_recF-5
Removed Pin From Net: NetName=DIG_IO_3V3_C6 Pin=U4_RS422_recF-11
Removed Pin From Net: NetName=DIG_IO_3V3_D6 Pin=U4_RS422_recF-13
Removed Pin From Net: NetName=DIG_IO_3V3_A7 Pin=U4_RS422_recG-3
Removed Pin From Net: NetName=DIG_IO_3V3_B7 Pin=U4_RS422_recG-5
Removed Pin From Net: NetName=DIG_IO_3V3_C7 Pin=U4_RS422_recG-11
Removed Pin From Net: NetName=DIG_IO_3V3_D7 Pin=U4_RS422_recG-13
Removed Pin From Net: NetName=DIG_IO_3V3_B2 Pin=X1-27
Removed Pin From Net: NetName=DIG_IO_3V3_A3 Pin=X1-31
Added Pin To Net: NetName=DIG_IO_5V_A2 Pin=R9-10
Added Pin To Net: NetName=DIG_IO_5V_C2 Pin=R9-16
Added Pin To Net: NetName=DIG_IO_5V_E5 Pin=U3_RS422A-1
Added Pin To Net: NetName=DIG_IO_5V_F5 Pin=U3_RS422A-9
Added Pin To Net: NetName=DIG_IO_5V_A1 Pin=U3_RS422B-1
Added Pin To Net: NetName=DIG_IO_5V_B1 Pin=U3_RS422B-7
Added Pin To Net: NetName=DIG_IO_5V_C1 Pin=U3_RS422B-9
Added Pin To Net: NetName=DIG_IO_5V_D1 Pin=U3_RS422B-15
Added Pin To Net: NetName=DIG_IO_5V_E1 Pin=U3_RS422C-1
Added Pin To Net: NetName=DIG_IO_5V_F1 Pin=U3_RS422C-7
Added Pin To Net: NetName=DIG_IO_5V_A2 Pin=U3_RS422C-9
Added Pin To Net: NetName=DIG_IO_5V_B2 Pin=U3_RS422C-15
Added Pin To Net: NetName=DIG_IO_5V_C2 Pin=U3_RS422D-1
Added Pin To Net: NetName=DIG_IO_5V_D2 Pin=U3_RS422D-7
Added Pin To Net: NetName=DIG_IO_5V_E2 Pin=U3_RS422D-9
Added Pin To Net: NetName=DIG_IO_5V_F2 Pin=U3_RS422D-15
Added Pin To Net: NetName=DIG_IO_5V_A3 Pin=U3_RS422E-1
Added Pin To Net: NetName=DIG_IO_5V_B3 Pin=U3_RS422E-7
Added Pin To Net: NetName=DIG_IO_5V_C3 Pin=U3_RS422E-9
Added Pin To Net: NetName=DIG_IO_5V_D3 Pin=U3_RS422E-15
Added Pin To Net: NetName=DIG_IO_5V_E3 Pin=U3_RS422F-1
Added Pin To Net: NetName=DIG_IO_5V_F3 Pin=U3_RS422F-7
Added Pin To Net: NetName=DIG_IO_5V_A4 Pin=U3_RS422F-9
Added Pin To Net: NetName=DIG_IO_5V_B4 Pin=U3_RS422F-15
Added Pin To Net: NetName=DIG_IO_5V_C4 Pin=U3_RS422G-1
Added Pin To Net: NetName=DIG_IO_5V_D4 Pin=U3_RS422G-7
Added Pin To Net: NetName=DIG_IO_5V_E4 Pin=U3_RS422G-9
Added Pin To Net: NetName=DIG_IO_5V_F4 Pin=U3_RS422G-15
Added Pin To Net: NetName=DIG_IO_5V_A5 Pin=U3_RS422H-1
Added Pin To Net: NetName=DIG_IO_5V_B5 Pin=U3_RS422H-7
Added Pin To Net: NetName=DIG_IO_5V_C5 Pin=U3_RS422H-9
Added Pin To Net: NetName=DIG_IO_5V_D5 Pin=U3_RS422H-15
Change Net Name : Old Net Name=DIG_IO_3V3_A1 New Net Name=2A8B
Change Net Name : Old Net Name=DIG_IO_3V3_A2 New Net Name=2A4B
Change Net Name : Old Net Name=DIG_IO_3V3_A4 New Net Name=1A4B
Change Net Name : Old Net Name=DIG_IO_3V3_A5 New Net Name=2A6A
Change Net Name : Old Net Name=DIG_IO_3V3_A6 New Net Name=2A2A
Change Net Name : Old Net Name=DIG_IO_3V3_A7 New Net Name=1A6A
Change Net Name : Old Net Name=DIG_IO_3V3_A8 New Net Name=1A2A
Change Net Name : Old Net Name=DIG_IO_3V3_B1 New Net Name=2A6B
Change Net Name : Old Net Name=DIG_IO_3V3_B3 New Net Name=1A6B
Change Net Name : Old Net Name=DIG_IO_3V3_B4 New Net Name=1A2B
Change Net Name : Old Net Name=DIG_IO_3V3_B5 New Net Name=2A4A
Change Net Name : Old Net Name=DIG_IO_3V3_B6 New Net Name=1A8A
Change Net Name : Old Net Name=DIG_IO_3V3_B7 New Net Name=1A4A
Change Net Name : Old Net Name=DIG_IO_3V3_C1 New Net Name=2A5B
Change Net Name : Old Net Name=DIG_IO_3V3_C2 New Net Name=2A1B
Change Net Name : Old Net Name=DIG_IO_3V3_C3 New Net Name=1A5B
Change Net Name : Old Net Name=DIG_IO_3V3_C4 New Net Name=1A1B
Change Net Name : Old Net Name=DIG_IO_3V3_C5 New Net Name=2A3A
Change Net Name : Old Net Name=DIG_IO_3V3_C6 New Net Name=1A7A
Change Net Name : Old Net Name=DIG_IO_3V3_C7 New Net Name=1A3A
Change Net Name : Old Net Name=DIG_IO_3V3_C8 New Net Name=1A1A
Change Net Name : Old Net Name=DIG_IO_3V3_D1 New Net Name=2A7B
Change Net Name : Old Net Name=DIG_IO_3V3_D2 New Net Name=2A3B
Change Net Name : Old Net Name=DIG_IO_3V3_D3 New Net Name=1A7B
Change Net Name : Old Net Name=DIG_IO_3V3_D4 New Net Name=1A3B
Change Net Name : Old Net Name=DIG_IO_3V3_D5 New Net Name=2A5A
Change Net Name : Old Net Name=DIG_IO_3V3_D6 New Net Name=2A1A
Change Net Name : Old Net Name=DIG_IO_3V3_D7 New Net Name=1A5A
Added Pin To Net: NetName=1A8B Pin=R9-1
Added Pin To Net: NetName=1A8B Pin=U1_LS5V_B-37
Added Pin To Net: NetName=1A8B Pin=X1-31
Added Net: Name=1A8B
Added Pin To Net: NetName=2A2B Pin=R9-7
Added Pin To Net: NetName=2A2B Pin=U1_LS5V_B-35
Added Pin To Net: NetName=2A2B Pin=X1-27
Added Net: Name=2A2B
Added Pin To Net: NetName=DIG_IO_3V3_A1 Pin=U4_RS422_recA-3
Added Net: Name=DIG_IO_3V3_A1
Added Pin To Net: NetName=DIG_IO_3V3_A2 Pin=U4_RS422_recB-3
Added Net: Name=DIG_IO_3V3_A2
Added Pin To Net: NetName=DIG_IO_3V3_A4 Pin=U4_RS422_recD-3
Added Net: Name=DIG_IO_3V3_A4
Added Pin To Net: NetName=DIG_IO_3V3_A5 Pin=U4_RS422_recE-3
Added Net: Name=DIG_IO_3V3_A5
Added Pin To Net: NetName=DIG_IO_3V3_A6 Pin=U4_RS422_recF-3
Added Net: Name=DIG_IO_3V3_A6
Added Pin To Net: NetName=DIG_IO_3V3_A7 Pin=U4_RS422_recG-3
Added Net: Name=DIG_IO_3V3_A7
Added Pin To Net: NetName=DIG_IO_3V3_A8 Pin=U4_RS422_rec_H-3
Added Net: Name=DIG_IO_3V3_A8
Added Pin To Net: NetName=DIG_IO_3V3_B1 Pin=U4_RS422_recA-5
Added Net: Name=DIG_IO_3V3_B1
Added Pin To Net: NetName=DIG_IO_3V3_B3 Pin=U4_RS422_recC-5
Added Net: Name=DIG_IO_3V3_B3
Added Pin To Net: NetName=DIG_IO_3V3_B4 Pin=U4_RS422_recD-5
Added Net: Name=DIG_IO_3V3_B4
Added Pin To Net: NetName=DIG_IO_3V3_B5 Pin=U4_RS422_recE-5
Added Net: Name=DIG_IO_3V3_B5
Added Pin To Net: NetName=DIG_IO_3V3_B6 Pin=U4_RS422_recF-5
Added Net: Name=DIG_IO_3V3_B6
Added Pin To Net: NetName=DIG_IO_3V3_B7 Pin=U4_RS422_recG-5
Added Net: Name=DIG_IO_3V3_B7
Added Pin To Net: NetName=DIG_IO_3V3_C1 Pin=U4_RS422_recA-11
Added Net: Name=DIG_IO_3V3_C1
Added Pin To Net: NetName=DIG_IO_3V3_C2 Pin=U4_RS422_recB-11
Added Net: Name=DIG_IO_3V3_C2
Added Pin To Net: NetName=DIG_IO_3V3_C3 Pin=U4_RS422_recC-11
Added Net: Name=DIG_IO_3V3_C3
Added Pin To Net: NetName=DIG_IO_3V3_C4 Pin=U4_RS422_recD-11
Added Net: Name=DIG_IO_3V3_C4
Added Pin To Net: NetName=DIG_IO_3V3_C5 Pin=U4_RS422_recE-11
Added Net: Name=DIG_IO_3V3_C5
Added Pin To Net: NetName=DIG_IO_3V3_C6 Pin=U4_RS422_recF-11
Added Net: Name=DIG_IO_3V3_C6
Added Pin To Net: NetName=DIG_IO_3V3_C7 Pin=U4_RS422_recG-11
Added Net: Name=DIG_IO_3V3_C7
Added Pin To Net: NetName=DIG_IO_3V3_C8 Pin=U4_RS422_rec_H-5
Added Net: Name=DIG_IO_3V3_C8
Added Pin To Net: NetName=DIG_IO_3V3_D1 Pin=U4_RS422_recA-13
Added Net: Name=DIG_IO_3V3_D1
Added Pin To Net: NetName=DIG_IO_3V3_D2 Pin=U4_RS422_recB-13
Added Net: Name=DIG_IO_3V3_D2
Added Pin To Net: NetName=DIG_IO_3V3_D3 Pin=U4_RS422_recC-13
Added Net: Name=DIG_IO_3V3_D3
Added Pin To Net: NetName=DIG_IO_3V3_D4 Pin=U4_RS422_recD-13
Added Net: Name=DIG_IO_3V3_D4
Added Pin To Net: NetName=DIG_IO_3V3_D5 Pin=U4_RS422_recE-13
Added Net: Name=DIG_IO_3V3_D5
Added Pin To Net: NetName=DIG_IO_3V3_D6 Pin=U4_RS422_recF-13
Added Net: Name=DIG_IO_3V3_D6
Added Pin To Net: NetName=DIG_IO_3V3_D7 Pin=U4_RS422_recG-13
Added Net: Name=DIG_IO_3V3_D7
