Added Differential Pair: Name=DIG_I_DIFF_A1
Added Differential Pair: Name=DIG_I_DIFF_A2
Added Differential Pair: Name=DIG_I_DIFF_A3
Added Differential Pair: Name=DIG_I_DIFF_A4
Added Differential Pair: Name=DIG_I_DIFF_A5
Added Differential Pair: Name=DIG_I_DIFF_A6
Added Differential Pair: Name=DIG_I_DIFF_A7
Added Differential Pair: Name=DIG_I_DIFF_A8
Added Differential Pair: Name=DIG_I_DIFF_B1
Added Differential Pair: Name=DIG_I_DIFF_B2
Added Differential Pair: Name=DIG_I_DIFF_B3
Added Differential Pair: Name=DIG_I_DIFF_B4
Added Differential Pair: Name=DIG_I_DIFF_B5
Added Differential Pair: Name=DIG_I_DIFF_B6
Added Differential Pair: Name=DIG_I_DIFF_B7
Added Differential Pair: Name=DIG_I_DIFF_B8
Added Differential Pair: Name=DIG_I_DIFF_C1
Added Differential Pair: Name=DIG_I_DIFF_C2
Added Differential Pair: Name=DIG_I_DIFF_C3
Added Differential Pair: Name=DIG_I_DIFF_C4
Added Differential Pair: Name=DIG_I_DIFF_C5
Added Differential Pair: Name=DIG_I_DIFF_C6
Added Differential Pair: Name=DIG_I_DIFF_C7
Added Differential Pair: Name=DIG_I_DIFF_D1
Added Differential Pair: Name=DIG_I_DIFF_D2
Added Differential Pair: Name=DIG_I_DIFF_D3
Added Differential Pair: Name=DIG_I_DIFF_D4
Added Differential Pair: Name=DIG_I_DIFF_D5
Added Differential Pair: Name=DIG_I_DIFF_D6
Added Differential Pair: Name=DIG_I_DIFF_D7
Added Differential Pair: Name=DIG_IO1
Added Differential Pair: Name=DIG_IO2
Added Differential Pair: Name=DIG_IO3
Added Differential Pair: Name=DIG_IO4
Added Differential Pair: Name=DIG_IO5
Added Differential Pair: Name=DIG_IO6
Added Differential Pair: Name=DIG_IO7
Added Differential Pair: Name=DIG_IO8
Added Differential Pair: Name=DIG_IO9
Added Differential Pair: Name=DIG_IO10
Added Differential Pair: Name=DIG_IO11
Added Differential Pair: Name=DIG_IO12
Added Differential Pair: Name=DIG_IO13
Added Differential Pair: Name=DIG_IO14
Added Differential Pair: Name=DIG_IO15
Added Differential Pair: Name=DIG_IO16
Added Differential Pair: Name=DIG_IO17
Added Differential Pair: Name=DIG_IO18
Added Differential Pair: Name=DIG_IO19
Added Differential Pair: Name=DIG_IO20
Added Differential Pair: Name=DIG_IO21
Added Differential Pair: Name=DIG_IO22
Added Differential Pair: Name=DIG_IO23
Added Differential Pair: Name=DIG_IO24
Added Differential Pair: Name=DIG_IO25
Added Differential Pair: Name=DIG_IO26
Added Differential Pair: Name=DIG_IO27
Added Differential Pair: Name=DIG_IO28
Added Differential Pair: Name=DIG_IO29
Added Differential Pair: Name=DIG_IO30
Added Differential Pair: Name=DIG_O_DIFF_B8
