Removed Pin From Net: NetName=GND Pin=C1-2
Removed Pin From Net: NetName=GND Pin=C2-2
Removed Pin From Net: NetName=GND Pin=C3-1
Removed Pin From Net: NetName=GND Pin=C4-1
Removed Pin From Net: NetName=GND Pin=C5-1
Removed Pin From Net: NetName=GND Pin=C6-1
Removed Pin From Net: NetName=GND Pin=U1-2
Removed Member From Class: ClassName=DIG_IO_[1..30] Member=DIG_IO_01
Removed Member From Class: ClassName=DIG_IO_[1..30] Member=DIG_IO_02
Removed Member From Class: ClassName=DIG_IO_[1..30] Member=DIG_IO_03
Removed Member From Class: ClassName=DIG_IO_[1..30] Member=DIG_IO_04
Removed Member From Class: ClassName=DIG_IO_[1..30] Member=DIG_IO_05
Removed Member From Class: ClassName=DIG_IO_[1..30] Member=DIG_IO_06
Removed Member From Class: ClassName=DIG_IO_[1..30] Member=DIG_IO_07
Removed Member From Class: ClassName=DIG_IO_[1..30] Member=DIG_IO_08
Removed Member From Class: ClassName=DIG_IO_[1..30] Member=DIG_IO_09
Removed Member From Class: ClassName=DIG_Res_[1..7] Member=DIG_Res_01
Removed Member From Class: ClassName=DIG_Res_[1..7] Member=DIG_Res_02
Removed Member From Class: ClassName=DIG_Res_[1..7] Member=DIG_Res_03
Removed Member From Class: ClassName=DIG_Res_[1..7] Member=DIG_Res_04
Removed Member From Class: ClassName=DIG_Res_[1..7] Member=DIG_Res_05
Removed Member From Class: ClassName=DIG_Res_[1..7] Member=DIG_Res_06
Removed Member From Class: ClassName=DIG_Res_[1..7] Member=DIG_Res_07
Added Component: Designator=C1(CAPC1608X95X40NL15T15)
Add component. Clean all parameters for all variants
Add component (AddParameter): Name = "Created"; Value = "2019-12-08_Thilo_Wendt"; VariantName = "[No Variations]"
Add component (AddParameter): Name = "HelpURL"; Value = ""; VariantName = "[No Variations]"
Add component (AddParameter): Name = "Manufacturer1"; Value = "KEMET"; VariantName = "[No Variations]"
Add component (AddParameter): Name = "MaxCap"; Value = "100n"; VariantName = "[No Variations]"
Add component (AddParameter): Name = "MaxVoltage"; Value = "100"; VariantName = "[No Variations]"
Add component (AddParameter): Name = "MinCap"; Value = "10p"; VariantName = "[No Variations]"
Add component (AddParameter): Name = "MPN1"; Value = "C<pkg[inch]><2d cap [pf] + #zeros><ToleranceSym><VoltageSym>RACTU"; VariantName = "[No Variations]"
Add component (AddParameter): Name = "Package"; Value = "CurrentFootprint"; VariantName = "[No Variations]"
Add component (AddParameter): Name = "Parameter1"; Value = "5"; VariantName = "[No Variations]"
Add component (AddParameter): Name = "Parameter1Desc"; Value = "Voltage Symbol"; VariantName = "[No Variations]"
Add component (AddParameter): Name = "Parameter2"; Value = "J"; VariantName = "[No Variations]"
Add component (AddParameter): Name = "Parameter2Desc"; Value = "Tolerance Symbol"; VariantName = "[No Variations]"
Add component (AddParameter): Name = "Parameter3"; Value = ""; VariantName = "[No Variations]"
Add component (AddParameter): Name = "Parameter3Desc"; Value = ""; VariantName = "[No Variations]"
Add component (AddParameter): Name = "Supplier1"; Value = "https://de.farnell.com/w/c/passive-bauelemente/kondensatoren/keramikkondensatoren/keramik-vielschichtkondensatoren-mlcc-smd?brand=kemet&kapazitatstoleranz=posneg-10pc&dielektrikum=x7r"; VariantName = "[No Variations]"
Add component (AddParameter): Name = "Value"; Value = "100n"; VariantName = "[No Variations]"
Added Component: Designator=C2(CAPC1608X95X40NL15T15)
Add component. Clean all parameters for all variants
Add component (AddParameter): Name = "Created"; Value = "2019-12-08_Thilo_Wendt"; VariantName = "[No Variations]"
Add component (AddParameter): Name = "HelpURL"; Value = ""; VariantName = "[No Variations]"
Add component (AddParameter): Name = "Manufacturer1"; Value = "KEMET"; VariantName = "[No Variations]"
Add component (AddParameter): Name = "MaxCap"; Value = "100n"; VariantName = "[No Variations]"
Add component (AddParameter): Name = "MaxVoltage"; Value = "100"; VariantName = "[No Variations]"
Add component (AddParameter): Name = "MinCap"; Value = "10p"; VariantName = "[No Variations]"
Add component (AddParameter): Name = "MPN1"; Value = "C<pkg[inch]><2d cap [pf] + #zeros><ToleranceSym><VoltageSym>RACTU"; VariantName = "[No Variations]"
Add component (AddParameter): Name = "Package"; Value = "CurrentFootprint"; VariantName = "[No Variations]"
Add component (AddParameter): Name = "Parameter1"; Value = "5"; VariantName = "[No Variations]"
Add component (AddParameter): Name = "Parameter1Desc"; Value = "Voltage Symbol"; VariantName = "[No Variations]"
Add component (AddParameter): Name = "Parameter2"; Value = "J"; VariantName = "[No Variations]"
Add component (AddParameter): Name = "Parameter2Desc"; Value = "Tolerance Symbol"; VariantName = "[No Variations]"
Add component (AddParameter): Name = "Parameter3"; Value = ""; VariantName = "[No Variations]"
Add component (AddParameter): Name = "Parameter3Desc"; Value = ""; VariantName = "[No Variations]"
Add component (AddParameter): Name = "Supplier1"; Value = "https://de.farnell.com/w/c/passive-bauelemente/kondensatoren/keramikkondensatoren/keramik-vielschichtkondensatoren-mlcc-smd?brand=kemet&kapazitatstoleranz=posneg-10pc&dielektrikum=x7r"; VariantName = "[No Variations]"
Add component (AddParameter): Name = "Value"; Value = "100n"; VariantName = "[No Variations]"
Added Component: Designator=C3(CAPC1608X95X40NL15T15)
Add component. Clean all parameters for all variants
Add component (AddParameter): Name = "Created"; Value = "2019-12-08_Thilo_Wendt"; VariantName = "[No Variations]"
Add component (AddParameter): Name = "HelpURL"; Value = ""; VariantName = "[No Variations]"
Add component (AddParameter): Name = "Manufacturer1"; Value = "KEMET"; VariantName = "[No Variations]"
Add component (AddParameter): Name = "MaxCap"; Value = "100n"; VariantName = "[No Variations]"
Add component (AddParameter): Name = "MaxVoltage"; Value = "100"; VariantName = "[No Variations]"
Add component (AddParameter): Name = "MinCap"; Value = "10p"; VariantName = "[No Variations]"
Add component (AddParameter): Name = "MPN1"; Value = "C<pkg[inch]><2d cap [pf] + #zeros><ToleranceSym><VoltageSym>RACTU"; VariantName = "[No Variations]"
Add component (AddParameter): Name = "Package"; Value = "CurrentFootprint"; VariantName = "[No Variations]"
Add component (AddParameter): Name = "Parameter1"; Value = "5"; VariantName = "[No Variations]"
Add component (AddParameter): Name = "Parameter1Desc"; Value = "Voltage Symbol"; VariantName = "[No Variations]"
Add component (AddParameter): Name = "Parameter2"; Value = "J"; VariantName = "[No Variations]"
Add component (AddParameter): Name = "Parameter2Desc"; Value = "Tolerance Symbol"; VariantName = "[No Variations]"
Add component (AddParameter): Name = "Parameter3"; Value = ""; VariantName = "[No Variations]"
Add component (AddParameter): Name = "Parameter3Desc"; Value = ""; VariantName = "[No Variations]"
Add component (AddParameter): Name = "Supplier1"; Value = "https://de.farnell.com/w/c/passive-bauelemente/kondensatoren/keramikkondensatoren/keramik-vielschichtkondensatoren-mlcc-smd?brand=kemet&kapazitatstoleranz=posneg-10pc&dielektrikum=x7r"; VariantName = "[No Variations]"
Add component (AddParameter): Name = "Value"; Value = "100n"; VariantName = "[No Variations]"
Added Component: Designator=C4(CAPC1608X95X40NL15T15)
Add component. Clean all parameters for all variants
Add component (AddParameter): Name = "Created"; Value = "2019-12-08_Thilo_Wendt"; VariantName = "[No Variations]"
Add component (AddParameter): Name = "HelpURL"; Value = ""; VariantName = "[No Variations]"
Add component (AddParameter): Name = "Manufacturer1"; Value = "KEMET"; VariantName = "[No Variations]"
Add component (AddParameter): Name = "MaxCap"; Value = "100n"; VariantName = "[No Variations]"
Add component (AddParameter): Name = "MaxVoltage"; Value = "100"; VariantName = "[No Variations]"
Add component (AddParameter): Name = "MinCap"; Value = "10p"; VariantName = "[No Variations]"
Add component (AddParameter): Name = "MPN1"; Value = "C<pkg[inch]><2d cap [pf] + #zeros><ToleranceSym><VoltageSym>RACTU"; VariantName = "[No Variations]"
Add component (AddParameter): Name = "Package"; Value = "CurrentFootprint"; VariantName = "[No Variations]"
Add component (AddParameter): Name = "Parameter1"; Value = "5"; VariantName = "[No Variations]"
Add component (AddParameter): Name = "Parameter1Desc"; Value = "Voltage Symbol"; VariantName = "[No Variations]"
Add component (AddParameter): Name = "Parameter2"; Value = "J"; VariantName = "[No Variations]"
Add component (AddParameter): Name = "Parameter2Desc"; Value = "Tolerance Symbol"; VariantName = "[No Variations]"
Add component (AddParameter): Name = "Parameter3"; Value = ""; VariantName = "[No Variations]"
Add component (AddParameter): Name = "Parameter3Desc"; Value = ""; VariantName = "[No Variations]"
Add component (AddParameter): Name = "Supplier1"; Value = "https://de.farnell.com/w/c/passive-bauelemente/kondensatoren/keramikkondensatoren/keramik-vielschichtkondensatoren-mlcc-smd?brand=kemet&kapazitatstoleranz=posneg-10pc&dielektrikum=x7r"; VariantName = "[No Variations]"
Add component (AddParameter): Name = "Value"; Value = "100n"; VariantName = "[No Variations]"
Added Component: Designator=R1(RESC1608X55X30NL15T15)
Add component. Clean all parameters for all variants
Add component (AddParameter): Name = "Created"; Value = "2019-12-08_Thilo_Wendt"; VariantName = "[No Variations]"
Add component (AddParameter): Name = "HelpURL"; Value = "https://www.mouser.de/datasheet/2/315/AOA0000C334-1314047.pdf"; VariantName = "[No Variations]"
Add component (AddParameter): Name = "Manufacturer1"; Value = "Panasonic"; VariantName = "[No Variations]"
Add component (AddParameter): Name = "MaxVoltage"; Value = "100"; VariantName = "[No Variations]"
Add component (AddParameter): Name = "MPN1"; Value = "ERJU<pkg><tol><val><pkg_meth>"; VariantName = "[No Variations]"
Add component (AddParameter): Name = "Package"; Value = "CurrentFootprint"; VariantName = "[No Variations]"
Add component (AddParameter): Name = "Parameter1"; Value = "V"; VariantName = "[No Variations]"
Add component (AddParameter): Name = "Parameter1Desc"; Value = "Package Method"; VariantName = "[No Variations]"
Add component (AddParameter): Name = "Parameter2"; Value = "F"; VariantName = "[No Variations]"
Add component (AddParameter): Name = "Parameter2Desc"; Value = "Tolerance Symbol"; VariantName = "[No Variations]"
Add component (AddParameter): Name = "Parameter3"; Value = ""; VariantName = "[No Variations]"
Add component (AddParameter): Name = "Parameter3Desc"; Value = ""; VariantName = "[No Variations]"
Add component (AddParameter): Name = "Supplier1"; Value = "https://de.farnell.com/w/search?qualifizierungsstandard-der-automobilindustrie=aec-q200&range=inc-in-stock&st=erju"; VariantName = "[No Variations]"
Add component (AddParameter): Name = "Value"; Value = "10k"; VariantName = "[No Variations]"
Added Component: Designator=R2(RESC1608X55X30NL15T15)
Add component. Clean all parameters for all variants
Add component (AddParameter): Name = "Created"; Value = "2019-12-08_Thilo_Wendt"; VariantName = "[No Variations]"
Add component (AddParameter): Name = "HelpURL"; Value = "https://www.mouser.de/datasheet/2/315/AOA0000C334-1314047.pdf"; VariantName = "[No Variations]"
Add component (AddParameter): Name = "Manufacturer1"; Value = "Panasonic"; VariantName = "[No Variations]"
Add component (AddParameter): Name = "MaxVoltage"; Value = "100"; VariantName = "[No Variations]"
Add component (AddParameter): Name = "MPN1"; Value = "ERJU<pkg><tol><val><pkg_meth>"; VariantName = "[No Variations]"
Add component (AddParameter): Name = "Package"; Value = "CurrentFootprint"; VariantName = "[No Variations]"
Add component (AddParameter): Name = "Parameter1"; Value = "V"; VariantName = "[No Variations]"
Add component (AddParameter): Name = "Parameter1Desc"; Value = "Package Method"; VariantName = "[No Variations]"
Add component (AddParameter): Name = "Parameter2"; Value = "F"; VariantName = "[No Variations]"
Add component (AddParameter): Name = "Parameter2Desc"; Value = "Tolerance Symbol"; VariantName = "[No Variations]"
Add component (AddParameter): Name = "Parameter3"; Value = ""; VariantName = "[No Variations]"
Add component (AddParameter): Name = "Parameter3Desc"; Value = ""; VariantName = "[No Variations]"
Add component (AddParameter): Name = "Supplier1"; Value = "https://de.farnell.com/w/search?qualifizierungsstandard-der-automobilindustrie=aec-q200&range=inc-in-stock&st=erju"; VariantName = "[No Variations]"
Add component (AddParameter): Name = "Value"; Value = "10k"; VariantName = "[No Variations]"
Added Component: Designator=R3(RESC1608X55X30NL15T15)
Add component. Clean all parameters for all variants
Add component (AddParameter): Name = "Created"; Value = "2019-12-08_Thilo_Wendt"; VariantName = "[No Variations]"
Add component (AddParameter): Name = "HelpURL"; Value = "https://www.mouser.de/datasheet/2/315/AOA0000C334-1314047.pdf"; VariantName = "[No Variations]"
Add component (AddParameter): Name = "Manufacturer1"; Value = "Panasonic"; VariantName = "[No Variations]"
Add component (AddParameter): Name = "MaxVoltage"; Value = "100"; VariantName = "[No Variations]"
Add component (AddParameter): Name = "MPN1"; Value = "ERJU<pkg><tol><val><pkg_meth>"; VariantName = "[No Variations]"
Add component (AddParameter): Name = "Package"; Value = "CurrentFootprint"; VariantName = "[No Variations]"
Add component (AddParameter): Name = "Parameter1"; Value = "V"; VariantName = "[No Variations]"
Add component (AddParameter): Name = "Parameter1Desc"; Value = "Package Method"; VariantName = "[No Variations]"
Add component (AddParameter): Name = "Parameter2"; Value = "F"; VariantName = "[No Variations]"
Add component (AddParameter): Name = "Parameter2Desc"; Value = "Tolerance Symbol"; VariantName = "[No Variations]"
Add component (AddParameter): Name = "Parameter3"; Value = ""; VariantName = "[No Variations]"
Add component (AddParameter): Name = "Parameter3Desc"; Value = ""; VariantName = "[No Variations]"
Add component (AddParameter): Name = "Supplier1"; Value = "https://de.farnell.com/w/search?qualifizierungsstandard-der-automobilindustrie=aec-q200&range=inc-in-stock&st=erju"; VariantName = "[No Variations]"
Add component (AddParameter): Name = "Value"; Value = "10k"; VariantName = "[No Variations]"
Added Component: Designator=R4(RESC1608X55X30NL15T15)
Add component. Clean all parameters for all variants
Add component (AddParameter): Name = "Created"; Value = "2019-12-08_Thilo_Wendt"; VariantName = "[No Variations]"
Add component (AddParameter): Name = "HelpURL"; Value = "https://www.mouser.de/datasheet/2/315/AOA0000C334-1314047.pdf"; VariantName = "[No Variations]"
Add component (AddParameter): Name = "Manufacturer1"; Value = "Panasonic"; VariantName = "[No Variations]"
Add component (AddParameter): Name = "MaxVoltage"; Value = "100"; VariantName = "[No Variations]"
Add component (AddParameter): Name = "MPN1"; Value = "ERJU<pkg><tol><val><pkg_meth>"; VariantName = "[No Variations]"
Add component (AddParameter): Name = "Package"; Value = "CurrentFootprint"; VariantName = "[No Variations]"
Add component (AddParameter): Name = "Parameter1"; Value = "V"; VariantName = "[No Variations]"
Add component (AddParameter): Name = "Parameter1Desc"; Value = "Package Method"; VariantName = "[No Variations]"
Add component (AddParameter): Name = "Parameter2"; Value = "F"; VariantName = "[No Variations]"
Add component (AddParameter): Name = "Parameter2Desc"; Value = "Tolerance Symbol"; VariantName = "[No Variations]"
Add component (AddParameter): Name = "Parameter3"; Value = ""; VariantName = "[No Variations]"
Add component (AddParameter): Name = "Parameter3Desc"; Value = ""; VariantName = "[No Variations]"
Add component (AddParameter): Name = "Supplier1"; Value = "https://de.farnell.com/w/search?qualifizierungsstandard-der-automobilindustrie=aec-q200&range=inc-in-stock&st=erju"; VariantName = "[No Variations]"
Add component (AddParameter): Name = "Value"; Value = "10k"; VariantName = "[No Variations]"
Added Component: Designator=U1(TI_DL-R-PDSO-G48_N)
Add component. Clean all parameters for all variants
Add component (AddParameter): Name = "Created"; Value = "2019-12-11_Thilo_Wendt"; VariantName = "[No Variations]"
Add component (AddParameter): Name = "HelpURL"; Value = "http://www.ti.com/lit/gpn/sn74lvch16t245"; VariantName = "[No Variations]"
Add component (AddParameter): Name = "Manufacturer1"; Value = "Texas Instruments"; VariantName = "[No Variations]"
Add component (AddParameter): Name = "Max Voltage"; Value = "5.5"; VariantName = "[No Variations]"
Add component (AddParameter): Name = "MPN1"; Value = "SN74LVCH16T245DL"; VariantName = "[No Variations]"
Add component (AddParameter): Name = "Package"; Value = "CurrentFootprint"; VariantName = "[No Variations]"
Add component (AddParameter): Name = "SPN1"; Value = "595-SN74LVCH16T245GR"; VariantName = "[No Variations]"
Add component (AddParameter): Name = "SPN2"; Value = "8143916P"; VariantName = "[No Variations]"
Add component (AddParameter): Name = "Supplier1"; Value = "https://www.mouser.com/Search/Refine.aspx?Keyword=595-SN74LVCH16T245GR"; VariantName = "[No Variations]"
Add component (AddParameter): Name = "Supplier2"; Value = "http://uk.rs-online.com/web/p/products/8143916P"; VariantName = "[No Variations]"
Add component (AddParameter): Name = "Value"; Value = "SN74LVCH16T245DL"; VariantName = "[No Variations]"
Added Pin To Net: NetName=GND Pin=C1-1
Added Pin To Net: NetName=GND Pin=C3-2
Added Pin To Net: NetName=GND Pin=C4-2
Added Pin To Net: NetName=GND Pin=U1-1
Change Net Name : Old Net Name=DIG_IO_01 New Net Name=DIG_IO_1
Change Net Name : Old Net Name=DIG_IO_02 New Net Name=DIG_IO_2
Change Net Name : Old Net Name=DIG_IO_03 New Net Name=DIG_IO_3
Change Net Name : Old Net Name=DIG_IO_04 New Net Name=DIG_IO_4
Change Net Name : Old Net Name=DIG_IO_05 New Net Name=DIG_IO_5
Change Net Name : Old Net Name=DIG_IO_06 New Net Name=DIG_IO_6
Change Net Name : Old Net Name=DIG_IO_07 New Net Name=DIG_IO_7
Change Net Name : Old Net Name=DIG_IO_08 New Net Name=DIG_IO_8
Change Net Name : Old Net Name=DIG_IO_09 New Net Name=DIG_IO_9
Change Net Name : Old Net Name=DIG_Res_01 New Net Name=DIG_Res_1
Change Net Name : Old Net Name=DIG_Res_02 New Net Name=DIG_Res_2
Change Net Name : Old Net Name=DIG_Res_03 New Net Name=DIG_Res_3
Change Net Name : Old Net Name=DIG_Res_04 New Net Name=DIG_Res_4
Change Net Name : Old Net Name=DIG_Res_05 New Net Name=DIG_Res_5
Change Net Name : Old Net Name=DIG_Res_06 New Net Name=DIG_Res_6
Change Net Name : Old Net Name=DIG_Res_07 New Net Name=DIG_Res_7
Change Net Name : Old Net Name=GND New Net Name==VinName
Added Pin To Net: NetName=1DIR Pin=C1-1
Added Pin To Net: NetName=1DIR Pin=C3-1
Added Pin To Net: NetName=1DIR Pin=R4-2
Added Pin To Net: NetName=1DIR Pin=U1-7
Added Pin To Net: NetName=1DIR Pin=U1-18
Added Pin To Net: NetName=1DIR Pin=X1-11
Added Pin To Net: NetName=1DIR Pin=X1-12
Added Net: Name=1DIR
Added Pin To Net: NetName=1O\E\ Pin=R1-1
Added Pin To Net: NetName=1O\E\ Pin=R3-2
Added Net: Name=1O\E\
Added Pin To Net: NetName=2DIR Pin=C2-2
Added Pin To Net: NetName=2DIR Pin=C4-2
Added Pin To Net: NetName=2DIR Pin=R2-1
Added Pin To Net: NetName=2DIR Pin=U1-31
Added Pin To Net: NetName=2DIR Pin=U1-42
Added Pin To Net: NetName=2DIR Pin=X1-7
Added Pin To Net: NetName=2DIR Pin=X1-8
Added Net: Name=2DIR
Added Pin To Net: NetName==GndName Pin=C1-2
Added Pin To Net: NetName==GndName Pin=C2-2
Added Pin To Net: NetName==GndName Pin=C3-1
Added Pin To Net: NetName==GndName Pin=C4-1
Added Pin To Net: NetName==GndName Pin=C5-1
Added Pin To Net: NetName==GndName Pin=C6-1
Added Pin To Net: NetName==GndName Pin=U1-2
Added Pin To Net: NetName==GndName Pin=X1-3
Added Pin To Net: NetName==GndName Pin=X1-4
Added Net: Name==GndName
Added Pin To Net: NetName=A1 Pin=U1-47
Added Net: Name=A1
Added Pin To Net: NetName=A2 Pin=U1-46
Added Net: Name=A2
Added Pin To Net: NetName=A3 Pin=U1-44
Added Net: Name=A3
Added Pin To Net: NetName=A4 Pin=U1-43
Added Net: Name=A4
Added Pin To Net: NetName=A5 Pin=U1-41
Added Net: Name=A5
Added Pin To Net: NetName=A6 Pin=U1-40
Added Net: Name=A6
Added Pin To Net: NetName=A7 Pin=U1-38
Added Net: Name=A7
Added Pin To Net: NetName=A8 Pin=U1-37
Added Net: Name=A8
Added Pin To Net: NetName=A9 Pin=U1-36
Added Net: Name=A9
Added Pin To Net: NetName=A10 Pin=U1-35
Added Net: Name=A10
Added Pin To Net: NetName=A11 Pin=U1-33
Added Net: Name=A11
Added Pin To Net: NetName=A12 Pin=U1-32
Added Net: Name=A12
Added Pin To Net: NetName=A13 Pin=U1-30
Added Net: Name=A13
Added Pin To Net: NetName=A14 Pin=U1-29
Added Net: Name=A14
Added Pin To Net: NetName=A15 Pin=U1-27
Added Net: Name=A15
Added Pin To Net: NetName=A16 Pin=U1-26
Added Net: Name=A16
Added Pin To Net: NetName=B1 Pin=U1-2
Added Net: Name=B1
Added Pin To Net: NetName=B2 Pin=U1-3
Added Net: Name=B2
Added Pin To Net: NetName=B3 Pin=U1-5
Added Net: Name=B3
Added Pin To Net: NetName=B4 Pin=U1-6
Added Net: Name=B4
Added Pin To Net: NetName=B5 Pin=U1-8
Added Net: Name=B5
Added Pin To Net: NetName=B6 Pin=U1-9
Added Net: Name=B6
Added Pin To Net: NetName=B7 Pin=U1-11
Added Net: Name=B7
Added Pin To Net: NetName=B8 Pin=U1-12
Added Net: Name=B8
Added Pin To Net: NetName=B9 Pin=U1-13
Added Net: Name=B9
Added Pin To Net: NetName=B10 Pin=U1-14
Added Net: Name=B10
Added Pin To Net: NetName=B11 Pin=U1-16
Added Net: Name=B11
Added Pin To Net: NetName=B12 Pin=U1-17
Added Net: Name=B12
Added Pin To Net: NetName=B13 Pin=U1-19
Added Net: Name=B13
Added Pin To Net: NetName=B14 Pin=U1-20
Added Net: Name=B14
Added Pin To Net: NetName=B15 Pin=U1-22
Added Net: Name=B15
Added Pin To Net: NetName=B16 Pin=U1-23
Added Net: Name=B16
Added Pin To Net: NetName=GND Pin=C1-2
Added Pin To Net: NetName=GND Pin=C2-1
Added Pin To Net: NetName=GND Pin=C3-2
Added Pin To Net: NetName=GND Pin=C4-1
Added Pin To Net: NetName=GND Pin=U1-4
Added Pin To Net: NetName=GND Pin=U1-10
Added Pin To Net: NetName=GND Pin=U1-15
Added Pin To Net: NetName=GND Pin=U1-21
Added Pin To Net: NetName=GND Pin=U1-28
Added Pin To Net: NetName=GND Pin=U1-34
Added Pin To Net: NetName=GND Pin=U1-39
Added Pin To Net: NetName=GND Pin=U1-45
Added Net: Name=GND
Added Pin To Net: NetName=NetR1_2 Pin=R1-2
Added Pin To Net: NetName=NetR1_2 Pin=U1-1
Added Net: Name=NetR1_2
Added Pin To Net: NetName=NetR2_2 Pin=R2-2
Added Pin To Net: NetName=NetR2_2 Pin=U1-48
Added Net: Name=NetR2_2
Added Pin To Net: NetName=NetR3_1 Pin=R3-1
Added Pin To Net: NetName=NetR3_1 Pin=U1-24
Added Net: Name=NetR3_1
Added Pin To Net: NetName=NetR4_1 Pin=R4-1
Added Pin To Net: NetName=NetR4_1 Pin=U1-25
Added Net: Name=NetR4_1
Added Member To Class: ClassName=PS1 Member=Component C1 ALEL SMD
Added Member To Class: ClassName=U_TI_SN74LVCH16T245 Member=Component C1 X7R SMD
Added Member To Class: ClassName=PS1 Member=Component C2 ALEL SMD
Added Member To Class: ClassName=U_TI_SN74LVCH16T245 Member=Component C2 X7R SMD
Added Member To Class: ClassName=PS1 Member=Component C3 X7R SMD
Added Member To Class: ClassName=U_TI_SN74LVCH16T245 Member=Component C3 X7R SMD
Added Member To Class: ClassName=PS1 Member=Component C4 X7R SMD
Added Member To Class: ClassName=U_TI_SN74LVCH16T245 Member=Component C4 X7R SMD
Added Member To Class: ClassName=U_TI_SN74LVCH16T245 Member=Component R1 0.1W
Added Member To Class: ClassName=X1 Member=Component R1 0.1W
Added Member To Class: ClassName=U_TI_SN74LVCH16T245 Member=Component R2 0.1W
Added Member To Class: ClassName=X1 Member=Component R2 0.1W
Added Member To Class: ClassName=U_TI_SN74LVCH16T245 Member=Component R3 0.1W
Added Member To Class: ClassName=U_TI_SN74LVCH16T245 Member=Component R4 0.1W
Added Member To Class: ClassName=PS1 Member=Component U1 R-78C15-1.0
Added Member To Class: ClassName=U_TI_SN74LVCH16T245 Member=Component U1 SN74LVCH16T245
Added Member To Class: ClassName=A[1..16] Member=Element[1]: A
Added Member To Class: ClassName=A[1..16] Member=Element[2]: A
Added Member To Class: ClassName=A[1..16] Member=Element[3]: A
Added Member To Class: ClassName=A[1..16] Member=Element[4]: A
Added Member To Class: ClassName=A[1..16] Member=Element[5]: A
Added Member To Class: ClassName=A[1..16] Member=Element[6]: A
Added Member To Class: ClassName=A[1..16] Member=Element[7]: A
Added Member To Class: ClassName=A[1..16] Member=Element[8]: A
Added Member To Class: ClassName=A[1..16] Member=Element[9]: A
Added Member To Class: ClassName=A[1..16] Member=Element[10]: A
Added Member To Class: ClassName=A[1..16] Member=Element[11]: A
Added Member To Class: ClassName=A[1..16] Member=Element[12]: A
Added Member To Class: ClassName=A[1..16] Member=Element[13]: A
Added Member To Class: ClassName=A[1..16] Member=Element[14]: A
Added Member To Class: ClassName=A[1..16] Member=Element[15]: A
Added Member To Class: ClassName=A[1..16] Member=Element[16]: A
Added Member To Class: ClassName=B[1..16] Member=Element[1]: B
Added Member To Class: ClassName=B[1..16] Member=Element[2]: B
Added Member To Class: ClassName=B[1..16] Member=Element[3]: B
Added Member To Class: ClassName=B[1..16] Member=Element[4]: B
Added Member To Class: ClassName=B[1..16] Member=Element[5]: B
Added Member To Class: ClassName=B[1..16] Member=Element[6]: B
Added Member To Class: ClassName=B[1..16] Member=Element[7]: B
Added Member To Class: ClassName=B[1..16] Member=Element[8]: B
Added Member To Class: ClassName=B[1..16] Member=Element[9]: B
Added Member To Class: ClassName=B[1..16] Member=Element[10]: B
Added Member To Class: ClassName=B[1..16] Member=Element[11]: B
Added Member To Class: ClassName=B[1..16] Member=Element[12]: B
Added Member To Class: ClassName=B[1..16] Member=Element[13]: B
Added Member To Class: ClassName=B[1..16] Member=Element[14]: B
Added Member To Class: ClassName=B[1..16] Member=Element[15]: B
Added Member To Class: ClassName=B[1..16] Member=Element[16]: B
Added Member To Class: ClassName=DIG_IO_[1..30] Member=Element[1]: DIG_IO_
Added Member To Class: ClassName=DIG_IO_[1..30] Member=Element[2]: DIG_IO_
Added Member To Class: ClassName=DIG_IO_[1..30] Member=Element[3]: DIG_IO_
Added Member To Class: ClassName=DIG_IO_[1..30] Member=Element[4]: DIG_IO_
Added Member To Class: ClassName=DIG_IO_[1..30] Member=Element[5]: DIG_IO_
Added Member To Class: ClassName=DIG_IO_[1..30] Member=Element[6]: DIG_IO_
Added Member To Class: ClassName=DIG_IO_[1..30] Member=Element[7]: DIG_IO_
Added Member To Class: ClassName=DIG_IO_[1..30] Member=Element[8]: DIG_IO_
Added Member To Class: ClassName=DIG_IO_[1..30] Member=Element[9]: DIG_IO_
Added Member To Class: ClassName=DIG_Res_[1..7] Member=Element[1]: DIG_Res_
Added Member To Class: ClassName=DIG_Res_[1..7] Member=Element[2]: DIG_Res_
Added Member To Class: ClassName=DIG_Res_[1..7] Member=Element[3]: DIG_Res_
Added Member To Class: ClassName=DIG_Res_[1..7] Member=Element[4]: DIG_Res_
Added Member To Class: ClassName=DIG_Res_[1..7] Member=Element[5]: DIG_Res_
Added Member To Class: ClassName=DIG_Res_[1..7] Member=Element[6]: DIG_Res_
Added Member To Class: ClassName=DIG_Res_[1..7] Member=Element[7]: DIG_Res_
Added Room: Name=U_TI_SN74LVCH16T245
