Change Component Designator: OldDesignator=C7 NewDesignator=C1
Change Component Designator: OldDesignator=C8 NewDesignator=C11
Change Component Designator: OldDesignator=C9 NewDesignator=C2
Change Component Designator: OldDesignator=C10 NewDesignator=C12
Change Component Designator: OldDesignator=C11 NewDesignator=C3
Change Component Designator: OldDesignator=C12 NewDesignator=C13
Change Component Designator: OldDesignator=C13 NewDesignator=C4
Change Component Designator: OldDesignator=C15 NewDesignator=C5
Change Component Designator: OldDesignator=C16 NewDesignator=C15
Change Component Designator: OldDesignator=C17 NewDesignator=C6
Change Component Designator: OldDesignator=C18 NewDesignator=C16
Change Component Designator: OldDesignator=C19 NewDesignator=C7
Change Component Designator: OldDesignator=C20 NewDesignator=C8
Change Component Designator: OldDesignator=C23 NewDesignator=C9
Change Component Designator: OldDesignator=C24 NewDesignator=C10
Change Component Designator: OldDesignator=P2 NewDesignator=P1
Change Component Designator: OldDesignator=P3 NewDesignator=P2
Change Component Designator: OldDesignator=P4 NewDesignator=P3
Change Component Designator: OldDesignator=P5 NewDesignator=P4
Change Component Designator: OldDesignator=P6 NewDesignator=P5
Change Component Designator: OldDesignator=P7 NewDesignator=P6
Change Component Designator: OldDesignator=P8 NewDesignator=P7
Change Component Designator: OldDesignator=P9 NewDesignator=P8
Change Component Designator: OldDesignator=P10 NewDesignator=P9
Change Component Designator: OldDesignator=P11 NewDesignator=P10
Change Component Designator: OldDesignator=P12 NewDesignator=P11
Change Component Designator: OldDesignator=P13 NewDesignator=P12
Change Component Designator: OldDesignator=P14 NewDesignator=P13
Change Component Designator: OldDesignator=R7 NewDesignator=R18
Change Component Designator: OldDesignator=R8 NewDesignator=R19
Change Component Designator: OldDesignator=R9 NewDesignator=R20
Change Component Designator: OldDesignator=R10 NewDesignator=R21
Change Component Designator: OldDesignator=R21 NewDesignator=R29
Change Component Designator: OldDesignator=R25A NewDesignator=R32A
Change Component Designator: OldDesignator=R25B NewDesignator=R32B
Change Component Designator: OldDesignator=R26A NewDesignator=R34A
Change Component Designator: OldDesignator=R26B NewDesignator=R34B
Change Component Designator: OldDesignator=R27A NewDesignator=R33A
Change Component Designator: OldDesignator=R27B NewDesignator=R33B
Change Component Designator: OldDesignator=R28A NewDesignator=R35A
Change Component Designator: OldDesignator=R28B NewDesignator=R35B
Change Component Designator: OldDesignator=R29A NewDesignator=R3A
Change Component Designator: OldDesignator=R29B NewDesignator=R3B
Change Component Designator: OldDesignator=R29C NewDesignator=R3C
Change Component Designator: OldDesignator=R29D NewDesignator=R3D
Change Component Designator: OldDesignator=R29E NewDesignator=R3E
Change Component Designator: OldDesignator=R30A NewDesignator=R4A
Change Component Designator: OldDesignator=R30B NewDesignator=R4B
Change Component Designator: OldDesignator=R30C NewDesignator=R4C
Change Component Designator: OldDesignator=R30D NewDesignator=R4D
Change Component Designator: OldDesignator=R30E NewDesignator=R4E
Change Component Designator: OldDesignator=R31A NewDesignator=R5A
Change Component Designator: OldDesignator=R31B NewDesignator=R5B
Change Component Designator: OldDesignator=R31C NewDesignator=R5C
Change Component Designator: OldDesignator=R31D NewDesignator=R5D
Change Component Designator: OldDesignator=R31E NewDesignator=R5E
Change Component Designator: OldDesignator=R32A NewDesignator=R6A
Change Component Designator: OldDesignator=R32B NewDesignator=R6B
Change Component Designator: OldDesignator=R32C NewDesignator=R6C
Change Component Designator: OldDesignator=R32D NewDesignator=R6D
Change Component Designator: OldDesignator=R32E NewDesignator=R6E
Change Component Designator: OldDesignator=R33A NewDesignator=R7A
Change Component Designator: OldDesignator=R33B NewDesignator=R7B
Change Component Designator: OldDesignator=R33C NewDesignator=R7C
Change Component Designator: OldDesignator=R33D NewDesignator=R7D
Change Component Designator: OldDesignator=R33E NewDesignator=R7E
Change Component Designator: OldDesignator=R34A NewDesignator=R8A
Change Component Designator: OldDesignator=R34B NewDesignator=R8B
Change Component Designator: OldDesignator=R34C NewDesignator=R8C
Change Component Designator: OldDesignator=R34D NewDesignator=R8D
Change Component Designator: OldDesignator=R34E NewDesignator=R8E
Change Component Designator: OldDesignator=R35 NewDesignator=R9
Change Component Designator: OldDesignator=R36 NewDesignator=R10
Change Component Designator: OldDesignator=R37 NewDesignator=R11
Change Component Designator: OldDesignator=R38 NewDesignator=R12
Change Component Designator: OldDesignator=R39 NewDesignator=R13
