Change Component Physical Designator: Old Designator=C2 New Designator=C3
Change Component Physical Designator: Old Designator=C3 New Designator=C4
Change Component Physical Designator: Old Designator=C4 New Designator=C2
Change Component Physical Designator: Old Designator=C5 New Designator=C6
Change Component Physical Designator: Old Designator=C6 New Designator=C5
Change Component Physical Designator: Old Designator=C7 New Designator=C1_RS422A
Change Component Physical Designator: Old Designator=C8 New Designator=C1_RS422B
Change Component Physical Designator: Old Designator=C9 New Designator=C1_RS422C
Change Component Physical Designator: Old Designator=C10 New Designator=C1_RS422D
Change Component Physical Designator: Old Designator=C11 New Designator=C1_RS422E
Change Component Physical Designator: Old Designator=C12 New Designator=C1_RS422F
Change Component Physical Designator: Old Designator=C13 New Designator=C1_RS422G
Change Component Physical Designator: Old Designator=C14 New Designator=C1_RS422H
Change Component Physical Designator: Old Designator=C15 New Designator=C1_LS15VA
Change Component Physical Designator: Old Designator=C16 New Designator=C1_LS15VB
Change Component Physical Designator: Old Designator=C17 New Designator=C1_LS15VC
Change Component Physical Designator: Old Designator=C18 New Designator=C1_LS15VD
Change Component Physical Designator: Old Designator=C19 New Designator=C1_LS15VE
Change Component Physical Designator: Old Designator=C20 New Designator=C2_LS15VA
Change Component Physical Designator: Old Designator=C21 New Designator=C2_LS15VB
Change Component Physical Designator: Old Designator=C22 New Designator=C2_LS15VC
Change Component Physical Designator: Old Designator=C23 New Designator=C2_LS15VD
Change Component Physical Designator: Old Designator=C24 New Designator=C2_LS15VE
Change Component Physical Designator: Old Designator=C25 New Designator=C3_LS5V_A
Change Component Physical Designator: Old Designator=C26 New Designator=C3_LS5V_B
Change Component Physical Designator: Old Designator=C27 New Designator=C4_LS5V_A
Change Component Physical Designator: Old Designator=C28 New Designator=C4_LS5V_B
Change Component Physical Designator: Old Designator=C29 New Designator=C1_LS5V_A
Change Component Physical Designator: Old Designator=C30 New Designator=C1_LS5V_B
Change Component Physical Designator: Old Designator=C31 New Designator=C2_LS5V_A
Change Component Physical Designator: Old Designator=C32 New Designator=C2_LS5V_B
Change Component Physical Designator: Old Designator=R1 New Designator=R2
Change Component Physical Designator: Old Designator=R2 New Designator=R1
Change Component Physical Designator: Old Designator=R3 New Designator=R2
Change Component Physical Designator: Old Designator=R4 New Designator=R3_LS5V_A
Change Component Physical Designator: Old Designator=R5 New Designator=R3_LS5V_B
Change Component Physical Designator: Old Designator=R6 New Designator=R1
Change Component Physical Designator: Old Designator=R7 New Designator=R4_LS5V_A
Change Component Physical Designator: Old Designator=R8 New Designator=R4_LS5V_B
Change Component Physical Designator: Old Designator=R9 New Designator=R1_LS5V_A
Change Component Physical Designator: Old Designator=R10 New Designator=R1_LS5V_B
Change Component Physical Designator: Old Designator=R11 New Designator=R2_LS5V_A
Change Component Physical Designator: Old Designator=R12 New Designator=R2_LS5V_B
Change Component Physical Designator: Old Designator=U2 New Designator=U1_LS15VA
Change Component Physical Designator: Old Designator=U3 New Designator=U1_LS15VB
Change Component Physical Designator: Old Designator=U4 New Designator=U1_LS15VC
Change Component Physical Designator: Old Designator=U5 New Designator=U1_LS15VD
Change Component Physical Designator: Old Designator=U6 New Designator=U1_LS15VE
Change Component Physical Designator: Old Designator=U7 New Designator=U2
Change Component Physical Designator: Old Designator=U8 New Designator=U3_RS422A
Change Component Physical Designator: Old Designator=U9 New Designator=U3_RS422B
Change Component Physical Designator: Old Designator=U10 New Designator=U3_RS422C
Change Component Physical Designator: Old Designator=U11 New Designator=U3_RS422D
Change Component Physical Designator: Old Designator=U12 New Designator=U3_RS422E
Change Component Physical Designator: Old Designator=U13 New Designator=U3_RS422F
Change Component Physical Designator: Old Designator=U14 New Designator=U3_RS422G
Change Component Physical Designator: Old Designator=U15 New Designator=U3_RS422H
Change Component Physical Designator: Old Designator=U16 New Designator=U1_LS5V_A
Change Component Physical Designator: Old Designator=U17 New Designator=U1_LS5V_B
