Removed Pin From Net: NetName==VinName Pin=C1-1
Removed Pin From Net: NetName==VinName Pin=C3-2
Removed Pin From Net: NetName==VinName Pin=C4-2
Removed Pin From Net: NetName==VinName Pin=U1-1
Change component parameters: Designator = "R1"; Footprint = "RESC1608X55X30NL15T15"; UniqueID = "\WHONMLKY\YZPUAALX"
Change component parameters. Clean all parameters for all variants
Change component parameters (AddParameter): Name = "ComponentLink1Description"; Value = "Datasheet"; VariantName = "[No Variations]"
Change component parameters (AddParameter): Name = "ComponentLink1URL"; Value = "https://www.mouser.de/datasheet/2/315/AOA0000C334-1314047.pdf"; VariantName = "[No Variations]"
Change component parameters (AddParameter): Name = "Created"; Value = "2019-12-08_Thilo_Wendt"; VariantName = "[No Variations]"
Change component parameters (AddParameter): Name = "HelpURL"; Value = "https://www.mouser.de/datasheet/2/315/AOA0000C334-1314047.pdf"; VariantName = "[No Variations]"
Change component parameters (AddParameter): Name = "Manufacturer1"; Value = "Panasonic"; VariantName = "[No Variations]"
Change component parameters (AddParameter): Name = "MaxVoltage"; Value = "100"; VariantName = "[No Variations]"
Change component parameters (AddParameter): Name = "MPN1"; Value = "ERJ-U030R00V"; VariantName = "[No Variations]"
Change component parameters (AddParameter): Name = "Package"; Value = "CurrentFootprint"; VariantName = "[No Variations]"
Change component parameters (AddParameter): Name = "Parameter1"; Value = "V"; VariantName = "[No Variations]"
Change component parameters (AddParameter): Name = "Parameter1Desc"; Value = "Package Method"; VariantName = "[No Variations]"
Change component parameters (AddParameter): Name = "Parameter2"; Value = "F"; VariantName = "[No Variations]"
Change component parameters (AddParameter): Name = "Parameter2Desc"; Value = "Tolerance Symbol"; VariantName = "[No Variations]"
Change component parameters (AddParameter): Name = "Parameter3"; Value = "U03"; VariantName = "[No Variations]"
Change component parameters (AddParameter): Name = "Parameter3Desc"; Value = "Package Symbol"; VariantName = "[No Variations]"
Change component parameters (AddParameter): Name = "Supplier1"; Value = "https://de.farnell.com/w/search?qualifizierungsstandard-der-automobilindustrie=aec-q200&range=inc-in-stock&st=erju"; VariantName = "[No Variations]"
Change component parameters (AddParameter): Name = "Value"; Value = "0"; VariantName = "[No Variations]"
Added Pin To Net: NetName==VinName Pin=C1-2
Added Pin To Net: NetName==VinName Pin=C2-2
Added Pin To Net: NetName==VinName Pin=C3-1
Added Pin To Net: NetName==VinName Pin=C4-1
Added Pin To Net: NetName==VinName Pin=C5-1
Added Pin To Net: NetName==VinName Pin=C6-1
Added Pin To Net: NetName=PILOT_OUT Pin=R1-1
Added Pin To Net: NetName=PILOT_IN Pin=R1-2
Added Pin To Net: NetName==VinName Pin=U1-2
Change Net Name : Old Net Name==VinName New Net Name==GndName
Change Net Name : Old Net Name=DIG_IO_1 New Net Name=DIG_IO_01
Change Net Name : Old Net Name=DIG_IO_2 New Net Name=DIG_IO_02
Change Net Name : Old Net Name=DIG_IO_3 New Net Name=DIG_IO_03
Change Net Name : Old Net Name=DIG_IO_4 New Net Name=DIG_IO_04
Change Net Name : Old Net Name=DIG_IO_5 New Net Name=DIG_IO_05
Change Net Name : Old Net Name=DIG_IO_6 New Net Name=DIG_IO_06
Change Net Name : Old Net Name=DIG_IO_7 New Net Name=DIG_IO_07
Change Net Name : Old Net Name=DIG_IO_8 New Net Name=DIG_IO_08
Change Net Name : Old Net Name=DIG_IO_9 New Net Name=DIG_IO_09
Change Net Name : Old Net Name=DIG_Res_1 New Net Name=DIG_Res_01
Change Net Name : Old Net Name=DIG_Res_2 New Net Name=DIG_Res_02
Change Net Name : Old Net Name=DIG_Res_3 New Net Name=DIG_Res_03
Change Net Name : Old Net Name=DIG_Res_4 New Net Name=DIG_Res_04
Change Net Name : Old Net Name=DIG_Res_5 New Net Name=DIG_Res_05
Change Net Name : Old Net Name=DIG_Res_6 New Net Name=DIG_Res_06
Change Net Name : Old Net Name=DIG_Res_7 New Net Name=DIG_Res_07
Added Pin To Net: NetName=3V3_PER Pin=X1-11
Added Pin To Net: NetName=3V3_PER Pin=X1-12
Added Net: Name=3V3_PER
Added Pin To Net: NetName=5V_PER Pin=X1-7
Added Pin To Net: NetName=5V_PER Pin=X1-8
Added Net: Name=5V_PER
Added Pin To Net: NetName==VinName Pin=C1-1
Added Pin To Net: NetName==VinName Pin=C3-2
Added Pin To Net: NetName==VinName Pin=C4-2
Added Pin To Net: NetName==VinName Pin=U1-1
Added Pin To Net: NetName==VinName Pin=X1-3
Added Pin To Net: NetName==VinName Pin=X1-4
Added Net: Name==VinName
Change Class Name : Old Net Name=X1 New Net Name=U_Digital_CarrierPlug
Change Room Name: Old Name=X1 New Name=U_Digital_CarrierPlug
Change Room Scope: Old Scope=InComponentClass('X1') New Scope=InComponentClass('U_Digital_CarrierPlug')
