Change Component Physical Designator: Old Designator=C1_LS5V_A New Designator=C29
Change Component Physical Designator: Old Designator=C1_LS5V_B New Designator=C30
Change Component Physical Designator: Old Designator=C1_LS15VA New Designator=C15
Change Component Physical Designator: Old Designator=C1_LS15VB New Designator=C16
Change Component Physical Designator: Old Designator=C1_LS15VC New Designator=C17
Change Component Physical Designator: Old Designator=C1_LS15VD New Designator=C18
Change Component Physical Designator: Old Designator=C1_LS15VE New Designator=C19
Change Component Physical Designator: Old Designator=C1_RS422A New Designator=C7
Change Component Physical Designator: Old Designator=C1_RS422B New Designator=C8
Change Component Physical Designator: Old Designator=C1_RS422C New Designator=C9
Change Component Physical Designator: Old Designator=C1_RS422D New Designator=C10
Change Component Physical Designator: Old Designator=C1_RS422E New Designator=C11
Change Component Physical Designator: Old Designator=C1_RS422F New Designator=C12
Change Component Physical Designator: Old Designator=C1_RS422G New Designator=C13
Change Component Physical Designator: Old Designator=C1_RS422H New Designator=C14
Change Component Physical Designator: Old Designator=C2 New Designator=C4
Change Component Physical Designator: Old Designator=C2_LS5V_A New Designator=C31
Change Component Physical Designator: Old Designator=C2_LS5V_B New Designator=C32
Change Component Physical Designator: Old Designator=C2_LS15VA New Designator=C20
Change Component Physical Designator: Old Designator=C2_LS15VB New Designator=C21
Change Component Physical Designator: Old Designator=C2_LS15VC New Designator=C22
Change Component Physical Designator: Old Designator=C2_LS15VD New Designator=C23
Change Component Physical Designator: Old Designator=C2_LS15VE New Designator=C24
Change Component Physical Designator: Old Designator=C3 New Designator=C2
Change Component Physical Designator: Old Designator=C3_LS5V_A New Designator=C25
Change Component Physical Designator: Old Designator=C3_LS5V_B New Designator=C26
Change Component Physical Designator: Old Designator=C4 New Designator=C3
Change Component Physical Designator: Old Designator=C4_LS5V_A New Designator=C27
Change Component Physical Designator: Old Designator=C4_LS5V_B New Designator=C28
Change Component Physical Designator: Old Designator=C5 New Designator=C6
Change Component Physical Designator: Old Designator=C6 New Designator=C5
Change Component Physical Designator: Old Designator=R1 New Designator=R2
Change Component Physical Designator: Old Designator=R1 New Designator=R6
Change Component Physical Designator: Old Designator=R1_LS5V_A New Designator=R9
Change Component Physical Designator: Old Designator=R1_LS5V_B New Designator=R10
Change Component Physical Designator: Old Designator=R2 New Designator=R1
Change Component Physical Designator: Old Designator=R2 New Designator=R3
Change Component Physical Designator: Old Designator=R2_LS5V_A New Designator=R11
Change Component Physical Designator: Old Designator=R2_LS5V_B New Designator=R12
Change Component Physical Designator: Old Designator=R3_LS5V_A New Designator=R4
Change Component Physical Designator: Old Designator=R3_LS5V_B New Designator=R5
Change Component Physical Designator: Old Designator=R4_LS5V_A New Designator=R7
Change Component Physical Designator: Old Designator=R4_LS5V_B New Designator=R8
Change Component Physical Designator: Old Designator=U1_LS5V_A New Designator=U16
Change Component Physical Designator: Old Designator=U1_LS5V_B New Designator=U17
Change Component Physical Designator: Old Designator=U1_LS15VA New Designator=U2
Change Component Physical Designator: Old Designator=U1_LS15VB New Designator=U3
Change Component Physical Designator: Old Designator=U1_LS15VC New Designator=U4
Change Component Physical Designator: Old Designator=U1_LS15VD New Designator=U5
Change Component Physical Designator: Old Designator=U1_LS15VE New Designator=U6
Change Component Physical Designator: Old Designator=U2 New Designator=U7
Change Component Physical Designator: Old Designator=U3_RS422A New Designator=U8
Change Component Physical Designator: Old Designator=U3_RS422B New Designator=U9
Change Component Physical Designator: Old Designator=U3_RS422C New Designator=U10
Change Component Physical Designator: Old Designator=U3_RS422D New Designator=U11
Change Component Physical Designator: Old Designator=U3_RS422E New Designator=U12
Change Component Physical Designator: Old Designator=U3_RS422F New Designator=U13
Change Component Physical Designator: Old Designator=U3_RS422G New Designator=U14
Change Component Physical Designator: Old Designator=U3_RS422H New Designator=U15
